2017-05-16 00:03:03.497 25746 INFO nova.osapi_compute.wsgi.server [req-a6b9779d-b384-4e84-b3d0-bac079760244 113d3a99c3da401fbd62cc2caa5b96d2 54fadb412c4e40cdbaed9335e4c35a9e - - -] 10.11.10.1 ""DELETE /v2/54fadb412c4e40cdbaed9335e4c35a9e/servers/95960536-049b-41f6-9049-05fc479b6a7c HTTP/1.1"" status: 204 len: 203 time: 0.2639730",ccf75402,"nova-api.log.1.2017-05-16_13 53 08 2017-05-16 00 03 03.497 25746 INFO nova.osapi_compute.wsgi.server [req-a6b9779d-b384-4e84-b3d0-bac079760244 113d3a99c3da401fbd62cc2caa5b96d2 54fadb412c4e40cdbaed9335e4c35a9e - - -] 10.11.10.1 ""DELETE /v2/54fadb412c4e40cdbaed9335e4c35a9e/servers/95960536-049b-41f6-9049-05fc479b6a7c HTTP/1.1"" status 204 len 203 time 0.2639730",[]
410,nova-compute.log.1.2017-05-16_13:55:31
2017-05-16 00:03:03.534 2931 INFO nova.compute.manager [req-a6b9779d-b384-4e84-b3d0-bac079760244 113d3a99c3da401fbd62cc2caa5b96d2 54fadb412c4e40cdbaed9335e4c35a9e - - -] [instance: 95960536-049b-41f6-9049-05fc479b6a7c] Terminating instance,d5ac70c4,nova-compute.log.1.2017-05-16_13 55 31 2017-05-16 00 03 03.534 2931 INFO nova.compute.manager [req-a6b9779d-b384-4e84-b3d0-bac079760244 113d3a99c3da401fbd62cc2caa5b96d2 54fadb412c4e40cdbaed9335e4c35a9e - - -] [instance 95960536-049b-41f6-9049-05fc479b6a7c] Terminating instance,[]
411,"nova-api.log.1.2017-05-16_13:53:08
2017-05-16 00:03:03.582 25779 INFO nova.metadata.wsgi.server [req-68a0fcfe-55d9-4f80-8fef-d9915932d2ef - - - - -] 10.11.21.126,10.11.10.1 ""GET /latest/meta-data/placement/ HTTP/1.1"" status: 200 len: 134 time: 0.2258282",9d7cf22f,"nova-api.log.1.2017-05-16_13 53 08 2017-05-16 00 03 03.582 25779 INFO nova.metadata.wsgi.server [req-68a0fcfe-55d9-4f80-8fef-d9915932d2ef - - - - -] 10.11.21.126 10.11.10.1 ""GET /latest/meta-data/placement/ HTTP/1.1"" status 200 len 134 time 0.2258282",[]
412,nova-compute.log.1.2017-05-16_13:55:31
2017-05-16 00:03:03.750 2931 INFO nova.virt.libvirt.driver [-] [instance: 95960536-049b-41f6-9049-05fc479b6a7c] Instance destroyed successfully.,01939a71,nova-compute.log.1.2017-05-16_13 55 31 2017-05-16 00 03 03.750 2931 INFO nova.virt.libvirt.driver [-] [instance 95960536-049b-41f6-9049-05fc479b6a7c] Instance destroyed successfully.,[]
413,"nova-api.log.1.2017-05-16_13:53:08
2017-05-16 00:03:03.767 25746 INFO nova.osapi_compute.wsgi.server [req-0f4ba393-7607-4e33-aac9-bca155244bd5 113d3a99c3da401fbd62cc2caa5b96d2 54fadb412c4e40cdbaed9335e4c35a9e - - -] 10.11.10.1 ""GET /v2/54fadb412c4e40cdbaed9335e4c35a9e/servers/detail HTTP/1.1"" status: 200 len: 1916 time: 0.2653639",7553c922,"nova-api.log.1.2017-05-16_13 53 08 2017-05-16 00 03 03.767 25746 INFO nova.osapi_compute.wsgi.server [req-0f4ba393-7607-4e33-aac9-bca155244bd5 113d3a99c3da401fbd62cc2caa5b96d2 54fadb412c4e40cdbaed9335e4c35a9e - - -] 10.11.10.1 ""GET /v2/54fadb412c4e40cdbaed9335e4c35a9e/servers/detail HTTP/1.1"" status 200 len 1916 time 0.2653639",[]
414,nova-compute.log.1.2017-05-16_13:55:31
2017-05-16 00:03:04.425 2931 INFO nova.virt.libvirt.driver [req-a6b9779d-b384-4e84-b3d0-bac079760244 113d3a99c3da401fbd62cc2caa5b96d2 54fadb412c4e40cdbaed9335e4c35a9e - - -] [instance: 95960536-049b-41f6-9049-05fc479b6a7c] Deleting instance files /var/lib/nova/instances/95960536-049b-41f6-9049-05fc479b6a7c_del,86c0b4fa,nova-compute.log.1.2017-05-16_13 55 31 2017-05-16 00 03 04.425 2931 INFO nova.virt.libvirt.driver [req-a6b9779d-b384-4e84-b3d0-bac079760244 113d3a99c3da401fbd62cc2caa5b96d2 54fadb412c4e40cdbaed9335e4c35a9e - - -] [instance 95960536-049b-41f6-9049-05fc479b6a7c] Deleting instance files /var/lib/nova/instances/95960536-049b-41f6-9049-05fc479b6a7c_del,[]
415,nova-compute.log.1.2017-05-16_13:55:31
2017-05-16 00:03:04.427 2931 INFO nova.virt.libvirt.driver [req-a6b9779d-b384-4e84-b3d0-bac079760244 113d3a99c3da401fbd62cc2caa5b96d2 54fadb412c4e40cdbaed9335e4c35a9e - - -] [instance: 95960536-049b-41f6-9049-05fc479b6a7c] Deletion of /var/lib/nova/instances/95960536-049b-41f6-9049-05fc479b6a7c_del complete,acc2913b,nova-compute.log.1.2017-05-16_13 55 31 2017-05-16 00 03 04.427 2931 INFO nova.virt.libvirt.driver [req-a6b9779d-b384-4e84-b3d0-bac079760244 113d3a99c3da401fbd62cc2caa5b96d2 54fadb412c4e40cdbaed9335e4c35a9e - - -] [instance 95960536-049b-41f6-9049-05fc479b6a7c] Deletion of /var/lib/nova/instances/95960536-049b-41f6-9049-05fc479b6a7c_del complete,[]
416,nova-compute.log.1.2017-05-16_13:55:31
2017-05-16 00:03:04.543 2931 INFO nova.compute.manager [req-a6b9779d-b384-4e84-b3d0-bac079760244 113d3a99c3da401fbd62cc2caa5b96d2 54fadb412c4e40cdbaed9335e4c35a9e - - -] [instance: 95960536-049b-41f6-9049-05fc479b6a7c] Took 1.00 seconds to destroy the instance on the hypervisor.,37104e86,nova-compute.log.1.2017-05-16_13 55 31 2017-05-16 00 03 04.543 2931 INFO nova.compute.manager [req-a6b9779d-b384-4e84-b3d0-bac079760244 113d3a99c3da401fbd62cc2caa5b96d2 54fadb412c4e40cdbaed9335e4c35a9e - - -] [instance 95960536-049b-41f6-9049-05fc479b6a7c] Took 1.00 seconds to destroy the instance on the hypervisor.,[]
417,"nova-api.log.1.2017-05-16_13:53:08
2017-05-16 00:03:04.968 25746 INFO nova.osapi_compute.wsgi.server [req-f00e1f15-d28f-491d-95ad-07d51491f3af 113d3a99c3da401fbd62cc2caa5b96d2 54fadb412c4e40cdbaed9335e4c35a9e - - -] 10.11.10.1 ""GET /v2/54fadb412c4e40cdbaed9335e4c35a9e/servers/detail HTTP/1.1"" status: 200 len: 1874 time: 0.1953011",11ca0384,"nova-api.log.1.2017-05-16_13 53 08 2017-05-16 00 03 04.968 25746 INFO nova.osapi_compute.wsgi.server [req-f00e1f15-d28f-491d-95ad-07d51491f3af 113d3a99c3da401fbd62cc2caa5b96d2 54fadb412c4e40cdbaed9335e4c35a9e - - -] 10.11.10.1 ""GET /v2/54fadb412c4e40cdbaed9335e4c35a9e/servers/detail HTTP/1.1"" status 200 len 1874 time 0.1953011",[]
418,nova-compute.log.1.2017-05-16_13:55:31
2017-05-16 00:03:05.004 2931 INFO nova.compute.manager [req-a6b9779d-b384-4e84-b3d0-bac079760244 113d3a99c3da401fbd62cc2caa5b96d2 54fadb412c4e40cdbaed9335e4c35a9e - - -] [instance: 95960536-049b-41f6-9049-05fc479b6a7c] Took 0.46 seconds to deallocate network for instance.,a2e4af0d,nova-compute.log.1.2017-05-16_13 55 31 2017-05-16 00 03 05.004 2931 INFO nova.compute.manager [req-a6b9779d-b384-4e84-b3d0-bac079760244 113d3a99c3da401fbd62cc2caa5b96d2 54fadb412c4e40cdbaed9335e4c35a9e - - -] [instance 95960536-049b-41f6-9049-05fc479b6a7c] Took 0.46 seconds to deallocate network for instance.,[]
419,nova-compute.log.1.2017-05-16_13:55:31
2017-05-16 00:03:05.181 2931 INFO nova.virt.libvirt.imagecache [req-addc1839-2ed5-4778-b57e-5854eb7b8b09 - - - - -] image 0673dd71-34c5-4fbb-86c4-40623fbe45b4 at (/var/lib/nova/instances/_base/a489c868f0c37da93b76227c91bb03908ac0e742): checking,da90d8dd,nova-compute.log.1.2017-05-16_13 55 31 2017-05-16 00 00 <*> 2931 INFO nova.virt.libvirt.imagecache [req-addc1839-2ed5-4778-b57e-5854eb7b8b09 - - - - -] image 0673dd71-34c5-4fbb-86c4-40623fbe45b4 at (/var/lib/nova/instances/_base/a489c868f0c37da93b76227c91bb03908ac0e742) checking,[]
420,"nova-compute.log.1.2017-05-16_13:55:31
2017-05-16 00:03:05.182 2931 INFO nova.virt.libvirt.imagecache [req-addc1839-2ed5-4778-b57e-5854eb7b8b09 - - - - -] image 0673dd71-34c5-4fbb-86c4-40623fbe45b4 at (/var/lib/nova/instances/_base/a489c868f0c37da93b76227c91bb03908ac0e742): in use: on this node 1 local, 0 on other nodes sharing this instance storage",2225072b,nova-compute.log.1.2017-05-16_13 55 31 2017-05-16 00 00 <*> 2931 INFO nova.virt.libvirt.imagecache [req-addc1839-2ed5-4778-b57e-5854eb7b8b09 - - - - -] image 0673dd71-34c5-4fbb-86c4-40623fbe45b4 at (/var/lib/nova/instances/_base/a489c868f0c37da93b76227c91bb03908ac0e742) in use on this node 1 local 0 on other nodes sharing this instance storage,[]
421,nova-compute.log.1.2017-05-16_13:55:31
2017-05-16 00:03:05.287 2931 INFO nova.virt.libvirt.imagecache [req-addc1839-2ed5-4778-b57e-5854eb7b8b09 - - - - -] Active base files: /var/lib/nova/instances/_base/a489c868f0c37da93b76227c91bb03908ac0e742,c4d016e5,nova-compute.log.1.2017-05-16_13 55 31 2017-05-16 00 00 <*> 2931 INFO nova.virt.libvirt.imagecache [req-addc1839-2ed5-4778-b57e-5854eb7b8b09 - - - - -] <*> base files /var/lib/nova/instances/_base/a489c868f0c37da93b76227c91bb03908ac0e742,[]
422,"nova-api.log.1.2017-05-16_13:53:08
2017-05-16 00:03:06.075 25746 INFO nova.osapi_compute.wsgi.server [req-9bba2bda-1367-48fa-906a-e1632f23d1fc 113d3a99c3da401fbd62cc2caa5b96d2 54fadb412c4e40cdbaed9335e4c35a9e - - -] 10.11.10.1 ""GET /v2/54fadb412c4e40cdbaed9335e4c35a9e/servers/detail HTTP/1.1"" status: 200 len: 211 time: 0.1013889",e4ce1e4e,"nova-api.log.1.2017-05-16_13 53 08 2017-05-16 00 03 06.075 25746 INFO nova.osapi_compute.wsgi.server [req-9bba2bda-1367-48fa-906a-e1632f23d1fc 113d3a99c3da401fbd62cc2caa5b96d2 54fadb412c4e40cdbaed9335e4c35a9e - - -] 10.11.10.1 ""GET /v2/54fadb412c4e40cdbaed9335e4c35a9e/servers/detail HTTP/1.1"" status 200 len 211 time 0.1013889",[]
423,nova-api.log.1.2017-05-16_13:53:08
2017-05-16 00:03:07.021 25746 INFO nova.api.openstack.wsgi [req-c4d0c20c-cfe8-4e66-b280-b083419d4967 f7b8d1f1d4d44643b07fa10ca7d021fb e9746973ac574c6b8a9e8857f56a7608 - - -] HTTP exception thrown: No instances found for any event,ce929ad3,nova-api.log.1.2017-05-16_13 53 08 2017-05-16 00 03 <*> 25746 INFO nova.api.openstack.wsgi <*> f7b8d1f1d4d44643b07fa10ca7d021fb e9746973ac574c6b8a9e8857f56a7608 - - -] HTTP exception thrown No instances found for any event,[]
424,"nova-api.log.1.2017-05-16_13:53:08
2017-05-16 00:03:07.022 25746 INFO nova.osapi_compute.wsgi.server [req-c4d0c20c-cfe8-4e66-b280-b083419d4967 f7b8d1f1d4d44643b07fa10ca7d021fb e9746973ac574c6b8a9e8857f56a7608 - - -] 10.11.10.1 ""POST /v2/e9746973ac574c6b8a9e8857f56a7608/os-server-external-events HTTP/1.1"" status: 404 len: 296 time: 0.0833371",559d947f,"nova-api.log.1.2017-05-16_13 53 08 2017-05-16 00 03 07.022 25746 INFO nova.osapi_compute.wsgi.server [req-c4d0c20c-cfe8-4e66-b280-b083419d4967 f7b8d1f1d4d44643b07fa10ca7d021fb e9746973ac574c6b8a9e8857f56a7608 - - -] 10.11.10.1 ""POST /v2/e9746973ac574c6b8a9e8857f56a7608/os-server-external-events HTTP/1.1"" status 404 len 296 time 0.0833371",[]
425,nova-compute.log.1.2017-05-16_13:55:31
2017-05-16 00:03:10.318 2931 WARNING nova.virt.libvirt.imagecache [req-addc1839-2ed5-4778-b57e-5854eb7b8b09 - - - - -] Unknown base file: /var/lib/nova/instances/_base/a489c868f0c37da93b76227c91bb03908ac0e742,5e210f74,nova-compute.log.1.2017-05-16_13 55 31 2017-05-16 00 <*> <*> 2931 WARNING nova.virt.libvirt.imagecache [req-addc1839-2ed5-4778-b57e-5854eb7b8b09 - - - - -] Unknown base file /var/lib/nova/instances/_base/a489c868f0c37da93b76227c91bb03908ac0e742,[]
426,nova-compute.log.1.2017-05-16_13:55:31
2017-05-16 00:03:10.319 2931 INFO nova.virt.libvirt.imagecache [req-addc1839-2ed5-4778-b57e-5854eb7b8b09 - - - - -] Removable base files: /var/lib/nova/instances/_base/a489c868f0c37da93b76227c91bb03908ac0e742,c4d016e5,nova-compute.log.1.2017-05-16_13 55 31 2017-05-16 00 00 <*> 2931 INFO nova.virt.libvirt.imagecache [req-addc1839-2ed5-4778-b57e-5854eb7b8b09 - - - - -] <*> base files /var/lib/nova/instances/_base/a489c868f0c37da93b76227c91bb03908ac0e742,[]
427,nova-compute.log.1.2017-05-16_13:55:31
2017-05-16 00:03:10.320 2931 INFO nova.virt.libvirt.imagecache [req-addc1839-2ed5-4778-b57e-5854eb7b8b09 - - - - -] Removing base or swap file: /var/lib/nova/instances/_base/a489c868f0c37da93b76227c91bb03908ac0e742,733b91ab,nova-compute.log.1.2017-05-16_13 55 31 2017-05-16 00 <*> <*> 2931 INFO nova.virt.libvirt.imagecache [req-addc1839-2ed5-4778-b57e-5854eb7b8b09 - - - - -] Removing base or swap file /var/lib/nova/instances/_base/a489c868f0c37da93b76227c91bb03908ac0e742,[]
428,nova-compute.log.1.2017-05-16_13:55:31
2017-05-16 00:03:16.161 2931 INFO nova.compute.resource_tracker [req-addc1839-2ed5-4778-b57e-5854eb7b8b09 - - - - -] Auditing locally available compute resources for node cp-1.slowvm1.tcloud-pg0.utah.cloudlab.us,786c6aae,nova-compute.log.1.2017-05-16_13 55 31 2017-05-16 00 <*> <*> 2931 INFO nova.compute.resource_tracker [req-addc1839-2ed5-4778-b57e-5854eb7b8b09 - - - - -] Auditing locally available compute resources for node cp-1.slowvm1.tcloud-pg0.utah.cloudlab.us,[]
429,"nova-compute.log.1.2017-05-16_13:55:31
2017-05-16 00:03:16.610 2931 INFO nova.compute.resource_tracker [req-addc1839-2ed5-4778-b57e-5854eb7b8b09 - - - - -] Total usable vcpus: 16, total allocated vcpus: 0",90ac822a,nova-compute.log.1.2017-05-16_13 55 31 2017-05-16 00 <*> <*> 2931 INFO nova.compute.resource_tracker [req-addc1839-2ed5-4778-b57e-5854eb7b8b09 - - - - -] Total usable vcpus 16 total allocated vcpus 0,[]
430,nova-compute.log.1.2017-05-16_13:55:31
2017-05-16 00:03:16.611 2931 INFO nova.compute.resource_tracker [req-addc1839-2ed5-4778-b57e-5854eb7b8b09 - - - - -] Final resource view: name=cp-1.slowvm1.tcloud-pg0.utah.cloudlab.us phys_ram=64172MB used_ram=512MB phys_disk=15GB used_disk=0GB total_vcpus=16 used_vcpus=0 pci_stats=[],678b48dd,nova-compute.log.1.2017-05-16_13 55 31 2017-05-16 00 <*> <*> 2931 INFO nova.compute.resource_tracker [req-addc1839-2ed5-4778-b57e-5854eb7b8b09 - - - - -] Final resource view name cp-1.slowvm1.tcloud-pg0.utah.cloudlab.us phys_ram 64172MB used_ram 512MB phys_disk 15GB used_disk 0GB total_vcpus 16 used_vcpus 0 pci_stats [],[]
431,nova-compute.log.1.2017-05-16_13:55:31
2017-05-16 00:03:16.676 2931 INFO nova.compute.resource_tracker [req-addc1839-2ed5-4778-b57e-5854eb7b8b09 - - - - -] Compute_service record updated for cp-1.slowvm1.tcloud-pg0.utah.cloudlab.us:cp-1.slowvm1.tcloud-pg0.utah.cloudlab.us,61e3bf16,nova-compute.log.1.2017-05-16_13 55 31 2017-05-16 00 <*> <*> 2931 INFO nova.compute.resource_tracker [req-addc1839-2ed5-4778-b57e-5854eb7b8b09 - - - - -] Compute_service record updated for cp-1.slowvm1.tcloud-pg0.utah.cloudlab.us cp-1.slowvm1.tcloud-pg0.utah.cloudlab.us,[]
432,"nova-api.log.1.2017-05-16_13:53:08
2017-05-16 00:03:16.800 25746 INFO nova.osapi_compute.wsgi.server [req-2d658d2c-7eff-414e-a68f-3f1c75c9e874 113d3a99c3da401fbd62cc2caa5b96d2 54fadb412c4e40cdbaed9335e4c35a9e - - -] 10.11.10.1 ""POST /v2/54fadb412c4e40cdbaed9335e4c35a9e/servers HTTP/1.1"" status: 202 len: 733 time: 0.7116742",4163455b,"nova-api.log.1.2017-05-16_13 53 08 2017-05-16 00 03 16.800 25746 INFO nova.osapi_compute.wsgi.server [req-2d658d2c-7eff-414e-a68f-3f1c75c9e874 113d3a99c3da401fbd62cc2caa5b96d2 54fadb412c4e40cdbaed9335e4c35a9e - - -] 10.11.10.1 ""POST /v2/54fadb412c4e40cdbaed9335e4c35a9e/servers HTTP/1.1"" status 202 len 733 time 0.7116742",[]
433,"nova-api.log.1.2017-05-16_13:53:08
2017-05-16 00:03:17.097 25746 INFO nova.osapi_compute.wsgi.server [req-49348d37-0ea0-4804-b3d1-fe84b2fdfa12 113d3a99c3da401fbd62cc2caa5b96d2 54fadb412c4e40cdbaed9335e4c35a9e - - -] 10.11.10.1 ""GET /v2/54fadb412c4e40cdbaed9335e4c35a9e/servers/detail HTTP/1.1"" status: 200 len: 1583 time: 0.2927220",39d869ff,"nova-api.log.1.2017-05-16_13 53 08 2017-05-16 00 03 17.097 25746 INFO nova.osapi_compute.wsgi.server [req-49348d37-0ea0-4804-b3d1-fe84b2fdfa12 113d3a99c3da401fbd62cc2caa5b96d2 54fadb412c4e40cdbaed9335e4c35a9e - - -] 10.11.10.1 ""GET /v2/54fadb412c4e40cdbaed9335e4c35a9e/servers/detail HTTP/1.1"" status 200 len 1583 time 0.2927220",[]
434,"nova-compute.log.1.2017-05-16_13:55:31
2017-05-16 00:03:17.220 2931 INFO nova.compute.claims [req-2d658d2c-7eff-414e-a68f-3f1c75c9e874 113d3a99c3da401fbd62cc2caa5b96d2 54fadb412c4e40cdbaed9335e4c35a9e - - -] [instance: 7e7cc42f-3cb9-4d91-804c-f5a32d54f1c5] Attempting claim: memory 2048 MB, disk 20 GB, vcpus 1 CPU",5883a1de,nova-compute.log.1.2017-05-16_13 55 31 2017-05-16 00 03 17.220 2931 INFO nova.compute.claims [req-2d658d2c-7eff-414e-a68f-3f1c75c9e874 113d3a99c3da401fbd62cc2caa5b96d2 54fadb412c4e40cdbaed9335e4c35a9e - - -] [instance 7e7cc42f-3cb9-4d91-804c-f5a32d54f1c5] Attempting claim memory 2048 MB disk 20 GB vcpus 1 CPU,[]
435,"nova-compute.log.1.2017-05-16_13:55:31
2017-05-16 00:03:17.221 2931 INFO nova.compute.claims [req-2d658d2c-7eff-414e-a68f-3f1c75c9e874 113d3a99c3da401fbd62cc2caa5b96d2 54fadb412c4e40cdbaed9335e4c35a9e - - -] [instance: 7e7cc42f-3cb9-4d91-804c-f5a32d54f1c5] Total memory: 64172 MB, used: 512.00 MB",d83050e2,nova-compute.log.1.2017-05-16_13 55 31 2017-05-16 00 03 17.221 2931 INFO nova.compute.claims [req-2d658d2c-7eff-414e-a68f-3f1c75c9e874 113d3a99c3da401fbd62cc2caa5b96d2 54fadb412c4e40cdbaed9335e4c35a9e - - -] [instance 7e7cc42f-3cb9-4d91-804c-f5a32d54f1c5] Total memory 64172 MB used 512.00 MB,[]
436,"nova-compute.log.1.2017-05-16_13:55:31
2017-05-16 00:03:17.222 2931 INFO nova.compute.claims [req-2d658d2c-7eff-414e-a68f-3f1c75c9e874 113d3a99c3da401fbd62cc2caa5b96d2 54fadb412c4e40cdbaed9335e4c35a9e - - -] [instance: 7e7cc42f-3cb9-4d91-804c-f5a32d54f1c5] memory limit: 96258.00 MB, free: 95746.00 MB",db19e5b2,nova-compute.log.1.2017-05-16_13 55 31 2017-05-16 00 03 17.222 2931 INFO nova.compute.claims [req-2d658d2c-7eff-414e-a68f-3f1c75c9e874 113d3a99c3da401fbd62cc2caa5b96d2 54fadb412c4e40cdbaed9335e4c35a9e - - -] [instance 7e7cc42f-3cb9-4d91-804c-f5a32d54f1c5] memory limit 96258.00 MB free 95746.00 MB,[]
437,"nova-compute.log.1.2017-05-16_13:55:31
2017-05-16 00:03:17.223 2931 INFO nova.compute.claims [req-2d658d2c-7eff-414e-a68f-3f1c75c9e874 113d3a99c3da401fbd62cc2caa5b96d2 54fadb412c4e40cdbaed9335e4c35a9e - - -] [instance: 7e7cc42f-3cb9-4d91-804c-f5a32d54f1c5] Total disk: 15 GB, used: 0.00 GB",a4ffd5fb,nova-compute.log.1.2017-05-16_13 55 31 2017-05-16 00 03 17.223 2931 INFO nova.compute.claims [req-2d658d2c-7eff-414e-a68f-3f1c75c9e874 113d3a99c3da401fbd62cc2caa5b96d2 54fadb412c4e40cdbaed9335e4c35a9e - - -] [instance 7e7cc42f-3cb9-4d91-804c-f5a32d54f1c5] Total disk 15 GB used 0.00 GB,[]
438,"nova-compute.log.1.2017-05-16_13:55:31
2017-05-16 00:03:17.224 2931 INFO nova.compute.claims [req-2d658d2c-7eff-414e-a68f-3f1c75c9e874 113d3a99c3da401fbd62cc2caa5b96d2 54fadb412c4e40cdbaed9335e4c35a9e - - -] [instance: 7e7cc42f-3cb9-4d91-804c-f5a32d54f1c5] disk limit not specified, defaulting to unlimited",fb0f70a3,nova-compute.log.1.2017-05-16_13 55 31 2017-05-16 00 03 <*> 2931 INFO nova.compute.claims [req-2d658d2c-7eff-414e-a68f-3f1c75c9e874 113d3a99c3da401fbd62cc2caa5b96d2 54fadb412c4e40cdbaed9335e4c35a9e - - -] [instance 7e7cc42f-3cb9-4d91-804c-f5a32d54f1c5] <*> limit not specified defaulting to unlimited,[]
439,"nova-compute.log.1.2017-05-16_13:55:31
2017-05-16 00:03:17.224 2931 INFO nova.compute.claims [req-2d658d2c-7eff-414e-a68f-3f1c75c9e874 113d3a99c3da401fbd62cc2caa5b96d2 54fadb412c4e40cdbaed9335e4c35a9e - - -] [instance: 7e7cc42f-3cb9-4d91-804c-f5a32d54f1c5] Total vcpu: 16 VCPU, used: 0.00 VCPU",0fbe1c92,nova-compute.log.1.2017-05-16_13 55 31 2017-05-16 00 03 17.224 2931 INFO nova.compute.claims [req-2d658d2c-7eff-414e-a68f-3f1c75c9e874 113d3a99c3da401fbd62cc2caa5b96d2 54fadb412c4e40cdbaed9335e4c35a9e - - -] [instance 7e7cc42f-3cb9-4d91-804c-f5a32d54f1c5] Total vcpu 16 VCPU used 0.00 VCPU,[]
440,"nova-compute.log.1.2017-05-16_13:55:31
2017-05-16 00:03:17.225 2931 INFO nova.compute.claims [req-2d658d2c-7eff-414e-a68f-3f1c75c9e874 113d3a99c3da401fbd62cc2caa5b96d2 54fadb412c4e40cdbaed9335e4c35a9e - - -] [instance: 7e7cc42f-3cb9-4d91-804c-f5a32d54f1c5] vcpu limit not specified, defaulting to unlimited",fb0f70a3,nova-compute.log.1.2017-05-16_13 55 31 2017-05-16 00 03 <*> 2931 INFO nova.compute.claims [req-2d658d2c-7eff-414e-a68f-3f1c75c9e874 113d3a99c3da401fbd62cc2caa5b96d2 54fadb412c4e40cdbaed9335e4c35a9e - - -] [instance 7e7cc42f-3cb9-4d91-804c-f5a32d54f1c5] <*> limit not specified defaulting to unlimited,[]
441,nova-compute.log.1.2017-05-16_13:55:31
2017-05-16 00:03:17.260 2931 INFO nova.compute.claims [req-2d658d2c-7eff-414e-a68f-3f1c75c9e874 113d3a99c3da401fbd62cc2caa5b96d2 54fadb412c4e40cdbaed9335e4c35a9e - - -] [instance: 7e7cc42f-3cb9-4d91-804c-f5a32d54f1c5] Claim successful,8dc3a2f1,nova-compute.log.1.2017-05-16_13 55 31 2017-05-16 00 03 17.260 2931 INFO nova.compute.claims [req-2d658d2c-7eff-414e-a68f-3f1c75c9e874 113d3a99c3da401fbd62cc2caa5b96d2 54fadb412c4e40cdbaed9335e4c35a9e - - -] [instance 7e7cc42f-3cb9-4d91-804c-f5a32d54f1c5] Claim successful,[]
442,"nova-api.log.1.2017-05-16_13:53:08
2017-05-16 00:03:17.286 25746 INFO nova.osapi_compute.wsgi.server [req-c77665c9-8474-4c2c-94e9-da8b5eccc4a4 113d3a99c3da401fbd62cc2caa5b96d2 54fadb412c4e40cdbaed9335e4c35a9e - - -] 10.11.10.1 ""GET /v2/54fadb412c4e40cdbaed9335e4c35a9e/servers/detail HTTP/1.1"" status: 200 len: 1583 time: 0.1848371",25f96a57,"nova-api.log.1.2017-05-16_13 53 08 2017-05-16 00 03 17.286 25746 INFO nova.osapi_compute.wsgi.server [req-c77665c9-8474-4c2c-94e9-da8b5eccc4a4 113d3a99c3da401fbd62cc2caa5b96d2 54fadb412c4e40cdbaed9335e4c35a9e - - -] 10.11.10.1 ""GET /v2/54fadb412c4e40cdbaed9335e4c35a9e/servers/detail HTTP/1.1"" status 200 len 1583 time 0.1848371",[]
443,"nova-api.log.1.2017-05-16_13:53:08
2017-05-16 00:03:17.473 25746 INFO nova.osapi_compute.wsgi.server [req-2a800172-ad24-4031-9a51-d3495146717f 113d3a99c3da401fbd62cc2caa5b96d2 54fadb412c4e40cdbaed9335e4c35a9e - - -] 10.11.10.1 ""GET /v2/54fadb412c4e40cdbaed9335e4c35a9e/servers/7e7cc42f-3cb9-4d91-804c-f5a32d54f1c5 HTTP/1.1"" status: 200 len: 1572 time: 0.1838732",761d0c82,"nova-api.log.1.2017-05-16_13 53 08 2017-05-16 00 03 17.473 25746 INFO nova.osapi_compute.wsgi.server [req-2a800172-ad24-4031-9a51-d3495146717f 113d3a99c3da401fbd62cc2caa5b96d2 54fadb412c4e40cdbaed9335e4c35a9e - - -] 10.11.10.1 ""GET /v2/54fadb412c4e40cdbaed9335e4c35a9e/servers/7e7cc42f-3cb9-4d91-804c-f5a32d54f1c5 HTTP/1.1"" status 200 len 1572 time 0.1838732",[]
444,nova-compute.log.1.2017-05-16_13:55:31
2017-05-16 00:03:17.931 2931 INFO nova.virt.libvirt.driver [req-2d658d2c-7eff-414e-a68f-3f1c75c9e874 113d3a99c3da401fbd62cc2caa5b96d2 54fadb412c4e40cdbaed9335e4c35a9e - - -] [instance: 7e7cc42f-3cb9-4d91-804c-f5a32d54f1c5] Creating image,86e3bc2e,nova-compute.log.1.2017-05-16_13 55 31 2017-05-16 00 03 17.931 2931 INFO nova.virt.libvirt.driver [req-2d658d2c-7eff-414e-a68f-3f1c75c9e874 113d3a99c3da401fbd62cc2caa5b96d2 54fadb412c4e40cdbaed9335e4c35a9e - - -] [instance 7e7cc42f-3cb9-4d91-804c-f5a32d54f1c5] Creating image,[]
445,"nova-api.log.1.2017-05-16_13:53:08
2017-05-16 00:03:18.775 25746 INFO nova.osapi_compute.wsgi.server [req-1357c966-8c54-46e4-be1d-b9651e26fa66 113d3a99c3da401fbd62cc2caa5b96d2 54fadb412c4e40cdbaed9335e4c35a9e - - -] 10.11.10.1 ""GET /v2/54fadb412c4e40cdbaed9335e4c35a9e/servers/detail HTTP/1.1"" status: 200 len: 1759 time: 0.2973850",86213415,"nova-api.log.1.2017-05-16_13 53 08 2017-05-16 00 03 18.775 25746 INFO nova.osapi_compute.wsgi.server [req-1357c966-8c54-46e4-be1d-b9651e26fa66 113d3a99c3da401fbd62cc2caa5b96d2 54fadb412c4e40cdbaed9335e4c35a9e - - -] 10.11.10.1 ""GET /v2/54fadb412c4e40cdbaed9335e4c35a9e/servers/detail HTTP/1.1"" status 200 len 1759 time 0.2973850",[]
446,"nova-api.log.1.2017-05-16_13:53:08
2017-05-16 00:03:19.075 25746 INFO nova.osapi_compute.wsgi.server [req-08b757f2-16eb-4ebd-8cef-1b922ef51b5e 113d3a99c3da401fbd62cc2caa5b96d2 54fadb412c4e40cdbaed9335e4c35a9e - - -] 10.11.10.1 ""GET /v2/54fadb412c4e40cdbaed9335e4c35a9e/servers/detail HTTP/1.1"" status: 200 len: 1759 time: 0.2967250",44259380,"nova-api.log.1.2017-05-16_13 53 08 2017-05-16 00 03 19.075 25746 INFO nova.osapi_compute.wsgi.server [req-08b757f2-16eb-4ebd-8cef-1b922ef51b5e 113d3a99c3da401fbd62cc2caa5b96d2 54fadb412c4e40cdbaed9335e4c35a9e - - -] 10.11.10.1 ""GET /v2/54fadb412c4e40cdbaed9335e4c35a9e/servers/detail HTTP/1.1"" status 200 len 1759 time 0.2967250",[]
447,nova-compute.log.1.2017-05-16_13:55:31
2017-05-16 00:03:19.284 2931 INFO nova.compute.manager [-] [instance: 95960536-049b-41f6-9049-05fc479b6a7c] VM Stopped (Lifecycle Event),ae00dc65,nova-compute.log.1.2017-05-16_13 55 31 2017-05-16 00 03 19.284 2931 INFO nova.compute.manager [-] [instance 95960536-049b-41f6-9049-05fc479b6a7c] VM Stopped (Lifecycle Event),[]
448,"nova-api.log.1.2017-05-16_13:53:08
2017-05-16 00:03:20.359 25746 INFO nova.osapi_compute.wsgi.server [req-9b15f752-78b7-4fc5-8d2b-54f619e0e2b5 113d3a99c3da401fbd62cc2caa5b96d2 54fadb412c4e40cdbaed9335e4c35a9e - - -] 10.11.10.1 ""GET /v2/54fadb412c4e40cdbaed9335e4c35a9e/servers/detail HTTP/1.1"" status: 200 len: 1893 time: 0.2771640",d71c631d,"nova-api.log.1.2017-05-16_13 53 08 2017-05-16 00 03 20.359 25746 INFO nova.osapi_compute.wsgi.server [req-9b15f752-78b7-4fc5-8d2b-54f619e0e2b5 113d3a99c3da401fbd62cc2caa5b96d2 54fadb412c4e40cdbaed9335e4c35a9e - - -] 10.11.10.1 ""GET /v2/54fadb412c4e40cdbaed9335e4c35a9e/servers/detail HTTP/1.1"" status 200 len 1893 time 0.2771640",[]
449,"nova-api.log.1.2017-05-16_13:53:08
2017-05-16 00:03:20.627 25746 INFO nova.osapi_compute.wsgi.server [req-19e7ad40-3594-41b0-a83a-40333f767ebd 113d3a99c3da401fbd62cc2caa5b96d2 54fadb412c4e40cdbaed9335e4c35a9e - - -] 10.11.10.1 ""GET /v2/54fadb412c4e40cdbaed9335e4c35a9e/servers/detail HTTP/1.1"" status: 200 len: 1893 time: 0.2650268",8ba5864a,"nova-api.log.1.2017-05-16_13 53 08 2017-05-16 00 03 20.627 25746 INFO nova.osapi_compute.wsgi.server [req-19e7ad40-3594-41b0-a83a-40333f767ebd 113d3a99c3da401fbd62cc2caa5b96d2 54fadb412c4e40cdbaed9335e4c35a9e - - -] 10.11.10.1 ""GET /v2/54fadb412c4e40cdbaed9335e4c35a9e/servers/detail HTTP/1.1"" status 200 len 1893 time 0.2650268",[]
450,"nova-api.log.1.2017-05-16_13:53:08
2017-05-16 00:03:21.908 25746 INFO nova.osapi_compute.wsgi.server [req-e6e405d0-64f1-4959-b359-ba64936c6144 113d3a99c3da401fbd62cc2caa5b96d2 54fadb412c4e40cdbaed9335e4c35a9e - - -] 10.11.10.1 ""GET /v2/54fadb412c4e40cdbaed9335e4c35a9e/servers/detail HTTP/1.1"" status: 200 len: 1893 time: 0.2754779",93ea6831,"nova-api.log.1.2017-05-16_13 53 08 2017-05-16 00 03 21.908 25746 INFO nova.osapi_compute.wsgi.server [req-e6e405d0-64f1-4959-b359-ba64936c6144 113d3a99c3da401fbd62cc2caa5b96d2 54fadb412c4e40cdbaed9335e4c35a9e - - -] 10.11.10.1 ""GET /v2/54fadb412c4e40cdbaed9335e4c35a9e/servers/detail HTTP/1.1"" status 200 len 1893 time 0.2754779",[]
451,"nova-api.log.1.2017-05-16_13:53:08
2017-05-16 00:03:22.173 25746 INFO nova.osapi_compute.wsgi.server [req-5e19ca64-9d79-46dc-af69-0bfe959dadd6 113d3a99c3da401fbd62cc2caa5b96d2 54fadb412c4e40cdbaed9335e4c35a9e - - -] 10.11.10.1 ""GET /v2/54fadb412c4e40cdbaed9335e4c35a9e/servers/detail HTTP/1.1"" status: 200 len: 1893 time: 0.2620330",eb39f8d9,"nova-api.log.1.2017-05-16_13 53 08 2017-05-16 00 03 22.173 25746 INFO nova.osapi_compute.wsgi.server [req-5e19ca64-9d79-46dc-af69-0bfe959dadd6 113d3a99c3da401fbd62cc2caa5b96d2 54fadb412c4e40cdbaed9335e4c35a9e - - -] 10.11.10.1 ""GET /v2/54fadb412c4e40cdbaed9335e4c35a9e/servers/detail HTTP/1.1"" status 200 len 1893 time 0.2620330",[]
452,"nova-api.log.1.2017-05-16_13:53:08
2017-05-16 00:03:23.451 25746 INFO nova.osapi_compute.wsgi.server [req-86997220-e959-4cef-8315-723f20d4f1de 113d3a99c3da401fbd62cc2caa5b96d2 54fadb412c4e40cdbaed9335e4c35a9e - - -] 10.11.10.1 ""GET /v2/54fadb412c4e40cdbaed9335e4c35a9e/servers/detail HTTP/1.1"" status: 200 len: 1893 time: 0.2708549",12ad2d43,"nova-api.log.1.2017-05-16_13 53 08 2017-05-16 00 03 23.451 25746 INFO nova.osapi_compute.wsgi.server [req-86997220-e959-4cef-8315-723f20d4f1de 113d3a99c3da401fbd62cc2caa5b96d2 54fadb412c4e40cdbaed9335e4c35a9e - - -] 10.11.10.1 ""GET /v2/54fadb412c4e40cdbaed9335e4c35a9e/servers/detail HTTP/1.1"" status 200 len 1893 time 0.2708549",[]
453,"nova-api.log.1.2017-05-16_13:53:08
2017-05-16 00:03:23.710 25746 INFO nova.osapi_compute.wsgi.server [req-32d71807-a737-4853-b385-bed9ed2bfb49 113d3a99c3da401fbd62cc2caa5b96d2 54fadb412c4e40cdbaed9335e4c35a9e - - -] 10.11.10.1 ""GET /v2/54fadb412c4e40cdbaed9335e4c35a9e/servers/detail HTTP/1.1"" status: 200 len: 1893 time: 0.2557549",dd1e7f44,"nova-api.log.1.2017-05-16_13 53 08 2017-05-16 00 03 23.710 25746 INFO nova.osapi_compute.wsgi.server [req-32d71807-a737-4853-b385-bed9ed2bfb49 113d3a99c3da401fbd62cc2caa5b96d2 54fadb412c4e40cdbaed9335e4c35a9e - - -] 10.11.10.1 ""GET /v2/54fadb412c4e40cdbaed9335e4c35a9e/servers/detail HTTP/1.1"" status 200 len 1893 time 0.2557549",[]
454,"nova-api.log.1.2017-05-16_13:53:08
2017-05-16 00:03:25.003 25746 INFO nova.osapi_compute.wsgi.server [req-4ffeb467-110b-4615-a5a8-11f1ccb2bf27 113d3a99c3da401fbd62cc2caa5b96d2 54fadb412c4e40cdbaed9335e4c35a9e - - -] 10.11.10.1 ""GET /v2/54fadb412c4e40cdbaed9335e4c35a9e/servers/detail HTTP/1.1"" status: 200 len: 1893 time: 0.2863061",db025df0,"nova-api.log.1.2017-05-16_13 53 08 2017-05-16 00 03 25.003 25746 INFO nova.osapi_compute.wsgi.server [req-4ffeb467-110b-4615-a5a8-11f1ccb2bf27 113d3a99c3da401fbd62cc2caa5b96d2 54fadb412c4e40cdbaed9335e4c35a9e - - -] 10.11.10.1 ""GET /v2/54fadb412c4e40cdbaed9335e4c35a9e/servers/detail HTTP/1.1"" status 200 len 1893 time 0.2863061",[]
455,"nova-api.log.1.2017-05-16_13:53:08
2017-05-16 00:03:25.263 25746 INFO nova.osapi_compute.wsgi.server [req-36edee2a-9189-477f-be64-1ff36bf2933b 113d3a99c3da401fbd62cc2caa5b96d2 54fadb412c4e40cdbaed9335e4c35a9e - - -] 10.11.10.1 ""GET /v2/54fadb412c4e40cdbaed9335e4c35a9e/servers/detail HTTP/1.1"" status: 200 len: 1893 time: 0.2571361",64fe5e96,"nova-api.log.1.2017-05-16_13 53 08 2017-05-16 00 03 25.263 25746 INFO nova.osapi_compute.wsgi.server [req-36edee2a-9189-477f-be64-1ff36bf2933b 113d3a99c3da401fbd62cc2caa5b96d2 54fadb412c4e40cdbaed9335e4c35a9e - - -] 10.11.10.1 ""GET /v2/54fadb412c4e40cdbaed9335e4c35a9e/servers/detail HTTP/1.1"" status 200 len 1893 time 0.2571361",[]
456,"nova-api.log.1.2017-05-16_13:53:08
2017-05-16 00:03:26.537 25746 INFO nova.osapi_compute.wsgi.server [req-aa55b411-2ba0-4b61-9fd9-26d40aeb9423 113d3a99c3da401fbd62cc2caa5b96d2 54fadb412c4e40cdbaed9335e4c35a9e - - -] 10.11.10.1 ""GET /v2/54fadb412c4e40cdbaed9335e4c35a9e/servers/detail HTTP/1.1"" status: 200 len: 1893 time: 0.2682309",218057f0,"nova-api.log.1.2017-05-16_13 53 08 2017-05-16 00 03 26.537 25746 INFO nova.osapi_compute.wsgi.server [req-aa55b411-2ba0-4b61-9fd9-26d40aeb9423 113d3a99c3da401fbd62cc2caa5b96d2 54fadb412c4e40cdbaed9335e4c35a9e - - -] 10.11.10.1 ""GET /v2/54fadb412c4e40cdbaed9335e4c35a9e/servers/detail HTTP/1.1"" status 200 len 1893 time 0.2682309",[]
457,"nova-api.log.1.2017-05-16_13:53:08
2017-05-16 00:03:26.806 25746 INFO nova.osapi_compute.wsgi.server [req-308202e3-7228-440e-aa2e-70558059a68b 113d3a99c3da401fbd62cc2caa5b96d2 54fadb412c4e40cdbaed9335e4c35a9e - - -] 10.11.10.1 ""GET /v2/54fadb412c4e40cdbaed9335e4c35a9e/servers/detail HTTP/1.1"" status: 200 len: 1893 time: 0.2644999",daea13d7,"nova-api.log.1.2017-05-16_13 53 08 2017-05-16 00 03 26.806 25746 INFO nova.osapi_compute.wsgi.server [req-308202e3-7228-440e-aa2e-70558059a68b 113d3a99c3da401fbd62cc2caa5b96d2 54fadb412c4e40cdbaed9335e4c35a9e - - -] 10.11.10.1 ""GET /v2/54fadb412c4e40cdbaed9335e4c35a9e/servers/detail HTTP/1.1"" status 200 len 1893 time 0.2644999",[]
458,"nova-api.log.1.2017-05-16_13:53:08
2017-05-16 00:03:28.089 25746 INFO nova.osapi_compute.wsgi.server [req-af7be5c1-cb29-4dba-b7eb-d008e01c9690 113d3a99c3da401fbd62cc2caa5b96d2 54fadb412c4e40cdbaed9335e4c35a9e - - -] 10.11.10.1 ""GET /v2/54fadb412c4e40cdbaed9335e4c35a9e/servers/detail HTTP/1.1"" status: 200 len: 1893 time: 0.2762442",0717892a,"nova-api.log.1.2017-05-16_13 53 08 2017-05-16 00 03 28.089 25746 INFO nova.osapi_compute.wsgi.server [req-af7be5c1-cb29-4dba-b7eb-d008e01c9690 113d3a99c3da401fbd62cc2caa5b96d2 54fadb412c4e40cdbaed9335e4c35a9e - - -] 10.11.10.1 ""GET /v2/54fadb412c4e40cdbaed9335e4c35a9e/servers/detail HTTP/1.1"" status 200 len 1893 time 0.2762442",[]
459,"nova-api.log.1.2017-05-16_13:53:08
2017-05-16 00:03:28.355 25746 INFO nova.osapi_compute.wsgi.server [req-77cc3c0e-d34a-49e1-b132-eef9a76b64aa 113d3a99c3da401fbd62cc2caa5b96d2 54fadb412c4e40cdbaed9335e4c35a9e - - -] 10.11.10.1 ""GET /v2/54fadb412c4e40cdbaed9335e4c35a9e/servers/detail HTTP/1.1"" status: 200 len: 1893 time: 0.2619240",69b58196,"nova-api.log.1.2017-05-16_13 53 08 2017-05-16 00 03 28.355 25746 INFO nova.osapi_compute.wsgi.server [req-77cc3c0e-d34a-49e1-b132-eef9a76b64aa 113d3a99c3da401fbd62cc2caa5b96d2 54fadb412c4e40cdbaed9335e4c35a9e - - -] 10.11.10.1 ""GET /v2/54fadb412c4e40cdbaed9335e4c35a9e/servers/detail HTTP/1.1"" status 200 len 1893 time 0.2619240",[]
460,"nova-api.log.1.2017-05-16_13:53:08
2017-05-16 00:03:29.621 25746 INFO nova.osapi_compute.wsgi.server [req-bafa2157-685a-4091-b1e9-eb8635e92273 113d3a99c3da401fbd62cc2caa5b96d2 54fadb412c4e40cdbaed9335e4c35a9e - - -] 10.11.10.1 ""GET /v2/54fadb412c4e40cdbaed9335e4c35a9e/servers/detail HTTP/1.1"" status: 200 len: 1893 time: 0.2600479",f7fc15be,"nova-api.log.1.2017-05-16_13 53 08 2017-05-16 00 03 29.621 25746 INFO nova.osapi_compute.wsgi.server [req-bafa2157-685a-4091-b1e9-eb8635e92273 113d3a99c3da401fbd62cc2caa5b96d2 54fadb412c4e40cdbaed9335e4c35a9e - - -] 10.11.10.1 ""GET /v2/54fadb412c4e40cdbaed9335e4c35a9e/servers/detail HTTP/1.1"" status 200 len 1893 time 0.2600479",[]
461,"nova-api.log.1.2017-05-16_13:53:08
2017-05-16 00:03:29.879 25746 INFO nova.osapi_compute.wsgi.server [req-206aa9c3-b7b4-41e7-92a2-70cff6538462 113d3a99c3da401fbd62cc2caa5b96d2 54fadb412c4e40cdbaed9335e4c35a9e - - -] 10.11.10.1 ""GET /v2/54fadb412c4e40cdbaed9335e4c35a9e/servers/detail HTTP/1.1"" status: 200 len: 1893 time: 0.2538040",324bfbbf,"nova-api.log.1.2017-05-16_13 53 08 2017-05-16 00 03 29.879 25746 INFO nova.osapi_compute.wsgi.server [req-206aa9c3-b7b4-41e7-92a2-70cff6538462 113d3a99c3da401fbd62cc2caa5b96d2 54fadb412c4e40cdbaed9335e4c35a9e - - -] 10.11.10.1 ""GET /v2/54fadb412c4e40cdbaed9335e4c35a9e/servers/detail HTTP/1.1"" status 200 len 1893 time 0.2538040",[]
462,nova-compute.log.1.2017-05-16_13:55:31
2017-05-16 00:03:30.161 2931 INFO nova.virt.libvirt.imagecache [req-addc1839-2ed5-4778-b57e-5854eb7b8b09 - - - - -] image 0673dd71-34c5-4fbb-86c4-40623fbe45b4 at (/var/lib/nova/instances/_base/a489c868f0c37da93b76227c91bb03908ac0e742): checking,da90d8dd,nova-compute.log.1.2017-05-16_13 55 31 2017-05-16 00 00 <*> 2931 INFO nova.virt.libvirt.imagecache [req-addc1839-2ed5-4778-b57e-5854eb7b8b09 - - - - -] image 0673dd71-34c5-4fbb-86c4-40623fbe45b4 at (/var/lib/nova/instances/_base/a489c868f0c37da93b76227c91bb03908ac0e742) checking,[]
463,"nova-compute.log.1.2017-05-16_13:55:31
2017-05-16 00:03:30.162 2931 INFO nova.virt.libvirt.imagecache [req-addc1839-2ed5-4778-b57e-5854eb7b8b09 - - - - -] image 0673dd71-34c5-4fbb-86c4-40623fbe45b4 at (/var/lib/nova/instances/_base/a489c868f0c37da93b76227c91bb03908ac0e742): in use: on this node 1 local, 0 on other nodes sharing this instance storage",2225072b,nova-compute.log.1.2017-05-16_13 55 31 2017-05-16 00 00 <*> 2931 INFO nova.virt.libvirt.imagecache [req-addc1839-2ed5-4778-b57e-5854eb7b8b09 - - - - -] image 0673dd71-34c5-4fbb-86c4-40623fbe45b4 at (/var/lib/nova/instances/_base/a489c868f0c37da93b76227c91bb03908ac0e742) in use on this node 1 local 0 on other nodes sharing this instance storage,[]
464,nova-compute.log.1.2017-05-16_13:55:31
2017-05-16 00:03:30.357 2931 INFO nova.virt.libvirt.imagecache [req-addc1839-2ed5-4778-b57e-5854eb7b8b09 - - - - -] Active base files: /var/lib/nova/instances/_base/a489c868f0c37da93b76227c91bb03908ac0e742,c4d016e5,nova-compute.log.1.2017-05-16_13 55 31 2017-05-16 00 00 <*> 2931 INFO nova.virt.libvirt.imagecache [req-addc1839-2ed5-4778-b57e-5854eb7b8b09 - - - - -] <*> base files /var/lib/nova/instances/_base/a489c868f0c37da93b76227c91bb03908ac0e742,[]
465,nova-compute.log.1.2017-05-16_13:55:31
2017-05-16 00:03:31.011 2931 INFO nova.compute.manager [req-3ea4052c-895d-4b64-9e2d-04d64c4d94ab - - - - -] [instance: 7e7cc42f-3cb9-4d91-804c-f5a32d54f1c5] VM Started (Lifecycle Event),5addd1ac,nova-compute.log.1.2017-05-16_13 55 31 2017-05-16 00 03 <*> 2931 INFO nova.compute.manager [req-3ea4052c-895d-4b64-9e2d-04d64c4d94ab - - - - -] [instance 7e7cc42f-3cb9-4d91-804c-f5a32d54f1c5] VM <*> (Lifecycle Event),[]
466,nova-compute.log.1.2017-05-16_13:55:31
2017-05-16 00:03:31.081 2931 INFO nova.compute.manager [req-3ea4052c-895d-4b64-9e2d-04d64c4d94ab - - - - -] [instance: 7e7cc42f-3cb9-4d91-804c-f5a32d54f1c5] VM Paused (Lifecycle Event),5addd1ac,nova-compute.log.1.2017-05-16_13 55 31 2017-05-16 00 03 <*> 2931 INFO nova.compute.manager [req-3ea4052c-895d-4b64-9e2d-04d64c4d94ab - - - - -] [instance 7e7cc42f-3cb9-4d91-804c-f5a32d54f1c5] VM <*> (Lifecycle Event),[]
467,"nova-api.log.1.2017-05-16_13:53:08
2017-05-16 00:03:31.161 25746 INFO nova.osapi_compute.wsgi.server [req-135542a4-6100-4643-83f4-c3d3271ac898 113d3a99c3da401fbd62cc2caa5b96d2 54fadb412c4e40cdbaed9335e4c35a9e - - -] 10.11.10.1 ""GET /v2/54fadb412c4e40cdbaed9335e4c35a9e/servers/detail HTTP/1.1"" status: 200 len: 1893 time: 0.2776730",309d3133,"nova-api.log.1.2017-05-16_13 53 08 2017-05-16 00 03 31.161 25746 INFO nova.osapi_compute.wsgi.server [req-135542a4-6100-4643-83f4-c3d3271ac898 113d3a99c3da401fbd62cc2caa5b96d2 54fadb412c4e40cdbaed9335e4c35a9e - - -] 10.11.10.1 ""GET /v2/54fadb412c4e40cdbaed9335e4c35a9e/servers/detail HTTP/1.1"" status 200 len 1893 time 0.2776730",[]
468,nova-compute.log.1.2017-05-16_13:55:31
2017-05-16 00:03:31.202 2931 INFO nova.compute.manager [req-3ea4052c-895d-4b64-9e2d-04d64c4d94ab - - - - -] [instance: 7e7cc42f-3cb9-4d91-804c-f5a32d54f1c5] During sync_power_state the instance has a pending task (spawning). Skip.,5d51da0c,nova-compute.log.1.2017-05-16_13 55 31 2017-05-16 00 00 <*> 2931 INFO nova.compute.manager [req-3ea4052c-895d-4b64-9e2d-04d64c4d94ab - - - - -] [instance <*> During sync_power_state the instance has a pending task (spawning). Skip.,[]
469,"nova-api.log.1.2017-05-16_13:53:08
2017-05-16 00:03:31.429 25746 INFO nova.osapi_compute.wsgi.server [req-213c462a-869c-4e96-95c0-5d9b49fd5f79 113d3a99c3da401fbd62cc2caa5b96d2 54fadb412c4e40cdbaed9335e4c35a9e - - -] 10.11.10.1 ""GET /v2/54fadb412c4e40cdbaed9335e4c35a9e/servers/detail HTTP/1.1"" status: 200 len: 1893 time: 0.2630680",0a892ce6,"nova-api.log.1.2017-05-16_13 53 08 2017-05-16 00 03 31.429 25746 INFO nova.osapi_compute.wsgi.server [req-213c462a-869c-4e96-95c0-5d9b49fd5f79 113d3a99c3da401fbd62cc2caa5b96d2 54fadb412c4e40cdbaed9335e4c35a9e - - -] 10.11.10.1 ""GET /v2/54fadb412c4e40cdbaed9335e4c35a9e/servers/detail HTTP/1.1"" status 200 len 1893 time 0.2630680",[]
470,"nova-api.log.1.2017-05-16_13:53:08
2017-05-16 00:03:32.684 25746 INFO nova.osapi_compute.wsgi.server [req-385c4fd4-fc22-4fc7-b1c9-ff7fea96847c 113d3a99c3da401fbd62cc2caa5b96d2 54fadb412c4e40cdbaed9335e4c35a9e - - -] 10.11.10.1 ""GET /v2/54fadb412c4e40cdbaed9335e4c35a9e/servers/detail HTTP/1.1"" status: 200 len: 1893 time: 0.2493019",487587ae,"nova-api.log.1.2017-05-16_13 53 08 2017-05-16 00 03 32.684 25746 INFO nova.osapi_compute.wsgi.server [req-385c4fd4-fc22-4fc7-b1c9-ff7fea96847c 113d3a99c3da401fbd62cc2caa5b96d2 54fadb412c4e40cdbaed9335e4c35a9e - - -] 10.11.10.1 ""GET /v2/54fadb412c4e40cdbaed9335e4c35a9e/servers/detail HTTP/1.1"" status 200 len 1893 time 0.2493019",[]
471,"nova-api.log.1.2017-05-16_13:53:08
2017-05-16 00:03:32.958 25746 INFO nova.osapi_compute.wsgi.server [req-e28bae73-ef07-429a-af86-3b7b89a80422 113d3a99c3da401fbd62cc2caa5b96d2 54fadb412c4e40cdbaed9335e4c35a9e - - -] 10.11.10.1 ""GET /v2/54fadb412c4e40cdbaed9335e4c35a9e/servers/detail HTTP/1.1"" status: 200 len: 1893 time: 0.2702570",6536ce0e,"nova-api.log.1.2017-05-16_13 53 08 2017-05-16 00 03 32.958 25746 INFO nova.osapi_compute.wsgi.server [req-e28bae73-ef07-429a-af86-3b7b89a80422 113d3a99c3da401fbd62cc2caa5b96d2 54fadb412c4e40cdbaed9335e4c35a9e - - -] 10.11.10.1 ""GET /v2/54fadb412c4e40cdbaed9335e4c35a9e/servers/detail HTTP/1.1"" status 200 len 1893 time 0.2702570",[]
472,"nova-api.log.1.2017-05-16_13:53:08
2017-05-16 00:03:34.385 25746 INFO nova.osapi_compute.wsgi.server [req-f5f0905b-6c4a-42d1-b5c3-6b1da21ed657 113d3a99c3da401fbd62cc2caa5b96d2 54fadb412c4e40cdbaed9335e4c35a9e - - -] 10.11.10.1 ""GET /v2/54fadb412c4e40cdbaed9335e4c35a9e/servers/detail HTTP/1.1"" status: 200 len: 1893 time: 0.4212601",368ea5c3,"nova-api.log.1.2017-05-16_13 53 08 2017-05-16 00 03 34.385 25746 INFO nova.osapi_compute.wsgi.server [req-f5f0905b-6c4a-42d1-b5c3-6b1da21ed657 113d3a99c3da401fbd62cc2caa5b96d2 54fadb412c4e40cdbaed9335e4c35a9e - - -] 10.11.10.1 ""GET /v2/54fadb412c4e40cdbaed9335e4c35a9e/servers/detail HTTP/1.1"" status 200 len 1893 time 0.4212601",[]
473,"nova-api.log.1.2017-05-16_13:53:08
2017-05-16 00:03:34.646 25746 INFO nova.osapi_compute.wsgi.server [req-41e63879-5cf5-4846-8bb8-4caf07985a8c 113d3a99c3da401fbd62cc2caa5b96d2 54fadb412c4e40cdbaed9335e4c35a9e - - -] 10.11.10.1 ""GET /v2/54fadb412c4e40cdbaed9335e4c35a9e/servers/detail HTTP/1.1"" status: 200 len: 1893 time: 0.2571011",2181fd52,"nova-api.log.1.2017-05-16_13 53 08 2017-05-16 00 03 34.646 25746 INFO nova.osapi_compute.wsgi.server [req-41e63879-5cf5-4846-8bb8-4caf07985a8c 113d3a99c3da401fbd62cc2caa5b96d2 54fadb412c4e40cdbaed9335e4c35a9e - - -] 10.11.10.1 ""GET /v2/54fadb412c4e40cdbaed9335e4c35a9e/servers/detail HTTP/1.1"" status 200 len 1893 time 0.2571011",[]
474,nova-compute.log.1.2017-05-16_13:55:31
2017-05-16 00:03:35.416 2931 INFO nova.virt.libvirt.imagecache [req-addc1839-2ed5-4778-b57e-5854eb7b8b09 - - - - -] image 0673dd71-34c5-4fbb-86c4-40623fbe45b4 at (/var/lib/nova/instances/_base/a489c868f0c37da93b76227c91bb03908ac0e742): checking,da90d8dd,nova-compute.log.1.2017-05-16_13 55 31 2017-05-16 00 00 <*> 2931 INFO nova.virt.libvirt.imagecache [req-addc1839-2ed5-4778-b57e-5854eb7b8b09 - - - - -] image 0673dd71-34c5-4fbb-86c4-40623fbe45b4 at (/var/lib/nova/instances/_base/a489c868f0c37da93b76227c91bb03908ac0e742) checking,[]
475,"nova-compute.log.1.2017-05-16_13:55:31
2017-05-16 00:03:35.417 2931 INFO nova.virt.libvirt.imagecache [req-addc1839-2ed5-4778-b57e-5854eb7b8b09 - - - - -] image 0673dd71-34c5-4fbb-86c4-40623fbe45b4 at (/var/lib/nova/instances/_base/a489c868f0c37da93b76227c91bb03908ac0e742): in use: on this node 1 local, 0 on other nodes sharing this instance storage",2225072b,nova-compute.log.1.2017-05-16_13 55 31 2017-05-16 00 00 <*> 2931 INFO nova.virt.libvirt.imagecache [req-addc1839-2ed5-4778-b57e-5854eb7b8b09 - - - - -] image 0673dd71-34c5-4fbb-86c4-40623fbe45b4 at (/var/lib/nova/instances/_base/a489c868f0c37da93b76227c91bb03908ac0e742) in use on this node 1 local 0 on other nodes sharing this instance storage,[]
476,nova-compute.log.1.2017-05-16_13:55:31
2017-05-16 00:03:35.602 2931 INFO nova.virt.libvirt.imagecache [req-addc1839-2ed5-4778-b57e-5854eb7b8b09 - - - - -] Active base files: /var/lib/nova/instances/_base/a489c868f0c37da93b76227c91bb03908ac0e742,c4d016e5,nova-compute.log.1.2017-05-16_13 55 31 2017-05-16 00 00 <*> 2931 INFO nova.virt.libvirt.imagecache [req-addc1839-2ed5-4778-b57e-5854eb7b8b09 - - - - -] <*> base files /var/lib/nova/instances/_base/a489c868f0c37da93b76227c91bb03908ac0e742,[]
477,"nova-api.log.1.2017-05-16_13:53:08
2017-05-16 00:03:35.914 25746 INFO nova.osapi_compute.wsgi.server [req-826238fb-3373-47c4-b6ef-2576b3bc286f 113d3a99c3da401fbd62cc2caa5b96d2 54fadb412c4e40cdbaed9335e4c35a9e - - -] 10.11.10.1 ""GET /v2/54fadb412c4e40cdbaed9335e4c35a9e/servers/detail HTTP/1.1"" status: 200 len: 1893 time: 0.2608051",b932b012,"nova-api.log.1.2017-05-16_13 53 08 2017-05-16 00 03 35.914 25746 INFO nova.osapi_compute.wsgi.server [req-826238fb-3373-47c4-b6ef-2576b3bc286f 113d3a99c3da401fbd62cc2caa5b96d2 54fadb412c4e40cdbaed9335e4c35a9e - - -] 10.11.10.1 ""GET /v2/54fadb412c4e40cdbaed9335e4c35a9e/servers/detail HTTP/1.1"" status 200 len 1893 time 0.2608051",[]
478,"nova-api.log.1.2017-05-16_13:53:08
2017-05-16 00:03:36.172 25746 INFO nova.osapi_compute.wsgi.server [req-0b3194a7-fbae-4214-88fe-39afd63e25a7 113d3a99c3da401fbd62cc2caa5b96d2 54fadb412c4e40cdbaed9335e4c35a9e - - -] 10.11.10.1 ""GET /v2/54fadb412c4e40cdbaed9335e4c35a9e/servers/detail HTTP/1.1"" status: 200 len: 1893 time: 0.2536151",12a33b51,"nova-api.log.1.2017-05-16_13 53 08 2017-05-16 00 03 36.172 25746 INFO nova.osapi_compute.wsgi.server [req-0b3194a7-fbae-4214-88fe-39afd63e25a7 113d3a99c3da401fbd62cc2caa5b96d2 54fadb412c4e40cdbaed9335e4c35a9e - - -] 10.11.10.1 ""GET /v2/54fadb412c4e40cdbaed9335e4c35a9e/servers/detail HTTP/1.1"" status 200 len 1893 time 0.2536151",[]
479,nova-api.log.1.2017-05-16_13:53:08
2017-05-16 00:03:36.979 25743 INFO nova.api.openstack.compute.server_external_events [req-3be0ba1e-d96d-483e-b14d-e3c6c34f36f7 f7b8d1f1d4d44643b07fa10ca7d021fb e9746973ac574c6b8a9e8857f56a7608 - - -] Creating event network-vif-plugged:85754923-baff-45ad-9e35-a3055c898234 for instance 7e7cc42f-3cb9-4d91-804c-f5a32d54f1c5,576f8ae3,nova-api.log.1.2017-05-16_13 53 08 2017-05-16 00 03 36.979 25743 INFO nova.api.openstack.compute.server_external_events [req-3be0ba1e-d96d-483e-b14d-e3c6c34f36f7 f7b8d1f1d4d44643b07fa10ca7d021fb e9746973ac574c6b8a9e8857f56a7608 - - -] Creating event network-vif-plugged 85754923-baff-45ad-9e35-a3055c898234 for instance 7e7cc42f-3cb9-4d91-804c-f5a32d54f1c5,[]
480,"nova-api.log.1.2017-05-16_13:53:08
2017-05-16 00:03:36.986 25743 INFO nova.osapi_compute.wsgi.server [req-3be0ba1e-d96d-483e-b14d-e3c6c34f36f7 f7b8d1f1d4d44643b07fa10ca7d021fb e9746973ac574c6b8a9e8857f56a7608 - - -] 10.11.10.1 ""POST /v2/e9746973ac574c6b8a9e8857f56a7608/os-server-external-events HTTP/1.1"" status: 200 len: 380 time: 0.1039391",8fe987a3,"nova-api.log.1.2017-05-16_13 53 08 2017-05-16 00 03 36.986 25743 INFO nova.osapi_compute.wsgi.server [req-3be0ba1e-d96d-483e-b14d-e3c6c34f36f7 f7b8d1f1d4d44643b07fa10ca7d021fb e9746973ac574c6b8a9e8857f56a7608 - - -] 10.11.10.1 ""POST /v2/e9746973ac574c6b8a9e8857f56a7608/os-server-external-events HTTP/1.1"" status 200 len 380 time 0.1039391",[]
481,nova-compute.log.1.2017-05-16_13:55:31
2017-05-16 00:03:36.996 2931 INFO nova.compute.manager [req-3ea4052c-895d-4b64-9e2d-04d64c4d94ab - - - - -] [instance: 7e7cc42f-3cb9-4d91-804c-f5a32d54f1c5] VM Resumed (Lifecycle Event),5addd1ac,nova-compute.log.1.2017-05-16_13 55 31 2017-05-16 00 03 <*> 2931 INFO nova.compute.manager [req-3ea4052c-895d-4b64-9e2d-04d64c4d94ab - - - - -] [instance 7e7cc42f-3cb9-4d91-804c-f5a32d54f1c5] VM <*> (Lifecycle Event),[]
482,nova-compute.log.1.2017-05-16_13:55:31
2017-05-16 00:03:37.002 2931 INFO nova.virt.libvirt.driver [-] [instance: 7e7cc42f-3cb9-4d91-804c-f5a32d54f1c5] Instance spawned successfully.,29afb9b1,nova-compute.log.1.2017-05-16_13 55 31 2017-05-16 00 03 37.002 2931 INFO nova.virt.libvirt.driver [-] [instance 7e7cc42f-3cb9-4d91-804c-f5a32d54f1c5] Instance spawned successfully.,[]
483,nova-compute.log.1.2017-05-16_13:55:31
2017-05-16 00:03:37.003 2931 INFO nova.compute.manager [req-2d658d2c-7eff-414e-a68f-3f1c75c9e874 113d3a99c3da401fbd62cc2caa5b96d2 54fadb412c4e40cdbaed9335e4c35a9e - - -] [instance: 7e7cc42f-3cb9-4d91-804c-f5a32d54f1c5] Took 19.07 seconds to spawn the instance on the hypervisor.,3d40b510,nova-compute.log.1.2017-05-16_13 55 31 2017-05-16 00 03 37.003 2931 INFO nova.compute.manager [req-2d658d2c-7eff-414e-a68f-3f1c75c9e874 113d3a99c3da401fbd62cc2caa5b96d2 54fadb412c4e40cdbaed9335e4c35a9e - - -] [instance 7e7cc42f-3cb9-4d91-804c-f5a32d54f1c5] Took 19.07 seconds to spawn the instance on the hypervisor.,[]
484,nova-compute.log.1.2017-05-16_13:55:31
2017-05-16 00:03:37.113 2931 INFO nova.compute.manager [req-3ea4052c-895d-4b64-9e2d-04d64c4d94ab - - - - -] [instance: 7e7cc42f-3cb9-4d91-804c-f5a32d54f1c5] During sync_power_state the instance has a pending task (spawning). Skip.,5d51da0c,nova-compute.log.1.2017-05-16_13 55 31 2017-05-16 00 00 <*> 2931 INFO nova.compute.manager [req-3ea4052c-895d-4b64-9e2d-04d64c4d94ab - - - - -] [instance <*> During sync_power_state the instance has a pending task (spawning). Skip.,[]
485,nova-compute.log.1.2017-05-16_13:55:31
2017-05-16 00:03:37.115 2931 INFO nova.compute.manager [req-3ea4052c-895d-4b64-9e2d-04d64c4d94ab - - - - -] [instance: 7e7cc42f-3cb9-4d91-804c-f5a32d54f1c5] VM Resumed (Lifecycle Event),5addd1ac,nova-compute.log.1.2017-05-16_13 55 31 2017-05-16 00 03 <*> 2931 INFO nova.compute.manager [req-3ea4052c-895d-4b64-9e2d-04d64c4d94ab - - - - -] [instance 7e7cc42f-3cb9-4d91-804c-f5a32d54f1c5] VM <*> (Lifecycle Event),[]
486,nova-compute.log.1.2017-05-16_13:55:31
2017-05-16 00:03:37.133 2931 INFO nova.compute.manager [req-2d658d2c-7eff-414e-a68f-3f1c75c9e874 113d3a99c3da401fbd62cc2caa5b96d2 54fadb412c4e40cdbaed9335e4c35a9e - - -] [instance: 7e7cc42f-3cb9-4d91-804c-f5a32d54f1c5] Took 19.92 seconds to build instance.,ff7335d1,nova-compute.log.1.2017-05-16_13 55 31 2017-05-16 00 03 37.133 2931 INFO nova.compute.manager [req-2d658d2c-7eff-414e-a68f-3f1c75c9e874 113d3a99c3da401fbd62cc2caa5b96d2 54fadb412c4e40cdbaed9335e4c35a9e - - -] [instance 7e7cc42f-3cb9-4d91-804c-f5a32d54f1c5] Took 19.92 seconds to build instance.,[]
487,"nova-api.log.1.2017-05-16_13:53:08
2017-05-16 00:03:37.446 25746 INFO nova.osapi_compute.wsgi.server [req-f32a2c19-2c81-45f7-8506-f8e539929139 113d3a99c3da401fbd62cc2caa5b96d2 54fadb412c4e40cdbaed9335e4c35a9e - - -] 10.11.10.1 ""GET /v2/54fadb412c4e40cdbaed9335e4c35a9e/servers/detail HTTP/1.1"" status: 200 len: 1910 time: 0.2687280",788f701d,"nova-api.log.1.2017-05-16_13 53 08 2017-05-16 00 03 37.446 25746 INFO nova.osapi_compute.wsgi.server [req-f32a2c19-2c81-45f7-8506-f8e539929139 113d3a99c3da401fbd62cc2caa5b96d2 54fadb412c4e40cdbaed9335e4c35a9e - - -] 10.11.10.1 ""GET /v2/54fadb412c4e40cdbaed9335e4c35a9e/servers/detail HTTP/1.1"" status 200 len 1910 time 0.2687280",[]
488,"nova-api.log.1.2017-05-16_13:53:08
2017-05-16 00:03:37.708 25746 INFO nova.osapi_compute.wsgi.server [req-f204b576-164a-45e0-b31f-e57265e8864a 113d3a99c3da401fbd62cc2caa5b96d2 54fadb412c4e40cdbaed9335e4c35a9e - - -] 10.11.10.1 ""GET /v2/54fadb412c4e40cdbaed9335e4c35a9e/servers/detail HTTP/1.1"" status: 200 len: 1910 time: 0.2570262",47263fe8,"nova-api.log.1.2017-05-16_13 53 08 2017-05-16 00 03 37.708 25746 INFO nova.osapi_compute.wsgi.server [req-f204b576-164a-45e0-b31f-e57265e8864a 113d3a99c3da401fbd62cc2caa5b96d2 54fadb412c4e40cdbaed9335e4c35a9e - - -] 10.11.10.1 ""GET /v2/54fadb412c4e40cdbaed9335e4c35a9e/servers/detail HTTP/1.1"" status 200 len 1910 time 0.2570262",[]
489,nova-compute.log.1.2017-05-16_13:55:31
