2017-05-16 00:05:30.612 25746 INFO nova.osapi_compute.wsgi.server [req-6fe0e366-f20b-454e-ade1-771deb7a911f 113d3a99c3da401fbd62cc2caa5b96d2 54fadb412c4e40cdbaed9335e4c35a9e - - -] 10.11.10.1 ""GET /v2/54fadb412c4e40cdbaed9335e4c35a9e/servers/detail HTTP/1.1"" status: 200 len: 1893 time: 0.2608259",9377b2bf,"nova-api.log.1.2017-05-16_13 53 08 2017-05-16 00 05 30.612 25746 INFO nova.osapi_compute.wsgi.server [req-6fe0e366-f20b-454e-ade1-771deb7a911f 113d3a99c3da401fbd62cc2caa5b96d2 54fadb412c4e40cdbaed9335e4c35a9e - - -] 10.11.10.1 ""GET /v2/54fadb412c4e40cdbaed9335e4c35a9e/servers/detail HTTP/1.1"" status 200 len 1893 time 0.2608259",[]
732,"nova-api.log.1.2017-05-16_13:53:08
2017-05-16 00:05:30.865 25746 INFO nova.osapi_compute.wsgi.server [req-e796fbdd-a70f-4bae-883d-b2098996e4a7 113d3a99c3da401fbd62cc2caa5b96d2 54fadb412c4e40cdbaed9335e4c35a9e - - -] 10.11.10.1 ""GET /v2/54fadb412c4e40cdbaed9335e4c35a9e/servers/detail HTTP/1.1"" status: 200 len: 1893 time: 0.2494860",7af3c27a,"nova-api.log.1.2017-05-16_13 53 08 2017-05-16 00 05 30.865 25746 INFO nova.osapi_compute.wsgi.server [req-e796fbdd-a70f-4bae-883d-b2098996e4a7 113d3a99c3da401fbd62cc2caa5b96d2 54fadb412c4e40cdbaed9335e4c35a9e - - -] 10.11.10.1 ""GET /v2/54fadb412c4e40cdbaed9335e4c35a9e/servers/detail HTTP/1.1"" status 200 len 1893 time 0.2494860",[]
733,"nova-api.log.1.2017-05-16_13:53:08
2017-05-16 00:05:32.134 25746 INFO nova.osapi_compute.wsgi.server [req-912661ba-4a2e-4f08-9b80-ad089e9b411c 113d3a99c3da401fbd62cc2caa5b96d2 54fadb412c4e40cdbaed9335e4c35a9e - - -] 10.11.10.1 ""GET /v2/54fadb412c4e40cdbaed9335e4c35a9e/servers/detail HTTP/1.1"" status: 200 len: 1893 time: 0.2634768",704c83be,"nova-api.log.1.2017-05-16_13 53 08 2017-05-16 00 05 32.134 25746 INFO nova.osapi_compute.wsgi.server [req-912661ba-4a2e-4f08-9b80-ad089e9b411c 113d3a99c3da401fbd62cc2caa5b96d2 54fadb412c4e40cdbaed9335e4c35a9e - - -] 10.11.10.1 ""GET /v2/54fadb412c4e40cdbaed9335e4c35a9e/servers/detail HTTP/1.1"" status 200 len 1893 time 0.2634768",[]
734,"nova-api.log.1.2017-05-16_13:53:08
2017-05-16 00:05:32.394 25746 INFO nova.osapi_compute.wsgi.server [req-6c8b83e2-6f28-48d3-a8ab-71da45452ed9 113d3a99c3da401fbd62cc2caa5b96d2 54fadb412c4e40cdbaed9335e4c35a9e - - -] 10.11.10.1 ""GET /v2/54fadb412c4e40cdbaed9335e4c35a9e/servers/detail HTTP/1.1"" status: 200 len: 1893 time: 0.2556951",fe425a07,"nova-api.log.1.2017-05-16_13 53 08 2017-05-16 00 05 32.394 25746 INFO nova.osapi_compute.wsgi.server [req-6c8b83e2-6f28-48d3-a8ab-71da45452ed9 113d3a99c3da401fbd62cc2caa5b96d2 54fadb412c4e40cdbaed9335e4c35a9e - - -] 10.11.10.1 ""GET /v2/54fadb412c4e40cdbaed9335e4c35a9e/servers/detail HTTP/1.1"" status 200 len 1893 time 0.2556951",[]
735,"nova-api.log.1.2017-05-16_13:53:08
2017-05-16 00:05:33.674 25746 INFO nova.osapi_compute.wsgi.server [req-88946337-1b76-4bc9-b24f-586f5a78abe2 113d3a99c3da401fbd62cc2caa5b96d2 54fadb412c4e40cdbaed9335e4c35a9e - - -] 10.11.10.1 ""GET /v2/54fadb412c4e40cdbaed9335e4c35a9e/servers/detail HTTP/1.1"" status: 200 len: 1893 time: 0.2740719",d7203b2b,"nova-api.log.1.2017-05-16_13 53 08 2017-05-16 00 05 33.674 25746 INFO nova.osapi_compute.wsgi.server [req-88946337-1b76-4bc9-b24f-586f5a78abe2 113d3a99c3da401fbd62cc2caa5b96d2 54fadb412c4e40cdbaed9335e4c35a9e - - -] 10.11.10.1 ""GET /v2/54fadb412c4e40cdbaed9335e4c35a9e/servers/detail HTTP/1.1"" status 200 len 1893 time 0.2740719",[]
736,"nova-api.log.1.2017-05-16_13:53:08
2017-05-16 00:05:33.931 25746 INFO nova.osapi_compute.wsgi.server [req-60307fcf-4b28-4649-ba54-227bbbf75c6a 113d3a99c3da401fbd62cc2caa5b96d2 54fadb412c4e40cdbaed9335e4c35a9e - - -] 10.11.10.1 ""GET /v2/54fadb412c4e40cdbaed9335e4c35a9e/servers/detail HTTP/1.1"" status: 200 len: 1893 time: 0.2517381",d00d969c,"nova-api.log.1.2017-05-16_13 53 08 2017-05-16 00 05 33.931 25746 INFO nova.osapi_compute.wsgi.server [req-60307fcf-4b28-4649-ba54-227bbbf75c6a 113d3a99c3da401fbd62cc2caa5b96d2 54fadb412c4e40cdbaed9335e4c35a9e - - -] 10.11.10.1 ""GET /v2/54fadb412c4e40cdbaed9335e4c35a9e/servers/detail HTTP/1.1"" status 200 len 1893 time 0.2517381",[]
737,nova-compute.log.1.2017-05-16_13:55:31
2017-05-16 00:05:34.911 2931 INFO nova.compute.manager [req-3ea4052c-895d-4b64-9e2d-04d64c4d94ab - - - - -] [instance: 43204226-2f87-4da7-b7ee-4d20cc66e846] VM Started (Lifecycle Event),168f4ceb,nova-compute.log.1.2017-05-16_13 55 31 2017-05-16 00 05 <*> 2931 INFO nova.compute.manager [req-3ea4052c-895d-4b64-9e2d-04d64c4d94ab - - - - -] [instance 43204226-2f87-4da7-b7ee-4d20cc66e846] VM <*> (Lifecycle Event),[]
738,nova-compute.log.1.2017-05-16_13:55:31
2017-05-16 00:05:34.979 2931 INFO nova.compute.manager [req-3ea4052c-895d-4b64-9e2d-04d64c4d94ab - - - - -] [instance: 43204226-2f87-4da7-b7ee-4d20cc66e846] VM Paused (Lifecycle Event),168f4ceb,nova-compute.log.1.2017-05-16_13 55 31 2017-05-16 00 05 <*> 2931 INFO nova.compute.manager [req-3ea4052c-895d-4b64-9e2d-04d64c4d94ab - - - - -] [instance 43204226-2f87-4da7-b7ee-4d20cc66e846] VM <*> (Lifecycle Event),[]
739,nova-compute.log.1.2017-05-16_13:55:31
2017-05-16 00:05:35.105 2931 INFO nova.compute.manager [req-3ea4052c-895d-4b64-9e2d-04d64c4d94ab - - - - -] [instance: 43204226-2f87-4da7-b7ee-4d20cc66e846] During sync_power_state the instance has a pending task (spawning). Skip.,5d51da0c,nova-compute.log.1.2017-05-16_13 55 31 2017-05-16 00 00 <*> 2931 INFO nova.compute.manager [req-3ea4052c-895d-4b64-9e2d-04d64c4d94ab - - - - -] [instance <*> During sync_power_state the instance has a pending task (spawning). Skip.,[]
740,nova-compute.log.1.2017-05-16_13:55:31
2017-05-16 00:05:35.188 2931 INFO nova.virt.libvirt.imagecache [req-addc1839-2ed5-4778-b57e-5854eb7b8b09 - - - - -] image 0673dd71-34c5-4fbb-86c4-40623fbe45b4 at (/var/lib/nova/instances/_base/a489c868f0c37da93b76227c91bb03908ac0e742): checking,da90d8dd,nova-compute.log.1.2017-05-16_13 55 31 2017-05-16 00 00 <*> 2931 INFO nova.virt.libvirt.imagecache [req-addc1839-2ed5-4778-b57e-5854eb7b8b09 - - - - -] image 0673dd71-34c5-4fbb-86c4-40623fbe45b4 at (/var/lib/nova/instances/_base/a489c868f0c37da93b76227c91bb03908ac0e742) checking,[]
741,"nova-compute.log.1.2017-05-16_13:55:31
2017-05-16 00:05:35.189 2931 INFO nova.virt.libvirt.imagecache [req-addc1839-2ed5-4778-b57e-5854eb7b8b09 - - - - -] image 0673dd71-34c5-4fbb-86c4-40623fbe45b4 at (/var/lib/nova/instances/_base/a489c868f0c37da93b76227c91bb03908ac0e742): in use: on this node 1 local, 0 on other nodes sharing this instance storage",2225072b,nova-compute.log.1.2017-05-16_13 55 31 2017-05-16 00 00 <*> 2931 INFO nova.virt.libvirt.imagecache [req-addc1839-2ed5-4778-b57e-5854eb7b8b09 - - - - -] image 0673dd71-34c5-4fbb-86c4-40623fbe45b4 at (/var/lib/nova/instances/_base/a489c868f0c37da93b76227c91bb03908ac0e742) in use on this node 1 local 0 on other nodes sharing this instance storage,[]
742,"nova-api.log.1.2017-05-16_13:53:08
2017-05-16 00:05:35.203 25746 INFO nova.osapi_compute.wsgi.server [req-1902ca72-a41e-4900-898d-7d5c2feae591 113d3a99c3da401fbd62cc2caa5b96d2 54fadb412c4e40cdbaed9335e4c35a9e - - -] 10.11.10.1 ""GET /v2/54fadb412c4e40cdbaed9335e4c35a9e/servers/detail HTTP/1.1"" status: 200 len: 1893 time: 0.2677131",fc62b2f0,"nova-api.log.1.2017-05-16_13 53 08 2017-05-16 00 05 35.203 25746 INFO nova.osapi_compute.wsgi.server [req-1902ca72-a41e-4900-898d-7d5c2feae591 113d3a99c3da401fbd62cc2caa5b96d2 54fadb412c4e40cdbaed9335e4c35a9e - - -] 10.11.10.1 ""GET /v2/54fadb412c4e40cdbaed9335e4c35a9e/servers/detail HTTP/1.1"" status 200 len 1893 time 0.2677131",[]
743,nova-compute.log.1.2017-05-16_13:55:31
2017-05-16 00:05:35.374 2931 INFO nova.virt.libvirt.imagecache [req-addc1839-2ed5-4778-b57e-5854eb7b8b09 - - - - -] Active base files: /var/lib/nova/instances/_base/a489c868f0c37da93b76227c91bb03908ac0e742,c4d016e5,nova-compute.log.1.2017-05-16_13 55 31 2017-05-16 00 00 <*> 2931 INFO nova.virt.libvirt.imagecache [req-addc1839-2ed5-4778-b57e-5854eb7b8b09 - - - - -] <*> base files /var/lib/nova/instances/_base/a489c868f0c37da93b76227c91bb03908ac0e742,[]
744,"nova-api.log.1.2017-05-16_13:53:08
2017-05-16 00:05:35.478 25746 INFO nova.osapi_compute.wsgi.server [req-5289331a-b4c1-48d6-b35f-9edfcacccef0 113d3a99c3da401fbd62cc2caa5b96d2 54fadb412c4e40cdbaed9335e4c35a9e - - -] 10.11.10.1 ""GET /v2/54fadb412c4e40cdbaed9335e4c35a9e/servers/detail HTTP/1.1"" status: 200 len: 1893 time: 0.2714450",b81c3010,"nova-api.log.1.2017-05-16_13 53 08 2017-05-16 00 05 35.478 25746 INFO nova.osapi_compute.wsgi.server [req-5289331a-b4c1-48d6-b35f-9edfcacccef0 113d3a99c3da401fbd62cc2caa5b96d2 54fadb412c4e40cdbaed9335e4c35a9e - - -] 10.11.10.1 ""GET /v2/54fadb412c4e40cdbaed9335e4c35a9e/servers/detail HTTP/1.1"" status 200 len 1893 time 0.2714450",[]
745,"nova-api.log.1.2017-05-16_13:53:08
2017-05-16 00:05:36.733 25746 INFO nova.osapi_compute.wsgi.server [req-bc51e9df-dfc1-4406-8bbb-6d4b4d6e0e20 113d3a99c3da401fbd62cc2caa5b96d2 54fadb412c4e40cdbaed9335e4c35a9e - - -] 10.11.10.1 ""GET /v2/54fadb412c4e40cdbaed9335e4c35a9e/servers/detail HTTP/1.1"" status: 200 len: 1893 time: 0.2498078",9b213382,"nova-api.log.1.2017-05-16_13 53 08 2017-05-16 00 05 36.733 25746 INFO nova.osapi_compute.wsgi.server [req-bc51e9df-dfc1-4406-8bbb-6d4b4d6e0e20 113d3a99c3da401fbd62cc2caa5b96d2 54fadb412c4e40cdbaed9335e4c35a9e - - -] 10.11.10.1 ""GET /v2/54fadb412c4e40cdbaed9335e4c35a9e/servers/detail HTTP/1.1"" status 200 len 1893 time 0.2498078",[]
746,"nova-api.log.1.2017-05-16_13:53:08
2017-05-16 00:05:37.021 25746 INFO nova.osapi_compute.wsgi.server [req-7fe775ef-77ca-494b-8b7b-ca9e05ab4015 113d3a99c3da401fbd62cc2caa5b96d2 54fadb412c4e40cdbaed9335e4c35a9e - - -] 10.11.10.1 ""GET /v2/54fadb412c4e40cdbaed9335e4c35a9e/servers/detail HTTP/1.1"" status: 200 len: 1893 time: 0.2847130",bf59737f,"nova-api.log.1.2017-05-16_13 53 08 2017-05-16 00 05 37.021 25746 INFO nova.osapi_compute.wsgi.server [req-7fe775ef-77ca-494b-8b7b-ca9e05ab4015 113d3a99c3da401fbd62cc2caa5b96d2 54fadb412c4e40cdbaed9335e4c35a9e - - -] 10.11.10.1 ""GET /v2/54fadb412c4e40cdbaed9335e4c35a9e/servers/detail HTTP/1.1"" status 200 len 1893 time 0.2847130",[]
747,"nova-api.log.1.2017-05-16_13:53:08
2017-05-16 00:05:38.459 25746 INFO nova.osapi_compute.wsgi.server [req-fc64a697-9990-4170-bd07-734525c5d666 113d3a99c3da401fbd62cc2caa5b96d2 54fadb412c4e40cdbaed9335e4c35a9e - - -] 10.11.10.1 ""GET /v2/54fadb412c4e40cdbaed9335e4c35a9e/servers/detail HTTP/1.1"" status: 200 len: 1893 time: 0.4322081",a8fabb8e,"nova-api.log.1.2017-05-16_13 53 08 2017-05-16 00 05 38.459 25746 INFO nova.osapi_compute.wsgi.server [req-fc64a697-9990-4170-bd07-734525c5d666 113d3a99c3da401fbd62cc2caa5b96d2 54fadb412c4e40cdbaed9335e4c35a9e - - -] 10.11.10.1 ""GET /v2/54fadb412c4e40cdbaed9335e4c35a9e/servers/detail HTTP/1.1"" status 200 len 1893 time 0.4322081",[]
748,"nova-api.log.1.2017-05-16_13:53:08
2017-05-16 00:05:38.708 25746 INFO nova.osapi_compute.wsgi.server [req-c4aa3830-6060-410f-b743-97f55cb918f8 113d3a99c3da401fbd62cc2caa5b96d2 54fadb412c4e40cdbaed9335e4c35a9e - - -] 10.11.10.1 ""GET /v2/54fadb412c4e40cdbaed9335e4c35a9e/servers/detail HTTP/1.1"" status: 200 len: 1893 time: 0.2457409",fd9d6c35,"nova-api.log.1.2017-05-16_13 53 08 2017-05-16 00 05 38.708 25746 INFO nova.osapi_compute.wsgi.server [req-c4aa3830-6060-410f-b743-97f55cb918f8 113d3a99c3da401fbd62cc2caa5b96d2 54fadb412c4e40cdbaed9335e4c35a9e - - -] 10.11.10.1 ""GET /v2/54fadb412c4e40cdbaed9335e4c35a9e/servers/detail HTTP/1.1"" status 200 len 1893 time 0.2457409",[]
749,"nova-api.log.1.2017-05-16_13:53:08
2017-05-16 00:05:40.098 25746 INFO nova.osapi_compute.wsgi.server [req-b9a11572-cb40-4192-9bbb-0aa909c3e0f6 113d3a99c3da401fbd62cc2caa5b96d2 54fadb412c4e40cdbaed9335e4c35a9e - - -] 10.11.10.1 ""GET /v2/54fadb412c4e40cdbaed9335e4c35a9e/servers/detail HTTP/1.1"" status: 200 len: 1893 time: 0.3834350",bb36cf26,"nova-api.log.1.2017-05-16_13 53 08 2017-05-16 00 05 40.098 25746 INFO nova.osapi_compute.wsgi.server [req-b9a11572-cb40-4192-9bbb-0aa909c3e0f6 113d3a99c3da401fbd62cc2caa5b96d2 54fadb412c4e40cdbaed9335e4c35a9e - - -] 10.11.10.1 ""GET /v2/54fadb412c4e40cdbaed9335e4c35a9e/servers/detail HTTP/1.1"" status 200 len 1893 time 0.3834350",[]
750,nova-compute.log.1.2017-05-16_13:55:31
2017-05-16 00:05:40.144 2931 INFO nova.virt.libvirt.imagecache [req-addc1839-2ed5-4778-b57e-5854eb7b8b09 - - - - -] image 0673dd71-34c5-4fbb-86c4-40623fbe45b4 at (/var/lib/nova/instances/_base/a489c868f0c37da93b76227c91bb03908ac0e742): checking,da90d8dd,nova-compute.log.1.2017-05-16_13 55 31 2017-05-16 00 00 <*> 2931 INFO nova.virt.libvirt.imagecache [req-addc1839-2ed5-4778-b57e-5854eb7b8b09 - - - - -] image 0673dd71-34c5-4fbb-86c4-40623fbe45b4 at (/var/lib/nova/instances/_base/a489c868f0c37da93b76227c91bb03908ac0e742) checking,[]
751,"nova-compute.log.1.2017-05-16_13:55:31
2017-05-16 00:05:40.145 2931 INFO nova.virt.libvirt.imagecache [req-addc1839-2ed5-4778-b57e-5854eb7b8b09 - - - - -] image 0673dd71-34c5-4fbb-86c4-40623fbe45b4 at (/var/lib/nova/instances/_base/a489c868f0c37da93b76227c91bb03908ac0e742): in use: on this node 1 local, 0 on other nodes sharing this instance storage",2225072b,nova-compute.log.1.2017-05-16_13 55 31 2017-05-16 00 00 <*> 2931 INFO nova.virt.libvirt.imagecache [req-addc1839-2ed5-4778-b57e-5854eb7b8b09 - - - - -] image 0673dd71-34c5-4fbb-86c4-40623fbe45b4 at (/var/lib/nova/instances/_base/a489c868f0c37da93b76227c91bb03908ac0e742) in use on this node 1 local 0 on other nodes sharing this instance storage,[]
752,nova-compute.log.1.2017-05-16_13:55:31
2017-05-16 00:05:40.330 2931 INFO nova.virt.libvirt.imagecache [req-addc1839-2ed5-4778-b57e-5854eb7b8b09 - - - - -] Active base files: /var/lib/nova/instances/_base/a489c868f0c37da93b76227c91bb03908ac0e742,c4d016e5,nova-compute.log.1.2017-05-16_13 55 31 2017-05-16 00 00 <*> 2931 INFO nova.virt.libvirt.imagecache [req-addc1839-2ed5-4778-b57e-5854eb7b8b09 - - - - -] <*> base files /var/lib/nova/instances/_base/a489c868f0c37da93b76227c91bb03908ac0e742,[]
753,"nova-api.log.1.2017-05-16_13:53:08
2017-05-16 00:05:40.373 25746 INFO nova.osapi_compute.wsgi.server [req-2a243770-f5c3-4a9b-8bd5-13063d31a644 113d3a99c3da401fbd62cc2caa5b96d2 54fadb412c4e40cdbaed9335e4c35a9e - - -] 10.11.10.1 ""GET /v2/54fadb412c4e40cdbaed9335e4c35a9e/servers/detail HTTP/1.1"" status: 200 len: 1893 time: 0.2696431",c2124f58,"nova-api.log.1.2017-05-16_13 53 08 2017-05-16 00 05 40.373 25746 INFO nova.osapi_compute.wsgi.server [req-2a243770-f5c3-4a9b-8bd5-13063d31a644 113d3a99c3da401fbd62cc2caa5b96d2 54fadb412c4e40cdbaed9335e4c35a9e - - -] 10.11.10.1 ""GET /v2/54fadb412c4e40cdbaed9335e4c35a9e/servers/detail HTTP/1.1"" status 200 len 1893 time 0.2696431",[]
754,nova-api.log.1.2017-05-16_13:53:08
2017-05-16 00:05:41.210 25743 INFO nova.api.openstack.compute.server_external_events [req-297ec716-683d-434e-8b23-eb29cdd762cb f7b8d1f1d4d44643b07fa10ca7d021fb e9746973ac574c6b8a9e8857f56a7608 - - -] Creating event network-vif-plugged:60df1c66-a513-4973-aeed-095809a52794 for instance 43204226-2f87-4da7-b7ee-4d20cc66e846,52357f2c,nova-api.log.1.2017-05-16_13 53 08 2017-05-16 00 05 41.210 25743 INFO nova.api.openstack.compute.server_external_events [req-297ec716-683d-434e-8b23-eb29cdd762cb f7b8d1f1d4d44643b07fa10ca7d021fb e9746973ac574c6b8a9e8857f56a7608 - - -] Creating event network-vif-plugged 60df1c66-a513-4973-aeed-095809a52794 for instance 43204226-2f87-4da7-b7ee-4d20cc66e846,[]
755,"nova-api.log.1.2017-05-16_13:53:08
2017-05-16 00:05:41.216 25743 INFO nova.osapi_compute.wsgi.server [req-297ec716-683d-434e-8b23-eb29cdd762cb f7b8d1f1d4d44643b07fa10ca7d021fb e9746973ac574c6b8a9e8857f56a7608 - - -] 10.11.10.1 ""POST /v2/e9746973ac574c6b8a9e8857f56a7608/os-server-external-events HTTP/1.1"" status: 200 len: 380 time: 0.0912890",3e854e76,"nova-api.log.1.2017-05-16_13 53 08 2017-05-16 00 05 41.216 25743 INFO nova.osapi_compute.wsgi.server [req-297ec716-683d-434e-8b23-eb29cdd762cb f7b8d1f1d4d44643b07fa10ca7d021fb e9746973ac574c6b8a9e8857f56a7608 - - -] 10.11.10.1 ""POST /v2/e9746973ac574c6b8a9e8857f56a7608/os-server-external-events HTTP/1.1"" status 200 len 380 time 0.0912890",[]
756,nova-compute.log.1.2017-05-16_13:55:31
2017-05-16 00:05:41.229 2931 INFO nova.compute.manager [req-3ea4052c-895d-4b64-9e2d-04d64c4d94ab - - - - -] [instance: 43204226-2f87-4da7-b7ee-4d20cc66e846] VM Resumed (Lifecycle Event),168f4ceb,nova-compute.log.1.2017-05-16_13 55 31 2017-05-16 00 05 <*> 2931 INFO nova.compute.manager [req-3ea4052c-895d-4b64-9e2d-04d64c4d94ab - - - - -] [instance 43204226-2f87-4da7-b7ee-4d20cc66e846] VM <*> (Lifecycle Event),[]
757,nova-compute.log.1.2017-05-16_13:55:31
2017-05-16 00:05:41.236 2931 INFO nova.virt.libvirt.driver [-] [instance: 43204226-2f87-4da7-b7ee-4d20cc66e846] Instance spawned successfully.,c0d52c46,nova-compute.log.1.2017-05-16_13 55 31 2017-05-16 00 05 41.236 2931 INFO nova.virt.libvirt.driver [-] [instance 43204226-2f87-4da7-b7ee-4d20cc66e846] Instance spawned successfully.,[]
758,nova-compute.log.1.2017-05-16_13:55:31
2017-05-16 00:05:41.236 2931 INFO nova.compute.manager [req-29a09cdb-3169-4c40-8bd1-552636286362 113d3a99c3da401fbd62cc2caa5b96d2 54fadb412c4e40cdbaed9335e4c35a9e - - -] [instance: 43204226-2f87-4da7-b7ee-4d20cc66e846] Took 19.37 seconds to spawn the instance on the hypervisor.,e4e8d8f6,nova-compute.log.1.2017-05-16_13 55 31 2017-05-16 00 05 41.236 2931 INFO nova.compute.manager [req-29a09cdb-3169-4c40-8bd1-552636286362 113d3a99c3da401fbd62cc2caa5b96d2 54fadb412c4e40cdbaed9335e4c35a9e - - -] [instance 43204226-2f87-4da7-b7ee-4d20cc66e846] Took 19.37 seconds to spawn the instance on the hypervisor.,[]
759,nova-compute.log.1.2017-05-16_13:55:31
2017-05-16 00:05:41.351 2931 INFO nova.compute.manager [req-3ea4052c-895d-4b64-9e2d-04d64c4d94ab - - - - -] [instance: 43204226-2f87-4da7-b7ee-4d20cc66e846] During sync_power_state the instance has a pending task (spawning). Skip.,5d51da0c,nova-compute.log.1.2017-05-16_13 55 31 2017-05-16 00 00 <*> 2931 INFO nova.compute.manager [req-3ea4052c-895d-4b64-9e2d-04d64c4d94ab - - - - -] [instance <*> During sync_power_state the instance has a pending task (spawning). Skip.,[]
760,nova-compute.log.1.2017-05-16_13:55:31
2017-05-16 00:05:41.352 2931 INFO nova.compute.manager [req-3ea4052c-895d-4b64-9e2d-04d64c4d94ab - - - - -] [instance: 43204226-2f87-4da7-b7ee-4d20cc66e846] VM Resumed (Lifecycle Event),168f4ceb,nova-compute.log.1.2017-05-16_13 55 31 2017-05-16 00 05 <*> 2931 INFO nova.compute.manager [req-3ea4052c-895d-4b64-9e2d-04d64c4d94ab - - - - -] [instance 43204226-2f87-4da7-b7ee-4d20cc66e846] VM <*> (Lifecycle Event),[]
761,nova-compute.log.1.2017-05-16_13:55:31
2017-05-16 00:05:41.371 2931 INFO nova.compute.manager [req-29a09cdb-3169-4c40-8bd1-552636286362 113d3a99c3da401fbd62cc2caa5b96d2 54fadb412c4e40cdbaed9335e4c35a9e - - -] [instance: 43204226-2f87-4da7-b7ee-4d20cc66e846] Took 20.14 seconds to build instance.,7263d1e5,nova-compute.log.1.2017-05-16_13 55 31 2017-05-16 00 05 41.371 2931 INFO nova.compute.manager [req-29a09cdb-3169-4c40-8bd1-552636286362 113d3a99c3da401fbd62cc2caa5b96d2 54fadb412c4e40cdbaed9335e4c35a9e - - -] [instance 43204226-2f87-4da7-b7ee-4d20cc66e846] Took 20.14 seconds to build instance.,[]
762,"nova-api.log.1.2017-05-16_13:53:08
2017-05-16 00:05:41.636 25746 INFO nova.osapi_compute.wsgi.server [req-7f1448b8-38fe-4dc3-b1d7-ca0058b598bd 113d3a99c3da401fbd62cc2caa5b96d2 54fadb412c4e40cdbaed9335e4c35a9e - - -] 10.11.10.1 ""GET /v2/54fadb412c4e40cdbaed9335e4c35a9e/servers/detail HTTP/1.1"" status: 200 len: 1910 time: 0.2568409",bfd4bcaf,"nova-api.log.1.2017-05-16_13 53 08 2017-05-16 00 05 41.636 25746 INFO nova.osapi_compute.wsgi.server [req-7f1448b8-38fe-4dc3-b1d7-ca0058b598bd 113d3a99c3da401fbd62cc2caa5b96d2 54fadb412c4e40cdbaed9335e4c35a9e - - -] 10.11.10.1 ""GET /v2/54fadb412c4e40cdbaed9335e4c35a9e/servers/detail HTTP/1.1"" status 200 len 1910 time 0.2568409",[]
763,"nova-api.log.1.2017-05-16_13:53:08
2017-05-16 00:05:41.897 25746 INFO nova.osapi_compute.wsgi.server [req-a20bd580-2378-436b-91fc-79d1ce871713 113d3a99c3da401fbd62cc2caa5b96d2 54fadb412c4e40cdbaed9335e4c35a9e - - -] 10.11.10.1 ""GET /v2/54fadb412c4e40cdbaed9335e4c35a9e/servers/detail HTTP/1.1"" status: 200 len: 1910 time: 0.2556732",3dc83161,"nova-api.log.1.2017-05-16_13 53 08 2017-05-16 00 05 41.897 25746 INFO nova.osapi_compute.wsgi.server [req-a20bd580-2378-436b-91fc-79d1ce871713 113d3a99c3da401fbd62cc2caa5b96d2 54fadb412c4e40cdbaed9335e4c35a9e - - -] 10.11.10.1 ""GET /v2/54fadb412c4e40cdbaed9335e4c35a9e/servers/detail HTTP/1.1"" status 200 len 1910 time 0.2556732",[]
764,nova-compute.log.1.2017-05-16_13:55:31
2017-05-16 00:05:45.383 2931 INFO nova.virt.libvirt.imagecache [req-addc1839-2ed5-4778-b57e-5854eb7b8b09 - - - - -] image 0673dd71-34c5-4fbb-86c4-40623fbe45b4 at (/var/lib/nova/instances/_base/a489c868f0c37da93b76227c91bb03908ac0e742): checking,da90d8dd,nova-compute.log.1.2017-05-16_13 55 31 2017-05-16 00 00 <*> 2931 INFO nova.virt.libvirt.imagecache [req-addc1839-2ed5-4778-b57e-5854eb7b8b09 - - - - -] image 0673dd71-34c5-4fbb-86c4-40623fbe45b4 at (/var/lib/nova/instances/_base/a489c868f0c37da93b76227c91bb03908ac0e742) checking,[]
765,"nova-compute.log.1.2017-05-16_13:55:31
2017-05-16 00:05:45.384 2931 INFO nova.virt.libvirt.imagecache [req-addc1839-2ed5-4778-b57e-5854eb7b8b09 - - - - -] image 0673dd71-34c5-4fbb-86c4-40623fbe45b4 at (/var/lib/nova/instances/_base/a489c868f0c37da93b76227c91bb03908ac0e742): in use: on this node 1 local, 0 on other nodes sharing this instance storage",2225072b,nova-compute.log.1.2017-05-16_13 55 31 2017-05-16 00 00 <*> 2931 INFO nova.virt.libvirt.imagecache [req-addc1839-2ed5-4778-b57e-5854eb7b8b09 - - - - -] image 0673dd71-34c5-4fbb-86c4-40623fbe45b4 at (/var/lib/nova/instances/_base/a489c868f0c37da93b76227c91bb03908ac0e742) in use on this node 1 local 0 on other nodes sharing this instance storage,[]
766,nova-compute.log.1.2017-05-16_13:55:31
2017-05-16 00:05:45.547 2931 INFO nova.virt.libvirt.imagecache [req-addc1839-2ed5-4778-b57e-5854eb7b8b09 - - - - -] Active base files: /var/lib/nova/instances/_base/a489c868f0c37da93b76227c91bb03908ac0e742,c4d016e5,nova-compute.log.1.2017-05-16_13 55 31 2017-05-16 00 00 <*> 2931 INFO nova.virt.libvirt.imagecache [req-addc1839-2ed5-4778-b57e-5854eb7b8b09 - - - - -] <*> base files /var/lib/nova/instances/_base/a489c868f0c37da93b76227c91bb03908ac0e742,[]
767,"nova-api.log.1.2017-05-16_13:53:08
2017-05-16 00:05:47.492 25797 INFO nova.metadata.wsgi.server [req-82d56826-e751-467c-b922-97a8f782f84f - - - - -] 10.11.21.130,10.11.10.1 ""GET /openstack/2012-08-10/meta_data.json HTTP/1.1"" status: 200 len: 264 time: 0.2336938",f6be98d8,"nova-api.log.1.2017-05-16_13 53 08 2017-05-16 00 05 47.492 25797 INFO nova.metadata.wsgi.server [req-82d56826-e751-467c-b922-97a8f782f84f - - - - -] 10.11.21.130 10.11.10.1 ""GET /openstack/2012-08-10/meta_data.json HTTP/1.1"" status 200 len 264 time 0.2336938",[]
768,"nova-api.log.1.2017-05-16_13:53:08
2017-05-16 00:05:47.502 25797 INFO nova.metadata.wsgi.server [-] 10.11.21.130,10.11.10.1 ""GET /openstack/2013-10-17 HTTP/1.1"" status: 200 len: 157 time: 0.0007410",3b8fbaaa,"nova-api.log.1.2017-05-16_13 53 08 2017-05-16 00 05 47.502 25797 INFO nova.metadata.wsgi.server [-] 10.11.21.130 10.11.10.1 ""GET /openstack/2013-10-17 HTTP/1.1"" status 200 len 157 time 0.0007410",[]
769,"nova-api.log.1.2017-05-16_13:53:08
2017-05-16 00:05:47.731 25778 INFO nova.metadata.wsgi.server [req-89545a1f-55c0-4475-9183-2f74dfc5fb04 - - - - -] 10.11.21.130,10.11.10.1 ""GET /openstack/2013-10-17/vendor_data.json HTTP/1.1"" status: 200 len: 124 time: 0.2199168",8a343ef3,"nova-api.log.1.2017-05-16_13 53 08 2017-05-16 00 05 47.731 25778 INFO nova.metadata.wsgi.server [req-89545a1f-55c0-4475-9183-2f74dfc5fb04 - - - - -] 10.11.21.130 10.11.10.1 ""GET /openstack/2013-10-17/vendor_data.json HTTP/1.1"" status 200 len 124 time 0.2199168",[]
770,"nova-api.log.1.2017-05-16_13:53:08
2017-05-16 00:05:47.743 25778 INFO nova.metadata.wsgi.server [-] 10.11.21.130,10.11.10.1 ""GET /openstack/2013-10-17/vendor_data.json HTTP/1.1"" status: 200 len: 124 time: 0.0006940",f1a9dfc8,"nova-api.log.1.2017-05-16_13 53 08 2017-05-16 00 05 47.743 25778 INFO nova.metadata.wsgi.server [-] 10.11.21.130 10.11.10.1 ""GET /openstack/2013-10-17/vendor_data.json HTTP/1.1"" status 200 len 124 time 0.0006940",[]
771,"nova-api.log.1.2017-05-16_13:53:08
2017-05-16 00:05:47.983 25786 INFO nova.metadata.wsgi.server [req-a189d358-853f-4bdb-8972-dcc23dfa73a8 - - - - -] 10.11.21.130,10.11.10.1 ""GET /openstack/2013-10-17/user_data HTTP/1.1"" status: 404 len: 176 time: 0.2292249",665a61c1,"nova-api.log.1.2017-05-16_13 53 08 2017-05-16 00 05 47.983 25786 INFO nova.metadata.wsgi.server [req-a189d358-853f-4bdb-8972-dcc23dfa73a8 - - - - -] 10.11.21.130 10.11.10.1 ""GET /openstack/2013-10-17/user_data HTTP/1.1"" status 404 len 176 time 0.2292249",[]
772,"nova-api.log.1.2017-05-16_13:53:08
2017-05-16 00:05:48.197 25746 INFO nova.osapi_compute.wsgi.server [req-31453286-67b1-4c86-89bc-445a668da2d9 113d3a99c3da401fbd62cc2caa5b96d2 54fadb412c4e40cdbaed9335e4c35a9e - - -] 10.11.10.1 ""DELETE /v2/54fadb412c4e40cdbaed9335e4c35a9e/servers/43204226-2f87-4da7-b7ee-4d20cc66e846 HTTP/1.1"" status: 204 len: 203 time: 0.2904482",ee6e71e5,"nova-api.log.1.2017-05-16_13 53 08 2017-05-16 00 05 48.197 25746 INFO nova.osapi_compute.wsgi.server [req-31453286-67b1-4c86-89bc-445a668da2d9 113d3a99c3da401fbd62cc2caa5b96d2 54fadb412c4e40cdbaed9335e4c35a9e - - -] 10.11.10.1 ""DELETE /v2/54fadb412c4e40cdbaed9335e4c35a9e/servers/43204226-2f87-4da7-b7ee-4d20cc66e846 HTTP/1.1"" status 204 len 203 time 0.2904482",[]
773,nova-compute.log.1.2017-05-16_13:55:31
2017-05-16 00:05:48.237 2931 INFO nova.compute.manager [req-31453286-67b1-4c86-89bc-445a668da2d9 113d3a99c3da401fbd62cc2caa5b96d2 54fadb412c4e40cdbaed9335e4c35a9e - - -] [instance: 43204226-2f87-4da7-b7ee-4d20cc66e846] Terminating instance,81556f71,nova-compute.log.1.2017-05-16_13 55 31 2017-05-16 00 05 48.237 2931 INFO nova.compute.manager [req-31453286-67b1-4c86-89bc-445a668da2d9 113d3a99c3da401fbd62cc2caa5b96d2 54fadb412c4e40cdbaed9335e4c35a9e - - -] [instance 43204226-2f87-4da7-b7ee-4d20cc66e846] Terminating instance,[]
774,"nova-api.log.1.2017-05-16_13:53:08
2017-05-16 00:05:48.242 25774 INFO nova.metadata.wsgi.server [req-e0ed36e7-7f48-4cf0-b1c1-8f2d0147a296 - - - - -] 10.11.21.130,10.11.10.1 ""GET /openstack/2013-10-17/meta_data.json HTTP/1.1"" status: 200 len: 967 time: 0.2446721",68824b91,"nova-api.log.1.2017-05-16_13 53 08 2017-05-16 00 05 48.242 25774 INFO nova.metadata.wsgi.server [req-e0ed36e7-7f48-4cf0-b1c1-8f2d0147a296 - - - - -] 10.11.21.130 10.11.10.1 ""GET /openstack/2013-10-17/meta_data.json HTTP/1.1"" status 200 len 967 time 0.2446721",[]
775,nova-compute.log.1.2017-05-16_13:55:31
2017-05-16 00:05:48.454 2931 INFO nova.virt.libvirt.driver [-] [instance: 43204226-2f87-4da7-b7ee-4d20cc66e846] Instance destroyed successfully.,2c65168c,nova-compute.log.1.2017-05-16_13 55 31 2017-05-16 00 05 48.454 2931 INFO nova.virt.libvirt.driver [-] [instance 43204226-2f87-4da7-b7ee-4d20cc66e846] Instance destroyed successfully.,[]
776,"nova-api.log.1.2017-05-16_13:53:08
2017-05-16 00:05:48.479 25746 INFO nova.osapi_compute.wsgi.server [req-75bc6269-8527-4b6a-8925-67611b9e00d9 113d3a99c3da401fbd62cc2caa5b96d2 54fadb412c4e40cdbaed9335e4c35a9e - - -] 10.11.10.1 ""GET /v2/54fadb412c4e40cdbaed9335e4c35a9e/servers/detail HTTP/1.1"" status: 200 len: 1916 time: 0.2785730",9e802371,"nova-api.log.1.2017-05-16_13 53 08 2017-05-16 00 05 48.479 25746 INFO nova.osapi_compute.wsgi.server [req-75bc6269-8527-4b6a-8925-67611b9e00d9 113d3a99c3da401fbd62cc2caa5b96d2 54fadb412c4e40cdbaed9335e4c35a9e - - -] 10.11.10.1 ""GET /v2/54fadb412c4e40cdbaed9335e4c35a9e/servers/detail HTTP/1.1"" status 200 len 1916 time 0.2785730",[]
777,"nova-api.log.1.2017-05-16_13:53:08
2017-05-16 00:05:48.488 25793 INFO nova.metadata.wsgi.server [req-c1795e2c-0a17-4aa0-b47e-19e4218b049e - - - - -] 10.11.21.130,10.11.10.1 ""GET /openstack/2013-10-17/meta_data.json HTTP/1.1"" status: 200 len: 967 time: 0.2323599",c4282c3b,"nova-api.log.1.2017-05-16_13 53 08 2017-05-16 00 05 48.488 25793 INFO nova.metadata.wsgi.server [req-c1795e2c-0a17-4aa0-b47e-19e4218b049e - - - - -] 10.11.21.130 10.11.10.1 ""GET /openstack/2013-10-17/meta_data.json HTTP/1.1"" status 200 len 967 time 0.2323599",[]
778,nova-compute.log.1.2017-05-16_13:55:31
2017-05-16 00:05:49.129 2931 INFO nova.virt.libvirt.driver [req-31453286-67b1-4c86-89bc-445a668da2d9 113d3a99c3da401fbd62cc2caa5b96d2 54fadb412c4e40cdbaed9335e4c35a9e - - -] [instance: 43204226-2f87-4da7-b7ee-4d20cc66e846] Deleting instance files /var/lib/nova/instances/43204226-2f87-4da7-b7ee-4d20cc66e846_del,84a85a11,nova-compute.log.1.2017-05-16_13 55 31 2017-05-16 00 05 49.129 2931 INFO nova.virt.libvirt.driver [req-31453286-67b1-4c86-89bc-445a668da2d9 113d3a99c3da401fbd62cc2caa5b96d2 54fadb412c4e40cdbaed9335e4c35a9e - - -] [instance 43204226-2f87-4da7-b7ee-4d20cc66e846] Deleting instance files /var/lib/nova/instances/43204226-2f87-4da7-b7ee-4d20cc66e846_del,[]
779,nova-compute.log.1.2017-05-16_13:55:31
2017-05-16 00:05:49.131 2931 INFO nova.virt.libvirt.driver [req-31453286-67b1-4c86-89bc-445a668da2d9 113d3a99c3da401fbd62cc2caa5b96d2 54fadb412c4e40cdbaed9335e4c35a9e - - -] [instance: 43204226-2f87-4da7-b7ee-4d20cc66e846] Deletion of /var/lib/nova/instances/43204226-2f87-4da7-b7ee-4d20cc66e846_del complete,a6bf10d1,nova-compute.log.1.2017-05-16_13 55 31 2017-05-16 00 05 49.131 2931 INFO nova.virt.libvirt.driver [req-31453286-67b1-4c86-89bc-445a668da2d9 113d3a99c3da401fbd62cc2caa5b96d2 54fadb412c4e40cdbaed9335e4c35a9e - - -] [instance 43204226-2f87-4da7-b7ee-4d20cc66e846] Deletion of /var/lib/nova/instances/43204226-2f87-4da7-b7ee-4d20cc66e846_del complete,[]
780,nova-compute.log.1.2017-05-16_13:55:31
2017-05-16 00:05:49.254 2931 INFO nova.compute.manager [req-31453286-67b1-4c86-89bc-445a668da2d9 113d3a99c3da401fbd62cc2caa5b96d2 54fadb412c4e40cdbaed9335e4c35a9e - - -] [instance: 43204226-2f87-4da7-b7ee-4d20cc66e846] Took 1.01 seconds to destroy the instance on the hypervisor.,82eb05fa,nova-compute.log.1.2017-05-16_13 55 31 2017-05-16 00 05 49.254 2931 INFO nova.compute.manager [req-31453286-67b1-4c86-89bc-445a668da2d9 113d3a99c3da401fbd62cc2caa5b96d2 54fadb412c4e40cdbaed9335e4c35a9e - - -] [instance 43204226-2f87-4da7-b7ee-4d20cc66e846] Took 1.01 seconds to destroy the instance on the hypervisor.,[]
781,"nova-api.log.1.2017-05-16_13:53:08
2017-05-16 00:05:49.673 25746 INFO nova.osapi_compute.wsgi.server [req-7d3fe371-e3ea-4f93-be96-eb4d1c93b951 113d3a99c3da401fbd62cc2caa5b96d2 54fadb412c4e40cdbaed9335e4c35a9e - - -] 10.11.10.1 ""GET /v2/54fadb412c4e40cdbaed9335e4c35a9e/servers/detail HTTP/1.1"" status: 200 len: 1874 time: 0.1882880",d24488d5,"nova-api.log.1.2017-05-16_13 53 08 2017-05-16 00 05 49.673 25746 INFO nova.osapi_compute.wsgi.server [req-7d3fe371-e3ea-4f93-be96-eb4d1c93b951 113d3a99c3da401fbd62cc2caa5b96d2 54fadb412c4e40cdbaed9335e4c35a9e - - -] 10.11.10.1 ""GET /v2/54fadb412c4e40cdbaed9335e4c35a9e/servers/detail HTTP/1.1"" status 200 len 1874 time 0.1882880",[]
782,nova-compute.log.1.2017-05-16_13:55:31
2017-05-16 00:05:49.714 2931 INFO nova.compute.manager [req-31453286-67b1-4c86-89bc-445a668da2d9 113d3a99c3da401fbd62cc2caa5b96d2 54fadb412c4e40cdbaed9335e4c35a9e - - -] [instance: 43204226-2f87-4da7-b7ee-4d20cc66e846] Took 0.46 seconds to deallocate network for instance.,e068ff5e,nova-compute.log.1.2017-05-16_13 55 31 2017-05-16 00 05 49.714 2931 INFO nova.compute.manager [req-31453286-67b1-4c86-89bc-445a668da2d9 113d3a99c3da401fbd62cc2caa5b96d2 54fadb412c4e40cdbaed9335e4c35a9e - - -] [instance 43204226-2f87-4da7-b7ee-4d20cc66e846] Took 0.46 seconds to deallocate network for instance.,[]
783,nova-compute.log.1.2017-05-16_13:55:31
2017-05-16 00:05:50.114 2931 WARNING nova.virt.libvirt.imagecache [req-addc1839-2ed5-4778-b57e-5854eb7b8b09 - - - - -] Unknown base file: /var/lib/nova/instances/_base/a489c868f0c37da93b76227c91bb03908ac0e742,5e210f74,nova-compute.log.1.2017-05-16_13 55 31 2017-05-16 00 <*> <*> 2931 WARNING nova.virt.libvirt.imagecache [req-addc1839-2ed5-4778-b57e-5854eb7b8b09 - - - - -] Unknown base file /var/lib/nova/instances/_base/a489c868f0c37da93b76227c91bb03908ac0e742,[]
784,nova-compute.log.1.2017-05-16_13:55:31
2017-05-16 00:05:50.115 2931 INFO nova.virt.libvirt.imagecache [req-addc1839-2ed5-4778-b57e-5854eb7b8b09 - - - - -] Removable base files: /var/lib/nova/instances/_base/a489c868f0c37da93b76227c91bb03908ac0e742,c4d016e5,nova-compute.log.1.2017-05-16_13 55 31 2017-05-16 00 00 <*> 2931 INFO nova.virt.libvirt.imagecache [req-addc1839-2ed5-4778-b57e-5854eb7b8b09 - - - - -] <*> base files /var/lib/nova/instances/_base/a489c868f0c37da93b76227c91bb03908ac0e742,[]
785,nova-compute.log.1.2017-05-16_13:55:31
2017-05-16 00:05:50.116 2931 INFO nova.virt.libvirt.imagecache [req-addc1839-2ed5-4778-b57e-5854eb7b8b09 - - - - -] Base or swap file too young to remove: /var/lib/nova/instances/_base/a489c868f0c37da93b76227c91bb03908ac0e742,e616a2c0,nova-compute.log.1.2017-05-16_13 55 31 2017-05-16 00 <*> <*> 2931 INFO nova.virt.libvirt.imagecache [req-addc1839-2ed5-4778-b57e-5854eb7b8b09 - - - - -] Base or swap file too young to remove /var/lib/nova/instances/_base/a489c868f0c37da93b76227c91bb03908ac0e742,[]
786,"nova-api.log.1.2017-05-16_13:53:08
2017-05-16 00:05:50.775 25746 INFO nova.osapi_compute.wsgi.server [req-4633379f-e44c-47c6-a6d0-2aa71067f9db 113d3a99c3da401fbd62cc2caa5b96d2 54fadb412c4e40cdbaed9335e4c35a9e - - -] 10.11.10.1 ""GET /v2/54fadb412c4e40cdbaed9335e4c35a9e/servers/detail HTTP/1.1"" status: 200 len: 211 time: 0.0956130",543e0d2c,"nova-api.log.1.2017-05-16_13 53 08 2017-05-16 00 05 50.775 25746 INFO nova.osapi_compute.wsgi.server [req-4633379f-e44c-47c6-a6d0-2aa71067f9db 113d3a99c3da401fbd62cc2caa5b96d2 54fadb412c4e40cdbaed9335e4c35a9e - - -] 10.11.10.1 ""GET /v2/54fadb412c4e40cdbaed9335e4c35a9e/servers/detail HTTP/1.1"" status 200 len 211 time 0.0956130",[]
787,nova-api.log.1.2017-05-16_13:53:08
2017-05-16 00:05:51.742 25746 INFO nova.api.openstack.wsgi [req-3e88afc7-0acc-498b-b3ab-9a74aad4e4fa f7b8d1f1d4d44643b07fa10ca7d021fb e9746973ac574c6b8a9e8857f56a7608 - - -] HTTP exception thrown: No instances found for any event,495b5274,nova-api.log.1.2017-05-16_13 53 08 2017-05-16 00 05 <*> 25746 INFO nova.api.openstack.wsgi <*> f7b8d1f1d4d44643b07fa10ca7d021fb e9746973ac574c6b8a9e8857f56a7608 - - -] HTTP exception thrown No instances found for any event,[]
788,"nova-api.log.1.2017-05-16_13:53:08
2017-05-16 00:05:51.745 25746 INFO nova.osapi_compute.wsgi.server [req-3e88afc7-0acc-498b-b3ab-9a74aad4e4fa f7b8d1f1d4d44643b07fa10ca7d021fb e9746973ac574c6b8a9e8857f56a7608 - - -] 10.11.10.1 ""POST /v2/e9746973ac574c6b8a9e8857f56a7608/os-server-external-events HTTP/1.1"" status: 404 len: 296 time: 0.0880730",204b1a7b,"nova-api.log.1.2017-05-16_13 53 08 2017-05-16 00 05 51.745 25746 INFO nova.osapi_compute.wsgi.server [req-3e88afc7-0acc-498b-b3ab-9a74aad4e4fa f7b8d1f1d4d44643b07fa10ca7d021fb e9746973ac574c6b8a9e8857f56a7608 - - -] 10.11.10.1 ""POST /v2/e9746973ac574c6b8a9e8857f56a7608/os-server-external-events HTTP/1.1"" status 404 len 296 time 0.0880730",[]
789,nova-compute.log.1.2017-05-16_13:55:31
2017-05-16 00:05:55.145 2931 WARNING nova.virt.libvirt.imagecache [req-addc1839-2ed5-4778-b57e-5854eb7b8b09 - - - - -] Unknown base file: /var/lib/nova/instances/_base/a489c868f0c37da93b76227c91bb03908ac0e742,5e210f74,nova-compute.log.1.2017-05-16_13 55 31 2017-05-16 00 <*> <*> 2931 WARNING nova.virt.libvirt.imagecache [req-addc1839-2ed5-4778-b57e-5854eb7b8b09 - - - - -] Unknown base file /var/lib/nova/instances/_base/a489c868f0c37da93b76227c91bb03908ac0e742,[]
790,nova-compute.log.1.2017-05-16_13:55:31
2017-05-16 00:05:55.146 2931 INFO nova.virt.libvirt.imagecache [req-addc1839-2ed5-4778-b57e-5854eb7b8b09 - - - - -] Removable base files: /var/lib/nova/instances/_base/a489c868f0c37da93b76227c91bb03908ac0e742,c4d016e5,nova-compute.log.1.2017-05-16_13 55 31 2017-05-16 00 00 <*> 2931 INFO nova.virt.libvirt.imagecache [req-addc1839-2ed5-4778-b57e-5854eb7b8b09 - - - - -] <*> base files /var/lib/nova/instances/_base/a489c868f0c37da93b76227c91bb03908ac0e742,[]
791,nova-compute.log.1.2017-05-16_13:55:31
2017-05-16 00:05:55.147 2931 INFO nova.virt.libvirt.imagecache [req-addc1839-2ed5-4778-b57e-5854eb7b8b09 - - - - -] Removing base or swap file: /var/lib/nova/instances/_base/a489c868f0c37da93b76227c91bb03908ac0e742,733b91ab,nova-compute.log.1.2017-05-16_13 55 31 2017-05-16 00 <*> <*> 2931 INFO nova.virt.libvirt.imagecache [req-addc1839-2ed5-4778-b57e-5854eb7b8b09 - - - - -] Removing base or swap file /var/lib/nova/instances/_base/a489c868f0c37da93b76227c91bb03908ac0e742,[]
792,"nova-api.log.1.2017-05-16_13:53:08
2017-05-16 00:06:01.300 25746 INFO nova.osapi_compute.wsgi.server [req-1162e278-3bf2-4b32-93b5-9c7ec218365e 113d3a99c3da401fbd62cc2caa5b96d2 54fadb412c4e40cdbaed9335e4c35a9e - - -] 10.11.10.1 ""POST /v2/54fadb412c4e40cdbaed9335e4c35a9e/servers HTTP/1.1"" status: 202 len: 733 time: 0.5126011",555be344,"nova-api.log.1.2017-05-16_13 53 08 2017-05-16 00 06 01.300 25746 INFO nova.osapi_compute.wsgi.server [req-1162e278-3bf2-4b32-93b5-9c7ec218365e 113d3a99c3da401fbd62cc2caa5b96d2 54fadb412c4e40cdbaed9335e4c35a9e - - -] 10.11.10.1 ""POST /v2/54fadb412c4e40cdbaed9335e4c35a9e/servers HTTP/1.1"" status 202 len 733 time 0.5126011",[]
793,"nova-api.log.1.2017-05-16_13:53:08
2017-05-16 00:06:01.495 25746 INFO nova.osapi_compute.wsgi.server [req-24665636-9f41-4a8b-8158-2967540c88a6 113d3a99c3da401fbd62cc2caa5b96d2 54fadb412c4e40cdbaed9335e4c35a9e - - -] 10.11.10.1 ""GET /v2/54fadb412c4e40cdbaed9335e4c35a9e/servers/detail HTTP/1.1"" status: 200 len: 1583 time: 0.1911871",35a81e87,"nova-api.log.1.2017-05-16_13 53 08 2017-05-16 00 06 01.495 25746 INFO nova.osapi_compute.wsgi.server [req-24665636-9f41-4a8b-8158-2967540c88a6 113d3a99c3da401fbd62cc2caa5b96d2 54fadb412c4e40cdbaed9335e4c35a9e - - -] 10.11.10.1 ""GET /v2/54fadb412c4e40cdbaed9335e4c35a9e/servers/detail HTTP/1.1"" status 200 len 1583 time 0.1911871",[]
794,"nova-compute.log.1.2017-05-16_13:55:31
2017-05-16 00:06:01.609 2931 INFO nova.compute.claims [req-1162e278-3bf2-4b32-93b5-9c7ec218365e 113d3a99c3da401fbd62cc2caa5b96d2 54fadb412c4e40cdbaed9335e4c35a9e - - -] [instance: fecdd5a9-3ca0-4c82-9336-63b7774f738e] Attempting claim: memory 2048 MB, disk 20 GB, vcpus 1 CPU",2ceaec76,nova-compute.log.1.2017-05-16_13 55 31 2017-05-16 00 06 01.609 2931 INFO nova.compute.claims [req-1162e278-3bf2-4b32-93b5-9c7ec218365e 113d3a99c3da401fbd62cc2caa5b96d2 54fadb412c4e40cdbaed9335e4c35a9e - - -] [instance fecdd5a9-3ca0-4c82-9336-63b7774f738e] Attempting claim memory 2048 MB disk 20 GB vcpus 1 CPU,[]
795,"nova-compute.log.1.2017-05-16_13:55:31
2017-05-16 00:06:01.609 2931 INFO nova.compute.claims [req-1162e278-3bf2-4b32-93b5-9c7ec218365e 113d3a99c3da401fbd62cc2caa5b96d2 54fadb412c4e40cdbaed9335e4c35a9e - - -] [instance: fecdd5a9-3ca0-4c82-9336-63b7774f738e] Total memory: 64172 MB, used: 512.00 MB",d92ccc8e,nova-compute.log.1.2017-05-16_13 55 31 2017-05-16 00 06 01.609 2931 INFO nova.compute.claims [req-1162e278-3bf2-4b32-93b5-9c7ec218365e 113d3a99c3da401fbd62cc2caa5b96d2 54fadb412c4e40cdbaed9335e4c35a9e - - -] [instance fecdd5a9-3ca0-4c82-9336-63b7774f738e] Total memory 64172 MB used 512.00 MB,[]
796,"nova-compute.log.1.2017-05-16_13:55:31
2017-05-16 00:06:01.610 2931 INFO nova.compute.claims [req-1162e278-3bf2-4b32-93b5-9c7ec218365e 113d3a99c3da401fbd62cc2caa5b96d2 54fadb412c4e40cdbaed9335e4c35a9e - - -] [instance: fecdd5a9-3ca0-4c82-9336-63b7774f738e] memory limit: 96258.00 MB, free: 95746.00 MB",b6420c48,nova-compute.log.1.2017-05-16_13 55 31 2017-05-16 00 06 01.610 2931 INFO nova.compute.claims [req-1162e278-3bf2-4b32-93b5-9c7ec218365e 113d3a99c3da401fbd62cc2caa5b96d2 54fadb412c4e40cdbaed9335e4c35a9e - - -] [instance fecdd5a9-3ca0-4c82-9336-63b7774f738e] memory limit 96258.00 MB free 95746.00 MB,[]
797,"nova-compute.log.1.2017-05-16_13:55:31
2017-05-16 00:06:01.610 2931 INFO nova.compute.claims [req-1162e278-3bf2-4b32-93b5-9c7ec218365e 113d3a99c3da401fbd62cc2caa5b96d2 54fadb412c4e40cdbaed9335e4c35a9e - - -] [instance: fecdd5a9-3ca0-4c82-9336-63b7774f738e] Total disk: 15 GB, used: 0.00 GB",d8f3f236,nova-compute.log.1.2017-05-16_13 55 31 2017-05-16 00 06 01.610 2931 INFO nova.compute.claims [req-1162e278-3bf2-4b32-93b5-9c7ec218365e 113d3a99c3da401fbd62cc2caa5b96d2 54fadb412c4e40cdbaed9335e4c35a9e - - -] [instance fecdd5a9-3ca0-4c82-9336-63b7774f738e] Total disk 15 GB used 0.00 GB,[]
798,"nova-compute.log.1.2017-05-16_13:55:31
2017-05-16 00:06:01.611 2931 INFO nova.compute.claims [req-1162e278-3bf2-4b32-93b5-9c7ec218365e 113d3a99c3da401fbd62cc2caa5b96d2 54fadb412c4e40cdbaed9335e4c35a9e - - -] [instance: fecdd5a9-3ca0-4c82-9336-63b7774f738e] disk limit not specified, defaulting to unlimited",0c4af12c,nova-compute.log.1.2017-05-16_13 55 31 2017-05-16 00 06 <*> 2931 INFO nova.compute.claims [req-1162e278-3bf2-4b32-93b5-9c7ec218365e 113d3a99c3da401fbd62cc2caa5b96d2 54fadb412c4e40cdbaed9335e4c35a9e - - -] [instance fecdd5a9-3ca0-4c82-9336-63b7774f738e] <*> limit not specified defaulting to unlimited,[]
799,"nova-compute.log.1.2017-05-16_13:55:31
2017-05-16 00:06:01.611 2931 INFO nova.compute.claims [req-1162e278-3bf2-4b32-93b5-9c7ec218365e 113d3a99c3da401fbd62cc2caa5b96d2 54fadb412c4e40cdbaed9335e4c35a9e - - -] [instance: fecdd5a9-3ca0-4c82-9336-63b7774f738e] Total vcpu: 16 VCPU, used: 0.00 VCPU",9ed81839,nova-compute.log.1.2017-05-16_13 55 31 2017-05-16 00 06 01.611 2931 INFO nova.compute.claims [req-1162e278-3bf2-4b32-93b5-9c7ec218365e 113d3a99c3da401fbd62cc2caa5b96d2 54fadb412c4e40cdbaed9335e4c35a9e - - -] [instance fecdd5a9-3ca0-4c82-9336-63b7774f738e] Total vcpu 16 VCPU used 0.00 VCPU,[]
800,"nova-compute.log.1.2017-05-16_13:55:31
2017-05-16 00:06:01.612 2931 INFO nova.compute.claims [req-1162e278-3bf2-4b32-93b5-9c7ec218365e 113d3a99c3da401fbd62cc2caa5b96d2 54fadb412c4e40cdbaed9335e4c35a9e - - -] [instance: fecdd5a9-3ca0-4c82-9336-63b7774f738e] vcpu limit not specified, defaulting to unlimited",0c4af12c,nova-compute.log.1.2017-05-16_13 55 31 2017-05-16 00 06 <*> 2931 INFO nova.compute.claims [req-1162e278-3bf2-4b32-93b5-9c7ec218365e 113d3a99c3da401fbd62cc2caa5b96d2 54fadb412c4e40cdbaed9335e4c35a9e - - -] [instance fecdd5a9-3ca0-4c82-9336-63b7774f738e] <*> limit not specified defaulting to unlimited,[]
801,nova-compute.log.1.2017-05-16_13:55:31
2017-05-16 00:06:01.647 2931 INFO nova.compute.claims [req-1162e278-3bf2-4b32-93b5-9c7ec218365e 113d3a99c3da401fbd62cc2caa5b96d2 54fadb412c4e40cdbaed9335e4c35a9e - - -] [instance: fecdd5a9-3ca0-4c82-9336-63b7774f738e] Claim successful,3d8a6482,nova-compute.log.1.2017-05-16_13 55 31 2017-05-16 00 06 01.647 2931 INFO nova.compute.claims [req-1162e278-3bf2-4b32-93b5-9c7ec218365e 113d3a99c3da401fbd62cc2caa5b96d2 54fadb412c4e40cdbaed9335e4c35a9e - - -] [instance fecdd5a9-3ca0-4c82-9336-63b7774f738e] Claim successful,[]
802,"nova-api.log.1.2017-05-16_13:53:08
2017-05-16 00:06:01.692 25746 INFO nova.osapi_compute.wsgi.server [req-871a45c2-0c1b-4c81-9fac-cb018a99a9ff 113d3a99c3da401fbd62cc2caa5b96d2 54fadb412c4e40cdbaed9335e4c35a9e - - -] 10.11.10.1 ""GET /v2/54fadb412c4e40cdbaed9335e4c35a9e/servers/detail HTTP/1.1"" status: 200 len: 1583 time: 0.1919560",6c15fcb0,"nova-api.log.1.2017-05-16_13 53 08 2017-05-16 00 06 01.692 25746 INFO nova.osapi_compute.wsgi.server [req-871a45c2-0c1b-4c81-9fac-cb018a99a9ff 113d3a99c3da401fbd62cc2caa5b96d2 54fadb412c4e40cdbaed9335e4c35a9e - - -] 10.11.10.1 ""GET /v2/54fadb412c4e40cdbaed9335e4c35a9e/servers/detail HTTP/1.1"" status 200 len 1583 time 0.1919560",[]
803,"nova-api.log.1.2017-05-16_13:53:08
2017-05-16 00:06:01.889 25746 INFO nova.osapi_compute.wsgi.server [req-e133e2c7-a7a8-453c-b34c-ea8e1e300efe 113d3a99c3da401fbd62cc2caa5b96d2 54fadb412c4e40cdbaed9335e4c35a9e - - -] 10.11.10.1 ""GET /v2/54fadb412c4e40cdbaed9335e4c35a9e/servers/fecdd5a9-3ca0-4c82-9336-63b7774f738e HTTP/1.1"" status: 200 len: 1708 time: 0.1929550",6fe16c1b,"nova-api.log.1.2017-05-16_13 53 08 2017-05-16 00 06 01.889 25746 INFO nova.osapi_compute.wsgi.server [req-e133e2c7-a7a8-453c-b34c-ea8e1e300efe 113d3a99c3da401fbd62cc2caa5b96d2 54fadb412c4e40cdbaed9335e4c35a9e - - -] 10.11.10.1 ""GET /v2/54fadb412c4e40cdbaed9335e4c35a9e/servers/fecdd5a9-3ca0-4c82-9336-63b7774f738e HTTP/1.1"" status 200 len 1708 time 0.1929550",[]
804,nova-compute.log.1.2017-05-16_13:55:31
2017-05-16 00:06:02.243 2931 INFO nova.virt.libvirt.driver [req-1162e278-3bf2-4b32-93b5-9c7ec218365e 113d3a99c3da401fbd62cc2caa5b96d2 54fadb412c4e40cdbaed9335e4c35a9e - - -] [instance: fecdd5a9-3ca0-4c82-9336-63b7774f738e] Creating image,c39d6f2e,nova-compute.log.1.2017-05-16_13 55 31 2017-05-16 00 06 02.243 2931 INFO nova.virt.libvirt.driver [req-1162e278-3bf2-4b32-93b5-9c7ec218365e 113d3a99c3da401fbd62cc2caa5b96d2 54fadb412c4e40cdbaed9335e4c35a9e - - -] [instance fecdd5a9-3ca0-4c82-9336-63b7774f738e] Creating image,[]
805,"nova-api.log.1.2017-05-16_13:53:08
2017-05-16 00:06:03.161 25746 INFO nova.osapi_compute.wsgi.server [req-8f756dca-2eff-4af6-ba75-9a79b10195a3 113d3a99c3da401fbd62cc2caa5b96d2 54fadb412c4e40cdbaed9335e4c35a9e - - -] 10.11.10.1 ""GET /v2/54fadb412c4e40cdbaed9335e4c35a9e/servers/detail HTTP/1.1"" status: 200 len: 1759 time: 0.2669790",4b9036e9,"nova-api.log.1.2017-05-16_13 53 08 2017-05-16 00 06 03.161 25746 INFO nova.osapi_compute.wsgi.server [req-8f756dca-2eff-4af6-ba75-9a79b10195a3 113d3a99c3da401fbd62cc2caa5b96d2 54fadb412c4e40cdbaed9335e4c35a9e - - -] 10.11.10.1 ""GET /v2/54fadb412c4e40cdbaed9335e4c35a9e/servers/detail HTTP/1.1"" status 200 len 1759 time 0.2669790",[]
806,"nova-api.log.1.2017-05-16_13:53:08
2017-05-16 00:06:03.427 25746 INFO nova.osapi_compute.wsgi.server [req-86b60c9f-5825-4447-9b26-c90aa4eb5986 113d3a99c3da401fbd62cc2caa5b96d2 54fadb412c4e40cdbaed9335e4c35a9e - - -] 10.11.10.1 ""GET /v2/54fadb412c4e40cdbaed9335e4c35a9e/servers/detail HTTP/1.1"" status: 200 len: 1759 time: 0.2631650",b9dc99d0,"nova-api.log.1.2017-05-16_13 53 08 2017-05-16 00 06 03.427 25746 INFO nova.osapi_compute.wsgi.server [req-86b60c9f-5825-4447-9b26-c90aa4eb5986 113d3a99c3da401fbd62cc2caa5b96d2 54fadb412c4e40cdbaed9335e4c35a9e - - -] 10.11.10.1 ""GET /v2/54fadb412c4e40cdbaed9335e4c35a9e/servers/detail HTTP/1.1"" status 200 len 1759 time 0.2631650",[]
807,nova-compute.log.1.2017-05-16_13:55:31
2017-05-16 00:06:03.772 2931 INFO nova.compute.manager [-] [instance: 43204226-2f87-4da7-b7ee-4d20cc66e846] VM Stopped (Lifecycle Event),6621c2d0,nova-compute.log.1.2017-05-16_13 55 31 2017-05-16 00 06 03.772 2931 INFO nova.compute.manager [-] [instance 43204226-2f87-4da7-b7ee-4d20cc66e846] VM Stopped (Lifecycle Event),[]
808,"nova-api.log.1.2017-05-16_13:53:08
2017-05-16 00:06:04.698 25746 INFO nova.osapi_compute.wsgi.server [req-9ae643e5-6c72-44f6-a04f-db3339d55f20 113d3a99c3da401fbd62cc2caa5b96d2 54fadb412c4e40cdbaed9335e4c35a9e - - -] 10.11.10.1 ""GET /v2/54fadb412c4e40cdbaed9335e4c35a9e/servers/detail HTTP/1.1"" status: 200 len: 1893 time: 0.2647748",e8a0c6a6,"nova-api.log.1.2017-05-16_13 53 08 2017-05-16 00 06 04.698 25746 INFO nova.osapi_compute.wsgi.server [req-9ae643e5-6c72-44f6-a04f-db3339d55f20 113d3a99c3da401fbd62cc2caa5b96d2 54fadb412c4e40cdbaed9335e4c35a9e - - -] 10.11.10.1 ""GET /v2/54fadb412c4e40cdbaed9335e4c35a9e/servers/detail HTTP/1.1"" status 200 len 1893 time 0.2647748",[]
809,"nova-api.log.1.2017-05-16_13:53:08
2017-05-16 00:06:04.976 25746 INFO nova.osapi_compute.wsgi.server [req-fe9ef402-d3b4-4d8c-8093-17b49aba2993 113d3a99c3da401fbd62cc2caa5b96d2 54fadb412c4e40cdbaed9335e4c35a9e - - -] 10.11.10.1 ""GET /v2/54fadb412c4e40cdbaed9335e4c35a9e/servers/detail HTTP/1.1"" status: 200 len: 1893 time: 0.2738080",eed5b20c,"nova-api.log.1.2017-05-16_13 53 08 2017-05-16 00 06 04.976 25746 INFO nova.osapi_compute.wsgi.server [req-fe9ef402-d3b4-4d8c-8093-17b49aba2993 113d3a99c3da401fbd62cc2caa5b96d2 54fadb412c4e40cdbaed9335e4c35a9e - - -] 10.11.10.1 ""GET /v2/54fadb412c4e40cdbaed9335e4c35a9e/servers/detail HTTP/1.1"" status 200 len 1893 time 0.2738080",[]
810,"nova-api.log.1.2017-05-16_13:53:08
2017-05-16 00:06:06.255 25746 INFO nova.osapi_compute.wsgi.server [req-2d362d97-cb67-4511-9150-17dccfff1ffc 113d3a99c3da401fbd62cc2caa5b96d2 54fadb412c4e40cdbaed9335e4c35a9e - - -] 10.11.10.1 ""GET /v2/54fadb412c4e40cdbaed9335e4c35a9e/servers/detail HTTP/1.1"" status: 200 len: 1893 time: 0.2728651",200d9e6f,"nova-api.log.1.2017-05-16_13 53 08 2017-05-16 00 06 06.255 25746 INFO nova.osapi_compute.wsgi.server [req-2d362d97-cb67-4511-9150-17dccfff1ffc 113d3a99c3da401fbd62cc2caa5b96d2 54fadb412c4e40cdbaed9335e4c35a9e - - -] 10.11.10.1 ""GET /v2/54fadb412c4e40cdbaed9335e4c35a9e/servers/detail HTTP/1.1"" status 200 len 1893 time 0.2728651",[]
811,"nova-api.log.1.2017-05-16_13:53:08
2017-05-16 00:06:06.529 25746 INFO nova.osapi_compute.wsgi.server [req-83ffe6d1-b745-4902-832b-44a5e5b480d0 113d3a99c3da401fbd62cc2caa5b96d2 54fadb412c4e40cdbaed9335e4c35a9e - - -] 10.11.10.1 ""GET /v2/54fadb412c4e40cdbaed9335e4c35a9e/servers/detail HTTP/1.1"" status: 200 len: 1893 time: 0.2706349",0bd06431,"nova-api.log.1.2017-05-16_13 53 08 2017-05-16 00 06 06.529 25746 INFO nova.osapi_compute.wsgi.server [req-83ffe6d1-b745-4902-832b-44a5e5b480d0 113d3a99c3da401fbd62cc2caa5b96d2 54fadb412c4e40cdbaed9335e4c35a9e - - -] 10.11.10.1 ""GET /v2/54fadb412c4e40cdbaed9335e4c35a9e/servers/detail HTTP/1.1"" status 200 len 1893 time 0.2706349",[]
812,"nova-api.log.1.2017-05-16_13:53:08
