2017-05-16 00:02:25.118 2931 WARNING nova.virt.libvirt.imagecache [req-addc1839-2ed5-4778-b57e-5854eb7b8b09 - - - - -] Unknown base file: /var/lib/nova/instances/_base/a489c868f0c37da93b76227c91bb03908ac0e742,5e210f74,nova-compute.log.1.2017-05-16_13 55 31 2017-05-16 00 <*> <*> 2931 WARNING nova.virt.libvirt.imagecache [req-addc1839-2ed5-4778-b57e-5854eb7b8b09 - - - - -] Unknown base file /var/lib/nova/instances/_base/a489c868f0c37da93b76227c91bb03908ac0e742,[]
328,nova-compute.log.1.2017-05-16_13:55:31
2017-05-16 00:02:25.119 2931 INFO nova.virt.libvirt.imagecache [req-addc1839-2ed5-4778-b57e-5854eb7b8b09 - - - - -] Removable base files: /var/lib/nova/instances/_base/a489c868f0c37da93b76227c91bb03908ac0e742,c4d016e5,nova-compute.log.1.2017-05-16_13 55 31 2017-05-16 00 00 <*> 2931 INFO nova.virt.libvirt.imagecache [req-addc1839-2ed5-4778-b57e-5854eb7b8b09 - - - - -] <*> base files /var/lib/nova/instances/_base/a489c868f0c37da93b76227c91bb03908ac0e742,[]
329,nova-compute.log.1.2017-05-16_13:55:31
2017-05-16 00:02:25.120 2931 INFO nova.virt.libvirt.imagecache [req-addc1839-2ed5-4778-b57e-5854eb7b8b09 - - - - -] Base or swap file too young to remove: /var/lib/nova/instances/_base/a489c868f0c37da93b76227c91bb03908ac0e742,e616a2c0,nova-compute.log.1.2017-05-16_13 55 31 2017-05-16 00 <*> <*> 2931 INFO nova.virt.libvirt.imagecache [req-addc1839-2ed5-4778-b57e-5854eb7b8b09 - - - - -] Base or swap file too young to remove /var/lib/nova/instances/_base/a489c868f0c37da93b76227c91bb03908ac0e742,[]
330,nova-api.log.1.2017-05-16_13:53:08
2017-05-16 00:02:25.212 25746 INFO nova.api.openstack.wsgi [req-3fa8a45e-031e-4f3b-b327-b9cd4210f3ba f7b8d1f1d4d44643b07fa10ca7d021fb e9746973ac574c6b8a9e8857f56a7608 - - -] HTTP exception thrown: No instances found for any event,e489a0e3,nova-api.log.1.2017-05-16_13 53 08 2017-05-16 00 02 25.212 25746 INFO nova.api.openstack.wsgi [req-3fa8a45e-031e-4f3b-b327-b9cd4210f3ba f7b8d1f1d4d44643b07fa10ca7d021fb e9746973ac574c6b8a9e8857f56a7608 - - -] HTTP exception thrown No instances found for any event,[]
331,"nova-api.log.1.2017-05-16_13:53:08
2017-05-16 00:02:25.214 25746 INFO nova.osapi_compute.wsgi.server [req-3fa8a45e-031e-4f3b-b327-b9cd4210f3ba f7b8d1f1d4d44643b07fa10ca7d021fb e9746973ac574c6b8a9e8857f56a7608 - - -] 10.11.10.1 ""POST /v2/e9746973ac574c6b8a9e8857f56a7608/os-server-external-events HTTP/1.1"" status: 404 len: 296 time: 0.1029620",59d0311c,"nova-api.log.1.2017-05-16_13 53 08 2017-05-16 00 02 25.214 25746 INFO nova.osapi_compute.wsgi.server [req-3fa8a45e-031e-4f3b-b327-b9cd4210f3ba f7b8d1f1d4d44643b07fa10ca7d021fb e9746973ac574c6b8a9e8857f56a7608 - - -] 10.11.10.1 ""POST /v2/e9746973ac574c6b8a9e8857f56a7608/os-server-external-events HTTP/1.1"" status 404 len 296 time 0.1029620",[]
332,nova-compute.log.1.2017-05-16_13:55:31
2017-05-16 00:02:30.114 2931 WARNING nova.virt.libvirt.imagecache [req-addc1839-2ed5-4778-b57e-5854eb7b8b09 - - - - -] Unknown base file: /var/lib/nova/instances/_base/a489c868f0c37da93b76227c91bb03908ac0e742,5e210f74,nova-compute.log.1.2017-05-16_13 55 31 2017-05-16 00 <*> <*> 2931 WARNING nova.virt.libvirt.imagecache [req-addc1839-2ed5-4778-b57e-5854eb7b8b09 - - - - -] Unknown base file /var/lib/nova/instances/_base/a489c868f0c37da93b76227c91bb03908ac0e742,[]
333,nova-compute.log.1.2017-05-16_13:55:31
2017-05-16 00:02:30.115 2931 INFO nova.virt.libvirt.imagecache [req-addc1839-2ed5-4778-b57e-5854eb7b8b09 - - - - -] Removable base files: /var/lib/nova/instances/_base/a489c868f0c37da93b76227c91bb03908ac0e742,c4d016e5,nova-compute.log.1.2017-05-16_13 55 31 2017-05-16 00 00 <*> 2931 INFO nova.virt.libvirt.imagecache [req-addc1839-2ed5-4778-b57e-5854eb7b8b09 - - - - -] <*> base files /var/lib/nova/instances/_base/a489c868f0c37da93b76227c91bb03908ac0e742,[]
334,nova-compute.log.1.2017-05-16_13:55:31
2017-05-16 00:02:30.118 2931 INFO nova.virt.libvirt.imagecache [req-addc1839-2ed5-4778-b57e-5854eb7b8b09 - - - - -] Removing base or swap file: /var/lib/nova/instances/_base/a489c868f0c37da93b76227c91bb03908ac0e742,733b91ab,nova-compute.log.1.2017-05-16_13 55 31 2017-05-16 00 <*> <*> 2931 INFO nova.virt.libvirt.imagecache [req-addc1839-2ed5-4778-b57e-5854eb7b8b09 - - - - -] Removing base or swap file /var/lib/nova/instances/_base/a489c868f0c37da93b76227c91bb03908ac0e742,[]
335,"nova-api.log.1.2017-05-16_13:53:08
2017-05-16 00:02:34.773 25746 INFO nova.osapi_compute.wsgi.server [req-d38f479d-9bb9-4276-9688-52607e8fd350 113d3a99c3da401fbd62cc2caa5b96d2 54fadb412c4e40cdbaed9335e4c35a9e - - -] 10.11.10.1 ""POST /v2/54fadb412c4e40cdbaed9335e4c35a9e/servers HTTP/1.1"" status: 202 len: 733 time: 0.5169401",0dd752d2,"nova-api.log.1.2017-05-16_13 53 08 2017-05-16 00 02 34.773 25746 INFO nova.osapi_compute.wsgi.server [req-d38f479d-9bb9-4276-9688-52607e8fd350 113d3a99c3da401fbd62cc2caa5b96d2 54fadb412c4e40cdbaed9335e4c35a9e - - -] 10.11.10.1 ""POST /v2/54fadb412c4e40cdbaed9335e4c35a9e/servers HTTP/1.1"" status 202 len 733 time 0.5169401",[]
336,"nova-api.log.1.2017-05-16_13:53:08
2017-05-16 00:02:34.974 25746 INFO nova.osapi_compute.wsgi.server [req-878d8f43-04d4-4bce-a27a-3feca48ba5eb 113d3a99c3da401fbd62cc2caa5b96d2 54fadb412c4e40cdbaed9335e4c35a9e - - -] 10.11.10.1 ""GET /v2/54fadb412c4e40cdbaed9335e4c35a9e/servers/detail HTTP/1.1"" status: 200 len: 1583 time: 0.1964839",50b06809,"nova-api.log.1.2017-05-16_13 53 08 2017-05-16 00 02 34.974 25746 INFO nova.osapi_compute.wsgi.server [req-878d8f43-04d4-4bce-a27a-3feca48ba5eb 113d3a99c3da401fbd62cc2caa5b96d2 54fadb412c4e40cdbaed9335e4c35a9e - - -] 10.11.10.1 ""GET /v2/54fadb412c4e40cdbaed9335e4c35a9e/servers/detail HTTP/1.1"" status 200 len 1583 time 0.1964839",[]
337,"nova-compute.log.1.2017-05-16_13:55:31
2017-05-16 00:02:35.071 2931 INFO nova.compute.claims [req-d38f479d-9bb9-4276-9688-52607e8fd350 113d3a99c3da401fbd62cc2caa5b96d2 54fadb412c4e40cdbaed9335e4c35a9e - - -] [instance: 95960536-049b-41f6-9049-05fc479b6a7c] Attempting claim: memory 2048 MB, disk 20 GB, vcpus 1 CPU",c05c96ea,nova-compute.log.1.2017-05-16_13 55 31 2017-05-16 00 02 35.071 2931 INFO nova.compute.claims [req-d38f479d-9bb9-4276-9688-52607e8fd350 113d3a99c3da401fbd62cc2caa5b96d2 54fadb412c4e40cdbaed9335e4c35a9e - - -] [instance 95960536-049b-41f6-9049-05fc479b6a7c] Attempting claim memory 2048 MB disk 20 GB vcpus 1 CPU,[]
338,"nova-compute.log.1.2017-05-16_13:55:31
2017-05-16 00:02:35.072 2931 INFO nova.compute.claims [req-d38f479d-9bb9-4276-9688-52607e8fd350 113d3a99c3da401fbd62cc2caa5b96d2 54fadb412c4e40cdbaed9335e4c35a9e - - -] [instance: 95960536-049b-41f6-9049-05fc479b6a7c] Total memory: 64172 MB, used: 512.00 MB",c376a9aa,nova-compute.log.1.2017-05-16_13 55 31 2017-05-16 00 02 35.072 2931 INFO nova.compute.claims [req-d38f479d-9bb9-4276-9688-52607e8fd350 113d3a99c3da401fbd62cc2caa5b96d2 54fadb412c4e40cdbaed9335e4c35a9e - - -] [instance 95960536-049b-41f6-9049-05fc479b6a7c] Total memory 64172 MB used 512.00 MB,[]
339,"nova-compute.log.1.2017-05-16_13:55:31
2017-05-16 00:02:35.073 2931 INFO nova.compute.claims [req-d38f479d-9bb9-4276-9688-52607e8fd350 113d3a99c3da401fbd62cc2caa5b96d2 54fadb412c4e40cdbaed9335e4c35a9e - - -] [instance: 95960536-049b-41f6-9049-05fc479b6a7c] memory limit: 96258.00 MB, free: 95746.00 MB",8dede19a,nova-compute.log.1.2017-05-16_13 55 31 2017-05-16 00 02 35.073 2931 INFO nova.compute.claims [req-d38f479d-9bb9-4276-9688-52607e8fd350 113d3a99c3da401fbd62cc2caa5b96d2 54fadb412c4e40cdbaed9335e4c35a9e - - -] [instance 95960536-049b-41f6-9049-05fc479b6a7c] memory limit 96258.00 MB free 95746.00 MB,[]
340,"nova-compute.log.1.2017-05-16_13:55:31
2017-05-16 00:02:35.074 2931 INFO nova.compute.claims [req-d38f479d-9bb9-4276-9688-52607e8fd350 113d3a99c3da401fbd62cc2caa5b96d2 54fadb412c4e40cdbaed9335e4c35a9e - - -] [instance: 95960536-049b-41f6-9049-05fc479b6a7c] Total disk: 15 GB, used: 0.00 GB",cd02239a,nova-compute.log.1.2017-05-16_13 55 31 2017-05-16 00 02 35.074 2931 INFO nova.compute.claims [req-d38f479d-9bb9-4276-9688-52607e8fd350 113d3a99c3da401fbd62cc2caa5b96d2 54fadb412c4e40cdbaed9335e4c35a9e - - -] [instance 95960536-049b-41f6-9049-05fc479b6a7c] Total disk 15 GB used 0.00 GB,[]
341,"nova-compute.log.1.2017-05-16_13:55:31
2017-05-16 00:02:35.075 2931 INFO nova.compute.claims [req-d38f479d-9bb9-4276-9688-52607e8fd350 113d3a99c3da401fbd62cc2caa5b96d2 54fadb412c4e40cdbaed9335e4c35a9e - - -] [instance: 95960536-049b-41f6-9049-05fc479b6a7c] disk limit not specified, defaulting to unlimited",1eb00e03,nova-compute.log.1.2017-05-16_13 55 31 2017-05-16 00 02 <*> 2931 INFO nova.compute.claims [req-d38f479d-9bb9-4276-9688-52607e8fd350 113d3a99c3da401fbd62cc2caa5b96d2 54fadb412c4e40cdbaed9335e4c35a9e - - -] [instance 95960536-049b-41f6-9049-05fc479b6a7c] <*> limit not specified defaulting to unlimited,[]
342,"nova-compute.log.1.2017-05-16_13:55:31
2017-05-16 00:02:35.076 2931 INFO nova.compute.claims [req-d38f479d-9bb9-4276-9688-52607e8fd350 113d3a99c3da401fbd62cc2caa5b96d2 54fadb412c4e40cdbaed9335e4c35a9e - - -] [instance: 95960536-049b-41f6-9049-05fc479b6a7c] Total vcpu: 16 VCPU, used: 0.00 VCPU",398eea27,nova-compute.log.1.2017-05-16_13 55 31 2017-05-16 00 02 35.076 2931 INFO nova.compute.claims [req-d38f479d-9bb9-4276-9688-52607e8fd350 113d3a99c3da401fbd62cc2caa5b96d2 54fadb412c4e40cdbaed9335e4c35a9e - - -] [instance 95960536-049b-41f6-9049-05fc479b6a7c] Total vcpu 16 VCPU used 0.00 VCPU,[]
343,"nova-compute.log.1.2017-05-16_13:55:31
2017-05-16 00:02:35.076 2931 INFO nova.compute.claims [req-d38f479d-9bb9-4276-9688-52607e8fd350 113d3a99c3da401fbd62cc2caa5b96d2 54fadb412c4e40cdbaed9335e4c35a9e - - -] [instance: 95960536-049b-41f6-9049-05fc479b6a7c] vcpu limit not specified, defaulting to unlimited",1eb00e03,nova-compute.log.1.2017-05-16_13 55 31 2017-05-16 00 02 <*> 2931 INFO nova.compute.claims [req-d38f479d-9bb9-4276-9688-52607e8fd350 113d3a99c3da401fbd62cc2caa5b96d2 54fadb412c4e40cdbaed9335e4c35a9e - - -] [instance 95960536-049b-41f6-9049-05fc479b6a7c] <*> limit not specified defaulting to unlimited,[]
344,nova-compute.log.1.2017-05-16_13:55:31
2017-05-16 00:02:35.109 2931 INFO nova.compute.claims [req-d38f479d-9bb9-4276-9688-52607e8fd350 113d3a99c3da401fbd62cc2caa5b96d2 54fadb412c4e40cdbaed9335e4c35a9e - - -] [instance: 95960536-049b-41f6-9049-05fc479b6a7c] Claim successful,b3c36f78,nova-compute.log.1.2017-05-16_13 55 31 2017-05-16 00 02 35.109 2931 INFO nova.compute.claims [req-d38f479d-9bb9-4276-9688-52607e8fd350 113d3a99c3da401fbd62cc2caa5b96d2 54fadb412c4e40cdbaed9335e4c35a9e - - -] [instance 95960536-049b-41f6-9049-05fc479b6a7c] Claim successful,[]
345,"nova-api.log.1.2017-05-16_13:53:08
2017-05-16 00:02:35.170 25746 INFO nova.osapi_compute.wsgi.server [req-bb86cdcb-2b6e-410f-b422-7209c14f060d 113d3a99c3da401fbd62cc2caa5b96d2 54fadb412c4e40cdbaed9335e4c35a9e - - -] 10.11.10.1 ""GET /v2/54fadb412c4e40cdbaed9335e4c35a9e/servers/detail HTTP/1.1"" status: 200 len: 1575 time: 0.1929309",2db19f18,"nova-api.log.1.2017-05-16_13 53 08 2017-05-16 00 02 35.170 25746 INFO nova.osapi_compute.wsgi.server [req-bb86cdcb-2b6e-410f-b422-7209c14f060d 113d3a99c3da401fbd62cc2caa5b96d2 54fadb412c4e40cdbaed9335e4c35a9e - - -] 10.11.10.1 ""GET /v2/54fadb412c4e40cdbaed9335e4c35a9e/servers/detail HTTP/1.1"" status 200 len 1575 time 0.1929309",[]
346,"nova-api.log.1.2017-05-16_13:53:08
2017-05-16 00:02:35.348 25746 INFO nova.osapi_compute.wsgi.server [req-07bc4660-d894-4b67-8bb7-0b1ebe315af2 113d3a99c3da401fbd62cc2caa5b96d2 54fadb412c4e40cdbaed9335e4c35a9e - - -] 10.11.10.1 ""GET /v2/54fadb412c4e40cdbaed9335e4c35a9e/servers/95960536-049b-41f6-9049-05fc479b6a7c HTTP/1.1"" status: 200 len: 1708 time: 0.1721809",00178363,"nova-api.log.1.2017-05-16_13 53 08 2017-05-16 00 02 35.348 25746 INFO nova.osapi_compute.wsgi.server [req-07bc4660-d894-4b67-8bb7-0b1ebe315af2 113d3a99c3da401fbd62cc2caa5b96d2 54fadb412c4e40cdbaed9335e4c35a9e - - -] 10.11.10.1 ""GET /v2/54fadb412c4e40cdbaed9335e4c35a9e/servers/95960536-049b-41f6-9049-05fc479b6a7c HTTP/1.1"" status 200 len 1708 time 0.1721809",[]
347,nova-compute.log.1.2017-05-16_13:55:31
2017-05-16 00:02:35.942 2931 INFO nova.virt.libvirt.driver [req-d38f479d-9bb9-4276-9688-52607e8fd350 113d3a99c3da401fbd62cc2caa5b96d2 54fadb412c4e40cdbaed9335e4c35a9e - - -] [instance: 95960536-049b-41f6-9049-05fc479b6a7c] Creating image,9d32b09d,nova-compute.log.1.2017-05-16_13 55 31 2017-05-16 00 02 35.942 2931 INFO nova.virt.libvirt.driver [req-d38f479d-9bb9-4276-9688-52607e8fd350 113d3a99c3da401fbd62cc2caa5b96d2 54fadb412c4e40cdbaed9335e4c35a9e - - -] [instance 95960536-049b-41f6-9049-05fc479b6a7c] Creating image,[]
348,"nova-api.log.1.2017-05-16_13:53:08
2017-05-16 00:02:36.629 25746 INFO nova.osapi_compute.wsgi.server [req-89a2dec8-a82e-4108-ab4a-eda9c9bc896d 113d3a99c3da401fbd62cc2caa5b96d2 54fadb412c4e40cdbaed9335e4c35a9e - - -] 10.11.10.1 ""GET /v2/54fadb412c4e40cdbaed9335e4c35a9e/servers/detail HTTP/1.1"" status: 200 len: 1759 time: 0.2763519",beb45060,"nova-api.log.1.2017-05-16_13 53 08 2017-05-16 00 02 36.629 25746 INFO nova.osapi_compute.wsgi.server [req-89a2dec8-a82e-4108-ab4a-eda9c9bc896d 113d3a99c3da401fbd62cc2caa5b96d2 54fadb412c4e40cdbaed9335e4c35a9e - - -] 10.11.10.1 ""GET /v2/54fadb412c4e40cdbaed9335e4c35a9e/servers/detail HTTP/1.1"" status 200 len 1759 time 0.2763519",[]
349,"nova-api.log.1.2017-05-16_13:53:08
2017-05-16 00:02:36.925 25746 INFO nova.osapi_compute.wsgi.server [req-723faf03-db43-4131-a339-c792974c7721 113d3a99c3da401fbd62cc2caa5b96d2 54fadb412c4e40cdbaed9335e4c35a9e - - -] 10.11.10.1 ""GET /v2/54fadb412c4e40cdbaed9335e4c35a9e/servers/detail HTTP/1.1"" status: 200 len: 1759 time: 0.2896700",19457382,"nova-api.log.1.2017-05-16_13 53 08 2017-05-16 00 02 36.925 25746 INFO nova.osapi_compute.wsgi.server [req-723faf03-db43-4131-a339-c792974c7721 113d3a99c3da401fbd62cc2caa5b96d2 54fadb412c4e40cdbaed9335e4c35a9e - - -] 10.11.10.1 ""GET /v2/54fadb412c4e40cdbaed9335e4c35a9e/servers/detail HTTP/1.1"" status 200 len 1759 time 0.2896700",[]
350,nova-compute.log.1.2017-05-16_13:55:31
2017-05-16 00:02:37.163 2931 INFO nova.compute.manager [-] [instance: 78dc1847-8848-49cc-933e-9239b12c9dcf] VM Stopped (Lifecycle Event),24863526,nova-compute.log.1.2017-05-16_13 55 31 2017-05-16 00 02 37.163 2931 INFO nova.compute.manager [-] [instance 78dc1847-8848-49cc-933e-9239b12c9dcf] VM Stopped (Lifecycle Event),[]
351,"nova-api.log.1.2017-05-16_13:53:08
2017-05-16 00:02:38.214 25746 INFO nova.osapi_compute.wsgi.server [req-008605fa-fa0a-483e-b596-a17329409763 113d3a99c3da401fbd62cc2caa5b96d2 54fadb412c4e40cdbaed9335e4c35a9e - - -] 10.11.10.1 ""GET /v2/54fadb412c4e40cdbaed9335e4c35a9e/servers/detail HTTP/1.1"" status: 200 len: 1893 time: 0.2833471",3f84b463,"nova-api.log.1.2017-05-16_13 53 08 2017-05-16 00 02 38.214 25746 INFO nova.osapi_compute.wsgi.server [req-008605fa-fa0a-483e-b596-a17329409763 113d3a99c3da401fbd62cc2caa5b96d2 54fadb412c4e40cdbaed9335e4c35a9e - - -] 10.11.10.1 ""GET /v2/54fadb412c4e40cdbaed9335e4c35a9e/servers/detail HTTP/1.1"" status 200 len 1893 time 0.2833471",[]
352,"nova-api.log.1.2017-05-16_13:53:08
2017-05-16 00:02:38.477 25746 INFO nova.osapi_compute.wsgi.server [req-c58e5c9b-8211-4631-a4dc-8be93e96a0d2 113d3a99c3da401fbd62cc2caa5b96d2 54fadb412c4e40cdbaed9335e4c35a9e - - -] 10.11.10.1 ""GET /v2/54fadb412c4e40cdbaed9335e4c35a9e/servers/detail HTTP/1.1"" status: 200 len: 1893 time: 0.2586210",92b58c13,"nova-api.log.1.2017-05-16_13 53 08 2017-05-16 00 02 38.477 25746 INFO nova.osapi_compute.wsgi.server [req-c58e5c9b-8211-4631-a4dc-8be93e96a0d2 113d3a99c3da401fbd62cc2caa5b96d2 54fadb412c4e40cdbaed9335e4c35a9e - - -] 10.11.10.1 ""GET /v2/54fadb412c4e40cdbaed9335e4c35a9e/servers/detail HTTP/1.1"" status 200 len 1893 time 0.2586210",[]
353,"nova-api.log.1.2017-05-16_13:53:08
2017-05-16 00:02:39.736 25746 INFO nova.osapi_compute.wsgi.server [req-44d3573a-0d2c-4610-85f3-f228ac82a1d1 113d3a99c3da401fbd62cc2caa5b96d2 54fadb412c4e40cdbaed9335e4c35a9e - - -] 10.11.10.1 ""GET /v2/54fadb412c4e40cdbaed9335e4c35a9e/servers/detail HTTP/1.1"" status: 200 len: 1893 time: 0.2529991",e30c6cb7,"nova-api.log.1.2017-05-16_13 53 08 2017-05-16 00 02 39.736 25746 INFO nova.osapi_compute.wsgi.server [req-44d3573a-0d2c-4610-85f3-f228ac82a1d1 113d3a99c3da401fbd62cc2caa5b96d2 54fadb412c4e40cdbaed9335e4c35a9e - - -] 10.11.10.1 ""GET /v2/54fadb412c4e40cdbaed9335e4c35a9e/servers/detail HTTP/1.1"" status 200 len 1893 time 0.2529991",[]
354,"nova-api.log.1.2017-05-16_13:53:08
2017-05-16 00:02:40.006 25746 INFO nova.osapi_compute.wsgi.server [req-40d207ea-99bc-47cd-b37b-d2bb7e7e030c 113d3a99c3da401fbd62cc2caa5b96d2 54fadb412c4e40cdbaed9335e4c35a9e - - -] 10.11.10.1 ""GET /v2/54fadb412c4e40cdbaed9335e4c35a9e/servers/detail HTTP/1.1"" status: 200 len: 1893 time: 0.2665081",58432446,"nova-api.log.1.2017-05-16_13 53 08 2017-05-16 00 02 40.006 25746 INFO nova.osapi_compute.wsgi.server [req-40d207ea-99bc-47cd-b37b-d2bb7e7e030c 113d3a99c3da401fbd62cc2caa5b96d2 54fadb412c4e40cdbaed9335e4c35a9e - - -] 10.11.10.1 ""GET /v2/54fadb412c4e40cdbaed9335e4c35a9e/servers/detail HTTP/1.1"" status 200 len 1893 time 0.2665081",[]
355,"nova-api.log.1.2017-05-16_13:53:08
2017-05-16 00:02:41.268 25746 INFO nova.osapi_compute.wsgi.server [req-1756bc65-fb0b-450c-9e51-57bf965737b7 113d3a99c3da401fbd62cc2caa5b96d2 54fadb412c4e40cdbaed9335e4c35a9e - - -] 10.11.10.1 ""GET /v2/54fadb412c4e40cdbaed9335e4c35a9e/servers/detail HTTP/1.1"" status: 200 len: 1893 time: 0.2555981",1c058ab4,"nova-api.log.1.2017-05-16_13 53 08 2017-05-16 00 02 41.268 25746 INFO nova.osapi_compute.wsgi.server [req-1756bc65-fb0b-450c-9e51-57bf965737b7 113d3a99c3da401fbd62cc2caa5b96d2 54fadb412c4e40cdbaed9335e4c35a9e - - -] 10.11.10.1 ""GET /v2/54fadb412c4e40cdbaed9335e4c35a9e/servers/detail HTTP/1.1"" status 200 len 1893 time 0.2555981",[]
356,"nova-api.log.1.2017-05-16_13:53:08
2017-05-16 00:02:41.518 25746 INFO nova.osapi_compute.wsgi.server [req-713cc4cb-1c01-47b1-b2d5-e5c54f7e9d21 113d3a99c3da401fbd62cc2caa5b96d2 54fadb412c4e40cdbaed9335e4c35a9e - - -] 10.11.10.1 ""GET /v2/54fadb412c4e40cdbaed9335e4c35a9e/servers/detail HTTP/1.1"" status: 200 len: 1893 time: 0.2455752",b64ec650,"nova-api.log.1.2017-05-16_13 53 08 2017-05-16 00 02 41.518 25746 INFO nova.osapi_compute.wsgi.server [req-713cc4cb-1c01-47b1-b2d5-e5c54f7e9d21 113d3a99c3da401fbd62cc2caa5b96d2 54fadb412c4e40cdbaed9335e4c35a9e - - -] 10.11.10.1 ""GET /v2/54fadb412c4e40cdbaed9335e4c35a9e/servers/detail HTTP/1.1"" status 200 len 1893 time 0.2455752",[]
357,"nova-api.log.1.2017-05-16_13:53:08
2017-05-16 00:02:42.794 25746 INFO nova.osapi_compute.wsgi.server [req-35722e9e-e5fb-47d9-8e20-d5237bd7440c 113d3a99c3da401fbd62cc2caa5b96d2 54fadb412c4e40cdbaed9335e4c35a9e - - -] 10.11.10.1 ""GET /v2/54fadb412c4e40cdbaed9335e4c35a9e/servers/detail HTTP/1.1"" status: 200 len: 1893 time: 0.2711270",ead97e4c,"nova-api.log.1.2017-05-16_13 53 08 2017-05-16 00 02 42.794 25746 INFO nova.osapi_compute.wsgi.server [req-35722e9e-e5fb-47d9-8e20-d5237bd7440c 113d3a99c3da401fbd62cc2caa5b96d2 54fadb412c4e40cdbaed9335e4c35a9e - - -] 10.11.10.1 ""GET /v2/54fadb412c4e40cdbaed9335e4c35a9e/servers/detail HTTP/1.1"" status 200 len 1893 time 0.2711270",[]
358,"nova-api.log.1.2017-05-16_13:53:08
2017-05-16 00:02:43.184 25746 INFO nova.osapi_compute.wsgi.server [req-39477c65-5728-4dd9-8e3e-d8c89db36e91 113d3a99c3da401fbd62cc2caa5b96d2 54fadb412c4e40cdbaed9335e4c35a9e - - -] 10.11.10.1 ""GET /v2/54fadb412c4e40cdbaed9335e4c35a9e/servers/detail HTTP/1.1"" status: 200 len: 1893 time: 0.3852520",37fa582b,"nova-api.log.1.2017-05-16_13 53 08 2017-05-16 00 02 43.184 25746 INFO nova.osapi_compute.wsgi.server [req-39477c65-5728-4dd9-8e3e-d8c89db36e91 113d3a99c3da401fbd62cc2caa5b96d2 54fadb412c4e40cdbaed9335e4c35a9e - - -] 10.11.10.1 ""GET /v2/54fadb412c4e40cdbaed9335e4c35a9e/servers/detail HTTP/1.1"" status 200 len 1893 time 0.3852520",[]
359,"nova-api.log.1.2017-05-16_13:53:08
2017-05-16 00:02:44.461 25746 INFO nova.osapi_compute.wsgi.server [req-6dd4cb0c-c909-4935-af86-a978ccb6a461 113d3a99c3da401fbd62cc2caa5b96d2 54fadb412c4e40cdbaed9335e4c35a9e - - -] 10.11.10.1 ""GET /v2/54fadb412c4e40cdbaed9335e4c35a9e/servers/detail HTTP/1.1"" status: 200 len: 1893 time: 0.2695961",0d5073c5,"nova-api.log.1.2017-05-16_13 53 08 2017-05-16 00 02 44.461 25746 INFO nova.osapi_compute.wsgi.server [req-6dd4cb0c-c909-4935-af86-a978ccb6a461 113d3a99c3da401fbd62cc2caa5b96d2 54fadb412c4e40cdbaed9335e4c35a9e - - -] 10.11.10.1 ""GET /v2/54fadb412c4e40cdbaed9335e4c35a9e/servers/detail HTTP/1.1"" status 200 len 1893 time 0.2695961",[]
360,"nova-api.log.1.2017-05-16_13:53:08
2017-05-16 00:02:44.710 25746 INFO nova.osapi_compute.wsgi.server [req-7bf56606-1c53-49cb-9d8d-e6afa1920cc1 113d3a99c3da401fbd62cc2caa5b96d2 54fadb412c4e40cdbaed9335e4c35a9e - - -] 10.11.10.1 ""GET /v2/54fadb412c4e40cdbaed9335e4c35a9e/servers/detail HTTP/1.1"" status: 200 len: 1893 time: 0.2449391",1ea3c908,"nova-api.log.1.2017-05-16_13 53 08 2017-05-16 00 02 44.710 25746 INFO nova.osapi_compute.wsgi.server [req-7bf56606-1c53-49cb-9d8d-e6afa1920cc1 113d3a99c3da401fbd62cc2caa5b96d2 54fadb412c4e40cdbaed9335e4c35a9e - - -] 10.11.10.1 ""GET /v2/54fadb412c4e40cdbaed9335e4c35a9e/servers/detail HTTP/1.1"" status 200 len 1893 time 0.2449391",[]
361,"nova-api.log.1.2017-05-16_13:53:08
2017-05-16 00:02:45.986 25746 INFO nova.osapi_compute.wsgi.server [req-77b6a0fd-dcab-47dd-8465-13cbe5434d40 113d3a99c3da401fbd62cc2caa5b96d2 54fadb412c4e40cdbaed9335e4c35a9e - - -] 10.11.10.1 ""GET /v2/54fadb412c4e40cdbaed9335e4c35a9e/servers/detail HTTP/1.1"" status: 200 len: 1893 time: 0.2681870",1009f7e4,"nova-api.log.1.2017-05-16_13 53 08 2017-05-16 00 02 45.986 25746 INFO nova.osapi_compute.wsgi.server [req-77b6a0fd-dcab-47dd-8465-13cbe5434d40 113d3a99c3da401fbd62cc2caa5b96d2 54fadb412c4e40cdbaed9335e4c35a9e - - -] 10.11.10.1 ""GET /v2/54fadb412c4e40cdbaed9335e4c35a9e/servers/detail HTTP/1.1"" status 200 len 1893 time 0.2681870",[]
362,"nova-api.log.1.2017-05-16_13:53:08
2017-05-16 00:02:46.262 25746 INFO nova.osapi_compute.wsgi.server [req-9d8cd0a4-1fa9-4eb1-ad29-42d2756029e0 113d3a99c3da401fbd62cc2caa5b96d2 54fadb412c4e40cdbaed9335e4c35a9e - - -] 10.11.10.1 ""GET /v2/54fadb412c4e40cdbaed9335e4c35a9e/servers/detail HTTP/1.1"" status: 200 len: 1893 time: 0.2719712",13bc8c7d,"nova-api.log.1.2017-05-16_13 53 08 2017-05-16 00 02 46.262 25746 INFO nova.osapi_compute.wsgi.server [req-9d8cd0a4-1fa9-4eb1-ad29-42d2756029e0 113d3a99c3da401fbd62cc2caa5b96d2 54fadb412c4e40cdbaed9335e4c35a9e - - -] 10.11.10.1 ""GET /v2/54fadb412c4e40cdbaed9335e4c35a9e/servers/detail HTTP/1.1"" status 200 len 1893 time 0.2719712",[]
363,"nova-api.log.1.2017-05-16_13:53:08
2017-05-16 00:02:47.528 25746 INFO nova.osapi_compute.wsgi.server [req-100e1170-b42e-4840-8c18-618eec0dbb92 113d3a99c3da401fbd62cc2caa5b96d2 54fadb412c4e40cdbaed9335e4c35a9e - - -] 10.11.10.1 ""GET /v2/54fadb412c4e40cdbaed9335e4c35a9e/servers/detail HTTP/1.1"" status: 200 len: 1893 time: 0.2595811",851d9e50,"nova-api.log.1.2017-05-16_13 53 08 2017-05-16 00 02 47.528 25746 INFO nova.osapi_compute.wsgi.server [req-100e1170-b42e-4840-8c18-618eec0dbb92 113d3a99c3da401fbd62cc2caa5b96d2 54fadb412c4e40cdbaed9335e4c35a9e - - -] 10.11.10.1 ""GET /v2/54fadb412c4e40cdbaed9335e4c35a9e/servers/detail HTTP/1.1"" status 200 len 1893 time 0.2595811",[]
364,"nova-api.log.1.2017-05-16_13:53:08
2017-05-16 00:02:47.792 25746 INFO nova.osapi_compute.wsgi.server [req-80d1efbd-1f02-4091-9827-adafc6003e3f 113d3a99c3da401fbd62cc2caa5b96d2 54fadb412c4e40cdbaed9335e4c35a9e - - -] 10.11.10.1 ""GET /v2/54fadb412c4e40cdbaed9335e4c35a9e/servers/detail HTTP/1.1"" status: 200 len: 1893 time: 0.2598870",a3a288ee,"nova-api.log.1.2017-05-16_13 53 08 2017-05-16 00 02 47.792 25746 INFO nova.osapi_compute.wsgi.server [req-80d1efbd-1f02-4091-9827-adafc6003e3f 113d3a99c3da401fbd62cc2caa5b96d2 54fadb412c4e40cdbaed9335e4c35a9e - - -] 10.11.10.1 ""GET /v2/54fadb412c4e40cdbaed9335e4c35a9e/servers/detail HTTP/1.1"" status 200 len 1893 time 0.2598870",[]
365,nova-compute.log.1.2017-05-16_13:55:31
2017-05-16 00:02:48.985 2931 INFO nova.compute.manager [req-3ea4052c-895d-4b64-9e2d-04d64c4d94ab - - - - -] [instance: 95960536-049b-41f6-9049-05fc479b6a7c] VM Started (Lifecycle Event),0a255c0d,nova-compute.log.1.2017-05-16_13 55 31 2017-05-16 00 02 <*> 2931 INFO nova.compute.manager [req-3ea4052c-895d-4b64-9e2d-04d64c4d94ab - - - - -] [instance 95960536-049b-41f6-9049-05fc479b6a7c] VM <*> (Lifecycle Event),[]
366,"nova-api.log.1.2017-05-16_13:53:08
2017-05-16 00:02:49.074 25746 INFO nova.osapi_compute.wsgi.server [req-ff142455-b2d5-4551-ad81-56244e8b4246 113d3a99c3da401fbd62cc2caa5b96d2 54fadb412c4e40cdbaed9335e4c35a9e - - -] 10.11.10.1 ""GET /v2/54fadb412c4e40cdbaed9335e4c35a9e/servers/detail HTTP/1.1"" status: 200 len: 1893 time: 0.2751970",b0188f47,"nova-api.log.1.2017-05-16_13 53 08 2017-05-16 00 02 49.074 25746 INFO nova.osapi_compute.wsgi.server [req-ff142455-b2d5-4551-ad81-56244e8b4246 113d3a99c3da401fbd62cc2caa5b96d2 54fadb412c4e40cdbaed9335e4c35a9e - - -] 10.11.10.1 ""GET /v2/54fadb412c4e40cdbaed9335e4c35a9e/servers/detail HTTP/1.1"" status 200 len 1893 time 0.2751970",[]
367,nova-compute.log.1.2017-05-16_13:55:31
2017-05-16 00:02:49.156 2931 INFO nova.compute.manager [req-3ea4052c-895d-4b64-9e2d-04d64c4d94ab - - - - -] [instance: 95960536-049b-41f6-9049-05fc479b6a7c] VM Paused (Lifecycle Event),0a255c0d,nova-compute.log.1.2017-05-16_13 55 31 2017-05-16 00 02 <*> 2931 INFO nova.compute.manager [req-3ea4052c-895d-4b64-9e2d-04d64c4d94ab - - - - -] [instance 95960536-049b-41f6-9049-05fc479b6a7c] VM <*> (Lifecycle Event),[]
368,nova-compute.log.1.2017-05-16_13:55:31
2017-05-16 00:02:49.290 2931 INFO nova.compute.manager [req-3ea4052c-895d-4b64-9e2d-04d64c4d94ab - - - - -] [instance: 95960536-049b-41f6-9049-05fc479b6a7c] During sync_power_state the instance has a pending task (spawning). Skip.,5d51da0c,nova-compute.log.1.2017-05-16_13 55 31 2017-05-16 00 00 <*> 2931 INFO nova.compute.manager [req-3ea4052c-895d-4b64-9e2d-04d64c4d94ab - - - - -] [instance <*> During sync_power_state the instance has a pending task (spawning). Skip.,[]
369,"nova-api.log.1.2017-05-16_13:53:08
2017-05-16 00:02:49.351 25746 INFO nova.osapi_compute.wsgi.server [req-bb582317-a5f0-432d-b7a1-604ce4024a61 113d3a99c3da401fbd62cc2caa5b96d2 54fadb412c4e40cdbaed9335e4c35a9e - - -] 10.11.10.1 ""GET /v2/54fadb412c4e40cdbaed9335e4c35a9e/servers/detail HTTP/1.1"" status: 200 len: 1893 time: 0.2720761",69cd069e,"nova-api.log.1.2017-05-16_13 53 08 2017-05-16 00 02 49.351 25746 INFO nova.osapi_compute.wsgi.server [req-bb582317-a5f0-432d-b7a1-604ce4024a61 113d3a99c3da401fbd62cc2caa5b96d2 54fadb412c4e40cdbaed9335e4c35a9e - - -] 10.11.10.1 ""GET /v2/54fadb412c4e40cdbaed9335e4c35a9e/servers/detail HTTP/1.1"" status 200 len 1893 time 0.2720761",[]
370,nova-compute.log.1.2017-05-16_13:55:31
2017-05-16 00:02:50.202 2931 INFO nova.virt.libvirt.imagecache [req-addc1839-2ed5-4778-b57e-5854eb7b8b09 - - - - -] image 0673dd71-34c5-4fbb-86c4-40623fbe45b4 at (/var/lib/nova/instances/_base/a489c868f0c37da93b76227c91bb03908ac0e742): checking,da90d8dd,nova-compute.log.1.2017-05-16_13 55 31 2017-05-16 00 00 <*> 2931 INFO nova.virt.libvirt.imagecache [req-addc1839-2ed5-4778-b57e-5854eb7b8b09 - - - - -] image 0673dd71-34c5-4fbb-86c4-40623fbe45b4 at (/var/lib/nova/instances/_base/a489c868f0c37da93b76227c91bb03908ac0e742) checking,[]
371,"nova-compute.log.1.2017-05-16_13:55:31
2017-05-16 00:02:50.203 2931 INFO nova.virt.libvirt.imagecache [req-addc1839-2ed5-4778-b57e-5854eb7b8b09 - - - - -] image 0673dd71-34c5-4fbb-86c4-40623fbe45b4 at (/var/lib/nova/instances/_base/a489c868f0c37da93b76227c91bb03908ac0e742): in use: on this node 1 local, 0 on other nodes sharing this instance storage",2225072b,nova-compute.log.1.2017-05-16_13 55 31 2017-05-16 00 00 <*> 2931 INFO nova.virt.libvirt.imagecache [req-addc1839-2ed5-4778-b57e-5854eb7b8b09 - - - - -] image 0673dd71-34c5-4fbb-86c4-40623fbe45b4 at (/var/lib/nova/instances/_base/a489c868f0c37da93b76227c91bb03908ac0e742) in use on this node 1 local 0 on other nodes sharing this instance storage,[]
372,nova-compute.log.1.2017-05-16_13:55:31
2017-05-16 00:02:50.381 2931 INFO nova.virt.libvirt.imagecache [req-addc1839-2ed5-4778-b57e-5854eb7b8b09 - - - - -] Active base files: /var/lib/nova/instances/_base/a489c868f0c37da93b76227c91bb03908ac0e742,c4d016e5,nova-compute.log.1.2017-05-16_13 55 31 2017-05-16 00 00 <*> 2931 INFO nova.virt.libvirt.imagecache [req-addc1839-2ed5-4778-b57e-5854eb7b8b09 - - - - -] <*> base files /var/lib/nova/instances/_base/a489c868f0c37da93b76227c91bb03908ac0e742,[]
373,"nova-api.log.1.2017-05-16_13:53:08
2017-05-16 00:02:50.764 25746 INFO nova.osapi_compute.wsgi.server [req-6e4f4f57-ce56-4885-956a-dc1235c5afb2 113d3a99c3da401fbd62cc2caa5b96d2 54fadb412c4e40cdbaed9335e4c35a9e - - -] 10.11.10.1 ""GET /v2/54fadb412c4e40cdbaed9335e4c35a9e/servers/detail HTTP/1.1"" status: 200 len: 1893 time: 0.4072819",35b4183d,"nova-api.log.1.2017-05-16_13 53 08 2017-05-16 00 02 50.764 25746 INFO nova.osapi_compute.wsgi.server [req-6e4f4f57-ce56-4885-956a-dc1235c5afb2 113d3a99c3da401fbd62cc2caa5b96d2 54fadb412c4e40cdbaed9335e4c35a9e - - -] 10.11.10.1 ""GET /v2/54fadb412c4e40cdbaed9335e4c35a9e/servers/detail HTTP/1.1"" status 200 len 1893 time 0.4072819",[]
374,"nova-api.log.1.2017-05-16_13:53:08
2017-05-16 00:02:51.020 25746 INFO nova.osapi_compute.wsgi.server [req-964322ee-29e9-4c5d-a07c-9d30a2f01ee2 113d3a99c3da401fbd62cc2caa5b96d2 54fadb412c4e40cdbaed9335e4c35a9e - - -] 10.11.10.1 ""GET /v2/54fadb412c4e40cdbaed9335e4c35a9e/servers/detail HTTP/1.1"" status: 200 len: 1893 time: 0.2523489",cf2cbfb9,"nova-api.log.1.2017-05-16_13 53 08 2017-05-16 00 02 51.020 25746 INFO nova.osapi_compute.wsgi.server [req-964322ee-29e9-4c5d-a07c-9d30a2f01ee2 113d3a99c3da401fbd62cc2caa5b96d2 54fadb412c4e40cdbaed9335e4c35a9e - - -] 10.11.10.1 ""GET /v2/54fadb412c4e40cdbaed9335e4c35a9e/servers/detail HTTP/1.1"" status 200 len 1893 time 0.2523489",[]
375,"nova-api.log.1.2017-05-16_13:53:08
2017-05-16 00:02:52.299 25746 INFO nova.osapi_compute.wsgi.server [req-6264d86e-7a74-4647-a528-8e476a256e94 113d3a99c3da401fbd62cc2caa5b96d2 54fadb412c4e40cdbaed9335e4c35a9e - - -] 10.11.10.1 ""GET /v2/54fadb412c4e40cdbaed9335e4c35a9e/servers/detail HTTP/1.1"" status: 200 len: 1893 time: 0.2726710",4ac777e5,"nova-api.log.1.2017-05-16_13 53 08 2017-05-16 00 02 52.299 25746 INFO nova.osapi_compute.wsgi.server [req-6264d86e-7a74-4647-a528-8e476a256e94 113d3a99c3da401fbd62cc2caa5b96d2 54fadb412c4e40cdbaed9335e4c35a9e - - -] 10.11.10.1 ""GET /v2/54fadb412c4e40cdbaed9335e4c35a9e/servers/detail HTTP/1.1"" status 200 len 1893 time 0.2726710",[]
376,"nova-api.log.1.2017-05-16_13:53:08
2017-05-16 00:02:52.572 25746 INFO nova.osapi_compute.wsgi.server [req-08190bc9-9cd6-4d14-a825-06421a17de6c 113d3a99c3da401fbd62cc2caa5b96d2 54fadb412c4e40cdbaed9335e4c35a9e - - -] 10.11.10.1 ""GET /v2/54fadb412c4e40cdbaed9335e4c35a9e/servers/detail HTTP/1.1"" status: 200 len: 1893 time: 0.2684422",17756cd7,"nova-api.log.1.2017-05-16_13 53 08 2017-05-16 00 02 52.572 25746 INFO nova.osapi_compute.wsgi.server [req-08190bc9-9cd6-4d14-a825-06421a17de6c 113d3a99c3da401fbd62cc2caa5b96d2 54fadb412c4e40cdbaed9335e4c35a9e - - -] 10.11.10.1 ""GET /v2/54fadb412c4e40cdbaed9335e4c35a9e/servers/detail HTTP/1.1"" status 200 len 1893 time 0.2684422",[]
377,"nova-api.log.1.2017-05-16_13:53:08
2017-05-16 00:02:53.856 25746 INFO nova.osapi_compute.wsgi.server [req-17ee8196-ec23-4adc-acc9-4c24686d8b68 113d3a99c3da401fbd62cc2caa5b96d2 54fadb412c4e40cdbaed9335e4c35a9e - - -] 10.11.10.1 ""GET /v2/54fadb412c4e40cdbaed9335e4c35a9e/servers/detail HTTP/1.1"" status: 200 len: 1893 time: 0.2791021",458ab13b,"nova-api.log.1.2017-05-16_13 53 08 2017-05-16 00 02 53.856 25746 INFO nova.osapi_compute.wsgi.server [req-17ee8196-ec23-4adc-acc9-4c24686d8b68 113d3a99c3da401fbd62cc2caa5b96d2 54fadb412c4e40cdbaed9335e4c35a9e - - -] 10.11.10.1 ""GET /v2/54fadb412c4e40cdbaed9335e4c35a9e/servers/detail HTTP/1.1"" status 200 len 1893 time 0.2791021",[]
378,"nova-api.log.1.2017-05-16_13:53:08
2017-05-16 00:02:54.125 25746 INFO nova.osapi_compute.wsgi.server [req-efe668bd-0162-4b21-b1c0-d962abc9f6ba 113d3a99c3da401fbd62cc2caa5b96d2 54fadb412c4e40cdbaed9335e4c35a9e - - -] 10.11.10.1 ""GET /v2/54fadb412c4e40cdbaed9335e4c35a9e/servers/detail HTTP/1.1"" status: 200 len: 1893 time: 0.2633080",f370dc3c,"nova-api.log.1.2017-05-16_13 53 08 2017-05-16 00 02 54.125 25746 INFO nova.osapi_compute.wsgi.server [req-efe668bd-0162-4b21-b1c0-d962abc9f6ba 113d3a99c3da401fbd62cc2caa5b96d2 54fadb412c4e40cdbaed9335e4c35a9e - - -] 10.11.10.1 ""GET /v2/54fadb412c4e40cdbaed9335e4c35a9e/servers/detail HTTP/1.1"" status 200 len 1893 time 0.2633080",[]
379,"nova-api.log.1.2017-05-16_13:53:08
2017-05-16 00:02:55.399 25746 INFO nova.osapi_compute.wsgi.server [req-1ea0f0f5-7810-4564-b77e-b6729aec28e8 113d3a99c3da401fbd62cc2caa5b96d2 54fadb412c4e40cdbaed9335e4c35a9e - - -] 10.11.10.1 ""GET /v2/54fadb412c4e40cdbaed9335e4c35a9e/servers/detail HTTP/1.1"" status: 200 len: 1893 time: 0.2678630",a9bd33b4,"nova-api.log.1.2017-05-16_13 53 08 2017-05-16 00 02 55.399 25746 INFO nova.osapi_compute.wsgi.server [req-1ea0f0f5-7810-4564-b77e-b6729aec28e8 113d3a99c3da401fbd62cc2caa5b96d2 54fadb412c4e40cdbaed9335e4c35a9e - - -] 10.11.10.1 ""GET /v2/54fadb412c4e40cdbaed9335e4c35a9e/servers/detail HTTP/1.1"" status 200 len 1893 time 0.2678630",[]
380,nova-compute.log.1.2017-05-16_13:55:31
2017-05-16 00:02:55.541 2931 INFO nova.virt.libvirt.imagecache [req-addc1839-2ed5-4778-b57e-5854eb7b8b09 - - - - -] image 0673dd71-34c5-4fbb-86c4-40623fbe45b4 at (/var/lib/nova/instances/_base/a489c868f0c37da93b76227c91bb03908ac0e742): checking,da90d8dd,nova-compute.log.1.2017-05-16_13 55 31 2017-05-16 00 00 <*> 2931 INFO nova.virt.libvirt.imagecache [req-addc1839-2ed5-4778-b57e-5854eb7b8b09 - - - - -] image 0673dd71-34c5-4fbb-86c4-40623fbe45b4 at (/var/lib/nova/instances/_base/a489c868f0c37da93b76227c91bb03908ac0e742) checking,[]
381,"nova-compute.log.1.2017-05-16_13:55:31
2017-05-16 00:02:55.542 2931 INFO nova.virt.libvirt.imagecache [req-addc1839-2ed5-4778-b57e-5854eb7b8b09 - - - - -] image 0673dd71-34c5-4fbb-86c4-40623fbe45b4 at (/var/lib/nova/instances/_base/a489c868f0c37da93b76227c91bb03908ac0e742): in use: on this node 1 local, 0 on other nodes sharing this instance storage",2225072b,nova-compute.log.1.2017-05-16_13 55 31 2017-05-16 00 00 <*> 2931 INFO nova.virt.libvirt.imagecache [req-addc1839-2ed5-4778-b57e-5854eb7b8b09 - - - - -] image 0673dd71-34c5-4fbb-86c4-40623fbe45b4 at (/var/lib/nova/instances/_base/a489c868f0c37da93b76227c91bb03908ac0e742) in use on this node 1 local 0 on other nodes sharing this instance storage,[]
382,nova-api.log.1.2017-05-16_13:53:08
2017-05-16 00:02:55.621 25743 INFO nova.api.openstack.compute.server_external_events [req-e265ea4c-ba4b-44f0-b086-7420e34e17cb f7b8d1f1d4d44643b07fa10ca7d021fb e9746973ac574c6b8a9e8857f56a7608 - - -] Creating event network-vif-plugged:1cf11429-1563-4f6c-823c-91ba6e0f6675 for instance 95960536-049b-41f6-9049-05fc479b6a7c,67a149b6,nova-api.log.1.2017-05-16_13 53 08 2017-05-16 00 02 55.621 25743 INFO nova.api.openstack.compute.server_external_events [req-e265ea4c-ba4b-44f0-b086-7420e34e17cb f7b8d1f1d4d44643b07fa10ca7d021fb e9746973ac574c6b8a9e8857f56a7608 - - -] Creating event network-vif-plugged 1cf11429-1563-4f6c-823c-91ba6e0f6675 for instance 95960536-049b-41f6-9049-05fc479b6a7c,[]
383,"nova-api.log.1.2017-05-16_13:53:08
2017-05-16 00:02:55.626 25743 INFO nova.osapi_compute.wsgi.server [req-e265ea4c-ba4b-44f0-b086-7420e34e17cb f7b8d1f1d4d44643b07fa10ca7d021fb e9746973ac574c6b8a9e8857f56a7608 - - -] 10.11.10.1 ""POST /v2/e9746973ac574c6b8a9e8857f56a7608/os-server-external-events HTTP/1.1"" status: 200 len: 380 time: 0.0867331",5536db61,"nova-api.log.1.2017-05-16_13 53 08 2017-05-16 00 02 55.626 25743 INFO nova.osapi_compute.wsgi.server [req-e265ea4c-ba4b-44f0-b086-7420e34e17cb f7b8d1f1d4d44643b07fa10ca7d021fb e9746973ac574c6b8a9e8857f56a7608 - - -] 10.11.10.1 ""POST /v2/e9746973ac574c6b8a9e8857f56a7608/os-server-external-events HTTP/1.1"" status 200 len 380 time 0.0867331",[]
384,nova-compute.log.1.2017-05-16_13:55:31
2017-05-16 00:02:55.637 2931 INFO nova.compute.manager [req-3ea4052c-895d-4b64-9e2d-04d64c4d94ab - - - - -] [instance: 95960536-049b-41f6-9049-05fc479b6a7c] VM Resumed (Lifecycle Event),0a255c0d,nova-compute.log.1.2017-05-16_13 55 31 2017-05-16 00 02 <*> 2931 INFO nova.compute.manager [req-3ea4052c-895d-4b64-9e2d-04d64c4d94ab - - - - -] [instance 95960536-049b-41f6-9049-05fc479b6a7c] VM <*> (Lifecycle Event),[]
385,nova-compute.log.1.2017-05-16_13:55:31
2017-05-16 00:02:55.646 2931 INFO nova.virt.libvirt.driver [-] [instance: 95960536-049b-41f6-9049-05fc479b6a7c] Instance spawned successfully.,abbef67d,nova-compute.log.1.2017-05-16_13 55 31 2017-05-16 00 02 55.646 2931 INFO nova.virt.libvirt.driver [-] [instance 95960536-049b-41f6-9049-05fc479b6a7c] Instance spawned successfully.,[]
386,nova-compute.log.1.2017-05-16_13:55:31
2017-05-16 00:02:55.647 2931 INFO nova.compute.manager [req-d38f479d-9bb9-4276-9688-52607e8fd350 113d3a99c3da401fbd62cc2caa5b96d2 54fadb412c4e40cdbaed9335e4c35a9e - - -] [instance: 95960536-049b-41f6-9049-05fc479b6a7c] Took 19.71 seconds to spawn the instance on the hypervisor.,cb161ff5,nova-compute.log.1.2017-05-16_13 55 31 2017-05-16 00 02 55.647 2931 INFO nova.compute.manager [req-d38f479d-9bb9-4276-9688-52607e8fd350 113d3a99c3da401fbd62cc2caa5b96d2 54fadb412c4e40cdbaed9335e4c35a9e - - -] [instance 95960536-049b-41f6-9049-05fc479b6a7c] Took 19.71 seconds to spawn the instance on the hypervisor.,[]
387,"nova-api.log.1.2017-05-16_13:53:08
2017-05-16 00:02:55.673 25746 INFO nova.osapi_compute.wsgi.server [req-4115658f-3cd0-4dc0-9025-dbf0e4581302 113d3a99c3da401fbd62cc2caa5b96d2 54fadb412c4e40cdbaed9335e4c35a9e - - -] 10.11.10.1 ""GET /v2/54fadb412c4e40cdbaed9335e4c35a9e/servers/detail HTTP/1.1"" status: 200 len: 1893 time: 0.2711699",4917f0cb,"nova-api.log.1.2017-05-16_13 53 08 2017-05-16 00 02 55.673 25746 INFO nova.osapi_compute.wsgi.server [req-4115658f-3cd0-4dc0-9025-dbf0e4581302 113d3a99c3da401fbd62cc2caa5b96d2 54fadb412c4e40cdbaed9335e4c35a9e - - -] 10.11.10.1 ""GET /v2/54fadb412c4e40cdbaed9335e4c35a9e/servers/detail HTTP/1.1"" status 200 len 1893 time 0.2711699",[]
388,nova-compute.log.1.2017-05-16_13:55:31
2017-05-16 00:02:55.733 2931 INFO nova.virt.libvirt.imagecache [req-addc1839-2ed5-4778-b57e-5854eb7b8b09 - - - - -] Active base files: /var/lib/nova/instances/_base/a489c868f0c37da93b76227c91bb03908ac0e742,c4d016e5,nova-compute.log.1.2017-05-16_13 55 31 2017-05-16 00 00 <*> 2931 INFO nova.virt.libvirt.imagecache [req-addc1839-2ed5-4778-b57e-5854eb7b8b09 - - - - -] <*> base files /var/lib/nova/instances/_base/a489c868f0c37da93b76227c91bb03908ac0e742,[]
389,nova-compute.log.1.2017-05-16_13:55:31
2017-05-16 00:02:55.757 2931 INFO nova.compute.manager [req-3ea4052c-895d-4b64-9e2d-04d64c4d94ab - - - - -] [instance: 95960536-049b-41f6-9049-05fc479b6a7c] During sync_power_state the instance has a pending task (spawning). Skip.,5d51da0c,nova-compute.log.1.2017-05-16_13 55 31 2017-05-16 00 00 <*> 2931 INFO nova.compute.manager [req-3ea4052c-895d-4b64-9e2d-04d64c4d94ab - - - - -] [instance <*> During sync_power_state the instance has a pending task (spawning). Skip.,[]
390,nova-compute.log.1.2017-05-16_13:55:31
2017-05-16 00:02:55.757 2931 INFO nova.compute.manager [req-3ea4052c-895d-4b64-9e2d-04d64c4d94ab - - - - -] [instance: 95960536-049b-41f6-9049-05fc479b6a7c] VM Resumed (Lifecycle Event),0a255c0d,nova-compute.log.1.2017-05-16_13 55 31 2017-05-16 00 02 <*> 2931 INFO nova.compute.manager [req-3ea4052c-895d-4b64-9e2d-04d64c4d94ab - - - - -] [instance 95960536-049b-41f6-9049-05fc479b6a7c] VM <*> (Lifecycle Event),[]
391,nova-compute.log.1.2017-05-16_13:55:31
2017-05-16 00:02:55.778 2931 INFO nova.compute.manager [req-d38f479d-9bb9-4276-9688-52607e8fd350 113d3a99c3da401fbd62cc2caa5b96d2 54fadb412c4e40cdbaed9335e4c35a9e - - -] [instance: 95960536-049b-41f6-9049-05fc479b6a7c] Took 20.72 seconds to build instance.,75ad6d94,nova-compute.log.1.2017-05-16_13 55 31 2017-05-16 00 02 55.778 2931 INFO nova.compute.manager [req-d38f479d-9bb9-4276-9688-52607e8fd350 113d3a99c3da401fbd62cc2caa5b96d2 54fadb412c4e40cdbaed9335e4c35a9e - - -] [instance 95960536-049b-41f6-9049-05fc479b6a7c] Took 20.72 seconds to build instance.,[]
392,"nova-api.log.1.2017-05-16_13:53:08
2017-05-16 00:02:56.955 25746 INFO nova.osapi_compute.wsgi.server [req-62ff267f-85a7-45e5-be31-1b23edc89a22 113d3a99c3da401fbd62cc2caa5b96d2 54fadb412c4e40cdbaed9335e4c35a9e - - -] 10.11.10.1 ""GET /v2/54fadb412c4e40cdbaed9335e4c35a9e/servers/detail HTTP/1.1"" status: 200 len: 1910 time: 0.2752779",577a8482,"nova-api.log.1.2017-05-16_13 53 08 2017-05-16 00 02 56.955 25746 INFO nova.osapi_compute.wsgi.server [req-62ff267f-85a7-45e5-be31-1b23edc89a22 113d3a99c3da401fbd62cc2caa5b96d2 54fadb412c4e40cdbaed9335e4c35a9e - - -] 10.11.10.1 ""GET /v2/54fadb412c4e40cdbaed9335e4c35a9e/servers/detail HTTP/1.1"" status 200 len 1910 time 0.2752779",[]
393,"nova-api.log.1.2017-05-16_13:53:08
2017-05-16 00:02:57.225 25746 INFO nova.osapi_compute.wsgi.server [req-e0e52eae-603e-45e1-9b5e-06c76033bfd5 113d3a99c3da401fbd62cc2caa5b96d2 54fadb412c4e40cdbaed9335e4c35a9e - - -] 10.11.10.1 ""GET /v2/54fadb412c4e40cdbaed9335e4c35a9e/servers/detail HTTP/1.1"" status: 200 len: 1910 time: 0.2668512",590bc6c0,"nova-api.log.1.2017-05-16_13 53 08 2017-05-16 00 02 57.225 25746 INFO nova.osapi_compute.wsgi.server [req-e0e52eae-603e-45e1-9b5e-06c76033bfd5 113d3a99c3da401fbd62cc2caa5b96d2 54fadb412c4e40cdbaed9335e4c35a9e - - -] 10.11.10.1 ""GET /v2/54fadb412c4e40cdbaed9335e4c35a9e/servers/detail HTTP/1.1"" status 200 len 1910 time 0.2668512",[]
394,nova-scheduler.log.1.2017-05-16_13:53:08
2017-05-16 00:02:58.484 25998 INFO nova.scheduler.host_manager [req-53427a68-ae6f-4b07-aace-853b0890e9b3 - - - - -] Successfully synced instances from host 'cp-1.slowvm1.tcloud-pg0.utah.cloudlab.us'.,b14dfe6e,nova-scheduler.log.1.2017-05-16_13 53 08 2017-05-16 00 02 58.484 25998 INFO nova.scheduler.host_manager [req-53427a68-ae6f-4b07-aace-853b0890e9b3 - - - - -] Successfully synced instances from host 'cp-1.slowvm1.tcloud-pg0.utah.cloudlab.us'.,[]
395,nova-compute.log.1.2017-05-16_13:55:31
2017-05-16 00:03:00.138 2931 INFO nova.virt.libvirt.imagecache [req-addc1839-2ed5-4778-b57e-5854eb7b8b09 - - - - -] image 0673dd71-34c5-4fbb-86c4-40623fbe45b4 at (/var/lib/nova/instances/_base/a489c868f0c37da93b76227c91bb03908ac0e742): checking,da90d8dd,nova-compute.log.1.2017-05-16_13 55 31 2017-05-16 00 00 <*> 2931 INFO nova.virt.libvirt.imagecache [req-addc1839-2ed5-4778-b57e-5854eb7b8b09 - - - - -] image 0673dd71-34c5-4fbb-86c4-40623fbe45b4 at (/var/lib/nova/instances/_base/a489c868f0c37da93b76227c91bb03908ac0e742) checking,[]
396,"nova-compute.log.1.2017-05-16_13:55:31
2017-05-16 00:03:00.139 2931 INFO nova.virt.libvirt.imagecache [req-addc1839-2ed5-4778-b57e-5854eb7b8b09 - - - - -] image 0673dd71-34c5-4fbb-86c4-40623fbe45b4 at (/var/lib/nova/instances/_base/a489c868f0c37da93b76227c91bb03908ac0e742): in use: on this node 1 local, 0 on other nodes sharing this instance storage",2225072b,nova-compute.log.1.2017-05-16_13 55 31 2017-05-16 00 00 <*> 2931 INFO nova.virt.libvirt.imagecache [req-addc1839-2ed5-4778-b57e-5854eb7b8b09 - - - - -] image 0673dd71-34c5-4fbb-86c4-40623fbe45b4 at (/var/lib/nova/instances/_base/a489c868f0c37da93b76227c91bb03908ac0e742) in use on this node 1 local 0 on other nodes sharing this instance storage,[]
397,nova-compute.log.1.2017-05-16_13:55:31
2017-05-16 00:03:00.303 2931 INFO nova.virt.libvirt.imagecache [req-addc1839-2ed5-4778-b57e-5854eb7b8b09 - - - - -] Active base files: /var/lib/nova/instances/_base/a489c868f0c37da93b76227c91bb03908ac0e742,c4d016e5,nova-compute.log.1.2017-05-16_13 55 31 2017-05-16 00 00 <*> 2931 INFO nova.virt.libvirt.imagecache [req-addc1839-2ed5-4778-b57e-5854eb7b8b09 - - - - -] <*> base files /var/lib/nova/instances/_base/a489c868f0c37da93b76227c91bb03908ac0e742,[]
398,"nova-api.log.1.2017-05-16_13:53:08
2017-05-16 00:03:01.916 25778 INFO nova.metadata.wsgi.server [req-cb87c9f0-3bb5-4102-b97e-6066266f5cf9 - - - - -] 10.11.21.126,10.11.10.1 ""GET /openstack/2012-08-10/meta_data.json HTTP/1.1"" status: 200 len: 264 time: 0.2225840",1111e6e4,"nova-api.log.1.2017-05-16_13 53 08 2017-05-16 00 03 01.916 25778 INFO nova.metadata.wsgi.server [req-cb87c9f0-3bb5-4102-b97e-6066266f5cf9 - - - - -] 10.11.21.126 10.11.10.1 ""GET /openstack/2012-08-10/meta_data.json HTTP/1.1"" status 200 len 264 time 0.2225840",[]
399,"nova-api.log.1.2017-05-16_13:53:08
2017-05-16 00:03:01.929 25778 INFO nova.metadata.wsgi.server [-] 10.11.21.126,10.11.10.1 ""GET /openstack/2013-10-17 HTTP/1.1"" status: 200 len: 157 time: 0.0006402",5ddd9ec9,"nova-api.log.1.2017-05-16_13 53 08 2017-05-16 00 03 01.929 25778 INFO nova.metadata.wsgi.server [-] 10.11.21.126 10.11.10.1 ""GET /openstack/2013-10-17 HTTP/1.1"" status 200 len 157 time 0.0006402",[]
400,"nova-api.log.1.2017-05-16_13:53:08
2017-05-16 00:03:02.250 25799 INFO nova.metadata.wsgi.server [req-2886b8ba-64e7-4ee7-862d-0e6af9fb9fe9 - - - - -] 10.11.21.126,10.11.10.1 ""GET /openstack/2013-10-17/vendor_data.json HTTP/1.1"" status: 200 len: 124 time: 0.2317870",7ce6fb60,"nova-api.log.1.2017-05-16_13 53 08 2017-05-16 00 03 02.250 25799 INFO nova.metadata.wsgi.server [req-2886b8ba-64e7-4ee7-862d-0e6af9fb9fe9 - - - - -] 10.11.21.126 10.11.10.1 ""GET /openstack/2013-10-17/vendor_data.json HTTP/1.1"" status 200 len 124 time 0.2317870",[]
401,"nova-api.log.1.2017-05-16_13:53:08
2017-05-16 00:03:02.262 25778 INFO nova.metadata.wsgi.server [-] 10.11.21.126,10.11.10.1 ""GET /openstack/2013-10-17/vendor_data.json HTTP/1.1"" status: 200 len: 124 time: 0.0009999",f703c623,"nova-api.log.1.2017-05-16_13 53 08 2017-05-16 00 03 02.262 25778 INFO nova.metadata.wsgi.server [-] 10.11.21.126 10.11.10.1 ""GET /openstack/2013-10-17/vendor_data.json HTTP/1.1"" status 200 len 124 time 0.0009999",[]
402,"nova-api.log.1.2017-05-16_13:53:08
2017-05-16 00:03:02.276 25778 INFO nova.metadata.wsgi.server [-] 10.11.21.126,10.11.10.1 ""GET /openstack/2013-10-17/user_data HTTP/1.1"" status: 404 len: 176 time: 0.0010130",fe863788,"nova-api.log.1.2017-05-16_13 53 08 2017-05-16 00 03 02.276 25778 INFO nova.metadata.wsgi.server [-] 10.11.21.126 10.11.10.1 ""GET /openstack/2013-10-17/user_data HTTP/1.1"" status 404 len 176 time 0.0010130",[]
403,"nova-api.log.1.2017-05-16_13:53:08
2017-05-16 00:03:02.503 25775 INFO nova.metadata.wsgi.server [req-386447cd-167b-4202-aeaa-fd90d85b53b8 - - - - -] 10.11.21.126,10.11.10.1 ""GET /openstack/2013-10-17/meta_data.json HTTP/1.1"" status: 200 len: 967 time: 0.2158179",57e149e3,"nova-api.log.1.2017-05-16_13 53 08 2017-05-16 00 03 02.503 25775 INFO nova.metadata.wsgi.server [req-386447cd-167b-4202-aeaa-fd90d85b53b8 - - - - -] 10.11.21.126 10.11.10.1 ""GET /openstack/2013-10-17/meta_data.json HTTP/1.1"" status 200 len 967 time 0.2158179",[]
404,"nova-api.log.1.2017-05-16_13:53:08
2017-05-16 00:03:02.587 25775 INFO nova.metadata.wsgi.server [-] 10.11.21.126,10.11.10.1 ""GET /openstack/2013-10-17/meta_data.json HTTP/1.1"" status: 200 len: 967 time: 0.0012150",122333ad,"nova-api.log.1.2017-05-16_13 53 08 2017-05-16 00 03 02.587 25775 INFO nova.metadata.wsgi.server [-] 10.11.21.126 10.11.10.1 ""GET /openstack/2013-10-17/meta_data.json HTTP/1.1"" status 200 len 967 time 0.0012150",[]
405,"nova-api.log.1.2017-05-16_13:53:08
2017-05-16 00:03:02.678 25778 INFO nova.metadata.wsgi.server [-] 10.11.21.126,10.11.10.1 ""GET /latest/meta-data/ HTTP/1.1"" status: 200 len: 328 time: 0.0008578",1fd9c711,"nova-api.log.1.2017-05-16_13 53 08 2017-05-16 00 03 02.678 25778 INFO nova.metadata.wsgi.server [-] 10.11.21.126 10.11.10.1 ""GET /latest/meta-data/ HTTP/1.1"" status 200 len 328 time 0.0008578",[]
406,"nova-api.log.1.2017-05-16_13:53:08
2017-05-16 00:03:03.094 25788 INFO nova.metadata.wsgi.server [req-d7729064-6e3e-4d44-b65f-5b329ba18a74 - - - - -] 10.11.21.126,10.11.10.1 ""GET /latest/meta-data/block-device-mapping/ HTTP/1.1"" status: 200 len: 124 time: 0.4023941",f33f8bba,"nova-api.log.1.2017-05-16_13 53 08 2017-05-16 00 03 03.094 25788 INFO nova.metadata.wsgi.server [req-d7729064-6e3e-4d44-b65f-5b329ba18a74 - - - - -] 10.11.21.126 10.11.10.1 ""GET /latest/meta-data/block-device-mapping/ HTTP/1.1"" status 200 len 124 time 0.4023941",[]
407,"nova-api.log.1.2017-05-16_13:53:08
2017-05-16 00:03:03.110 25788 INFO nova.metadata.wsgi.server [-] 10.11.21.126,10.11.10.1 ""GET /latest/meta-data/block-device-mapping/ami HTTP/1.1"" status: 200 len: 119 time: 0.0029080",80a88ead,"nova-api.log.1.2017-05-16_13 53 08 2017-05-16 00 03 03.110 25788 INFO nova.metadata.wsgi.server [-] 10.11.21.126 10.11.10.1 ""GET /latest/meta-data/block-device-mapping/ami HTTP/1.1"" status 200 len 119 time 0.0029080",[]
408,"nova-api.log.1.2017-05-16_13:53:08
2017-05-16 00:03:03.343 25791 INFO nova.metadata.wsgi.server [req-27e91939-3ba4-4d14-80e1-47d8fbb230ff - - - - -] 10.11.21.126,10.11.10.1 ""GET /latest/meta-data/block-device-mapping/root HTTP/1.1"" status: 200 len: 124 time: 0.2206309",e1365187,"nova-api.log.1.2017-05-16_13 53 08 2017-05-16 00 03 03.343 25791 INFO nova.metadata.wsgi.server [req-27e91939-3ba4-4d14-80e1-47d8fbb230ff - - - - -] 10.11.21.126 10.11.10.1 ""GET /latest/meta-data/block-device-mapping/root HTTP/1.1"" status 200 len 124 time 0.2206309",[]
409,"nova-api.log.1.2017-05-16_13:53:08
