2017-05-16 00:04:56.613 25746 INFO nova.osapi_compute.wsgi.server [req-aed90710-a0a8-43a6-bd76-ae5572354e8d 113d3a99c3da401fbd62cc2caa5b96d2 54fadb412c4e40cdbaed9335e4c35a9e - - -] 10.11.10.1 ""GET /v2/54fadb412c4e40cdbaed9335e4c35a9e/servers/detail HTTP/1.1"" status: 200 len: 1893 time: 0.2693179",00d49250,"nova-api.log.1.2017-05-16_13 53 08 2017-05-16 00 04 56.613 25746 INFO nova.osapi_compute.wsgi.server [req-aed90710-a0a8-43a6-bd76-ae5572354e8d 113d3a99c3da401fbd62cc2caa5b96d2 54fadb412c4e40cdbaed9335e4c35a9e - - -] 10.11.10.1 ""GET /v2/54fadb412c4e40cdbaed9335e4c35a9e/servers/detail HTTP/1.1"" status 200 len 1893 time 0.2693179",[]
651,"nova-api.log.1.2017-05-16_13:53:08
2017-05-16 00:04:56.885 25746 INFO nova.osapi_compute.wsgi.server [req-5cb84c28-f466-4fad-949b-23da89895861 113d3a99c3da401fbd62cc2caa5b96d2 54fadb412c4e40cdbaed9335e4c35a9e - - -] 10.11.10.1 ""GET /v2/54fadb412c4e40cdbaed9335e4c35a9e/servers/detail HTTP/1.1"" status: 200 len: 1893 time: 0.2679729",03058f17,"nova-api.log.1.2017-05-16_13 53 08 2017-05-16 00 04 56.885 25746 INFO nova.osapi_compute.wsgi.server [req-5cb84c28-f466-4fad-949b-23da89895861 113d3a99c3da401fbd62cc2caa5b96d2 54fadb412c4e40cdbaed9335e4c35a9e - - -] 10.11.10.1 ""GET /v2/54fadb412c4e40cdbaed9335e4c35a9e/servers/detail HTTP/1.1"" status 200 len 1893 time 0.2679729",[]
652,"nova-api.log.1.2017-05-16_13:53:08
2017-05-16 00:04:58.163 25746 INFO nova.osapi_compute.wsgi.server [req-93b87e0b-d97f-4334-9d9f-44974b048f51 113d3a99c3da401fbd62cc2caa5b96d2 54fadb412c4e40cdbaed9335e4c35a9e - - -] 10.11.10.1 ""GET /v2/54fadb412c4e40cdbaed9335e4c35a9e/servers/detail HTTP/1.1"" status: 200 len: 1893 time: 0.2718840",1b2035ec,"nova-api.log.1.2017-05-16_13 53 08 2017-05-16 00 04 58.163 25746 INFO nova.osapi_compute.wsgi.server [req-93b87e0b-d97f-4334-9d9f-44974b048f51 113d3a99c3da401fbd62cc2caa5b96d2 54fadb412c4e40cdbaed9335e4c35a9e - - -] 10.11.10.1 ""GET /v2/54fadb412c4e40cdbaed9335e4c35a9e/servers/detail HTTP/1.1"" status 200 len 1893 time 0.2718840",[]
653,"nova-api.log.1.2017-05-16_13:53:08
2017-05-16 00:04:58.430 25746 INFO nova.osapi_compute.wsgi.server [req-242354ec-cd50-4661-9a66-be40b6b679cb 113d3a99c3da401fbd62cc2caa5b96d2 54fadb412c4e40cdbaed9335e4c35a9e - - -] 10.11.10.1 ""GET /v2/54fadb412c4e40cdbaed9335e4c35a9e/servers/detail HTTP/1.1"" status: 200 len: 1893 time: 0.2633321",bd58f96c,"nova-api.log.1.2017-05-16_13 53 08 2017-05-16 00 04 58.430 25746 INFO nova.osapi_compute.wsgi.server [req-242354ec-cd50-4661-9a66-be40b6b679cb 113d3a99c3da401fbd62cc2caa5b96d2 54fadb412c4e40cdbaed9335e4c35a9e - - -] 10.11.10.1 ""GET /v2/54fadb412c4e40cdbaed9335e4c35a9e/servers/detail HTTP/1.1"" status 200 len 1893 time 0.2633321",[]
654,"nova-api.log.1.2017-05-16_13:53:08
2017-05-16 00:04:58.630 25751 INFO nova.osapi_compute.wsgi.server [req-ec851719-5052-4fee-8b0a-3c33b586efd1 d16a600c5e2a47fe98aee00ee4cb9743 e9746973ac574c6b8a9e8857f56a7608 - - -] 10.11.10.1 ""GET /v2/e9746973ac574c6b8a9e8857f56a7608/servers/detail?all_tenants=True&changes-since=2017-05-16T05%3A54%3A58.530160%2B00%3A00 HTTP/1.1"" status: 200 len: 23370 time: 0.3273299",08e88e8a,"nova-api.log.1.2017-05-16_13 53 08 2017-05-16 00 04 58.630 25751 INFO nova.osapi_compute.wsgi.server [req-ec851719-5052-4fee-8b0a-3c33b586efd1 d16a600c5e2a47fe98aee00ee4cb9743 e9746973ac574c6b8a9e8857f56a7608 - - -] 10.11.10.1 ""GET /v2/e9746973ac574c6b8a9e8857f56a7608/servers/detail?all_tenants True&changes-since 2017-05-16T05%3A54%3A58.530160%2B00%3A00 HTTP/1.1"" status 200 len 23370 time 0.3273299",[]
655,nova-scheduler.log.1.2017-05-16_13:53:08
2017-05-16 00:04:59.397 25998 INFO nova.scheduler.host_manager [req-8ac8250d-9ea8-45a4-b1d5-c19ea4219fed - - - - -] The instance sync for host 'cp-1.slowvm1.tcloud-pg0.utah.cloudlab.us' did not match. Re-created its InstanceList.,6e63e2a9,nova-scheduler.log.1.2017-05-16_13 53 08 2017-05-16 00 04 59.397 25998 INFO nova.scheduler.host_manager [req-8ac8250d-9ea8-45a4-b1d5-c19ea4219fed - - - - -] The instance sync for host 'cp-1.slowvm1.tcloud-pg0.utah.cloudlab.us' did not match. Re-created its InstanceList.,[]
656,"nova-api.log.1.2017-05-16_13:53:08
2017-05-16 00:04:59.701 25746 INFO nova.osapi_compute.wsgi.server [req-ce3a7cb6-1b77-4a95-a38a-4a886e8be2a8 113d3a99c3da401fbd62cc2caa5b96d2 54fadb412c4e40cdbaed9335e4c35a9e - - -] 10.11.10.1 ""GET /v2/54fadb412c4e40cdbaed9335e4c35a9e/servers/detail HTTP/1.1"" status: 200 len: 1893 time: 0.2661889",87fcd789,"nova-api.log.1.2017-05-16_13 53 08 2017-05-16 00 04 59.701 25746 INFO nova.osapi_compute.wsgi.server [req-ce3a7cb6-1b77-4a95-a38a-4a886e8be2a8 113d3a99c3da401fbd62cc2caa5b96d2 54fadb412c4e40cdbaed9335e4c35a9e - - -] 10.11.10.1 ""GET /v2/54fadb412c4e40cdbaed9335e4c35a9e/servers/detail HTTP/1.1"" status 200 len 1893 time 0.2661889",[]
657,"nova-api.log.1.2017-05-16_13:53:08
2017-05-16 00:04:59.977 25746 INFO nova.osapi_compute.wsgi.server [req-5f1c2027-e1b0-43f1-b6d3-694f483a69be 113d3a99c3da401fbd62cc2caa5b96d2 54fadb412c4e40cdbaed9335e4c35a9e - - -] 10.11.10.1 ""GET /v2/54fadb412c4e40cdbaed9335e4c35a9e/servers/detail HTTP/1.1"" status: 200 len: 1893 time: 0.2732208",0746b683,"nova-api.log.1.2017-05-16_13 53 08 2017-05-16 00 04 59.977 25746 INFO nova.osapi_compute.wsgi.server [req-5f1c2027-e1b0-43f1-b6d3-694f483a69be 113d3a99c3da401fbd62cc2caa5b96d2 54fadb412c4e40cdbaed9335e4c35a9e - - -] 10.11.10.1 ""GET /v2/54fadb412c4e40cdbaed9335e4c35a9e/servers/detail HTTP/1.1"" status 200 len 1893 time 0.2732208",[]
658,nova-api.log.1.2017-05-16_13:53:08
2017-05-16 00:04:59.989 25743 INFO nova.api.openstack.compute.server_external_events [req-7159484f-4b91-464c-a6f6-c7820ded6511 f7b8d1f1d4d44643b07fa10ca7d021fb e9746973ac574c6b8a9e8857f56a7608 - - -] Creating event network-vif-plugged:98dbd0a6-013e-4cd9-9986-fa32e5d6dd32 for instance ae3a1b5d-eec1-45bb-b76a-c59d83b1471f,bc4848af,nova-api.log.1.2017-05-16_13 53 08 2017-05-16 00 04 59.989 25743 INFO nova.api.openstack.compute.server_external_events [req-7159484f-4b91-464c-a6f6-c7820ded6511 f7b8d1f1d4d44643b07fa10ca7d021fb e9746973ac574c6b8a9e8857f56a7608 - - -] Creating event network-vif-plugged 98dbd0a6-013e-4cd9-9986-fa32e5d6dd32 for instance ae3a1b5d-eec1-45bb-b76a-c59d83b1471f,[]
659,"nova-api.log.1.2017-05-16_13:53:08
2017-05-16 00:04:59.993 25743 INFO nova.osapi_compute.wsgi.server [req-7159484f-4b91-464c-a6f6-c7820ded6511 f7b8d1f1d4d44643b07fa10ca7d021fb e9746973ac574c6b8a9e8857f56a7608 - - -] 10.11.10.1 ""POST /v2/e9746973ac574c6b8a9e8857f56a7608/os-server-external-events HTTP/1.1"" status: 200 len: 380 time: 0.2715590",14aa6c4a,"nova-api.log.1.2017-05-16_13 53 08 2017-05-16 00 04 59.993 25743 INFO nova.osapi_compute.wsgi.server [req-7159484f-4b91-464c-a6f6-c7820ded6511 f7b8d1f1d4d44643b07fa10ca7d021fb e9746973ac574c6b8a9e8857f56a7608 - - -] 10.11.10.1 ""POST /v2/e9746973ac574c6b8a9e8857f56a7608/os-server-external-events HTTP/1.1"" status 200 len 380 time 0.2715590",[]
660,nova-compute.log.1.2017-05-16_13:55:31
2017-05-16 00:05:00.004 2931 INFO nova.compute.manager [req-3ea4052c-895d-4b64-9e2d-04d64c4d94ab - - - - -] [instance: ae3a1b5d-eec1-45bb-b76a-c59d83b1471f] VM Resumed (Lifecycle Event),c76855f3,nova-compute.log.1.2017-05-16_13 55 31 2017-05-16 00 05 <*> 2931 INFO nova.compute.manager [req-3ea4052c-895d-4b64-9e2d-04d64c4d94ab - - - - -] [instance ae3a1b5d-eec1-45bb-b76a-c59d83b1471f] VM Resumed (Lifecycle Event),[]
661,nova-compute.log.1.2017-05-16_13:55:31
2017-05-16 00:05:00.012 2931 INFO nova.virt.libvirt.driver [-] [instance: ae3a1b5d-eec1-45bb-b76a-c59d83b1471f] Instance spawned successfully.,b21aacd4,nova-compute.log.1.2017-05-16_13 55 31 2017-05-16 00 05 00.012 2931 INFO nova.virt.libvirt.driver [-] [instance ae3a1b5d-eec1-45bb-b76a-c59d83b1471f] Instance spawned successfully.,[]
662,nova-compute.log.1.2017-05-16_13:55:31
2017-05-16 00:05:00.012 2931 INFO nova.compute.manager [req-d82fab16-60f8-4c9f-bde8-f362f57bdd40 113d3a99c3da401fbd62cc2caa5b96d2 54fadb412c4e40cdbaed9335e4c35a9e - - -] [instance: ae3a1b5d-eec1-45bb-b76a-c59d83b1471f] Took 20.09 seconds to spawn the instance on the hypervisor.,e7805f70,nova-compute.log.1.2017-05-16_13 55 31 2017-05-16 00 05 00.012 2931 INFO nova.compute.manager [req-d82fab16-60f8-4c9f-bde8-f362f57bdd40 113d3a99c3da401fbd62cc2caa5b96d2 54fadb412c4e40cdbaed9335e4c35a9e - - -] [instance ae3a1b5d-eec1-45bb-b76a-c59d83b1471f] Took 20.09 seconds to spawn the instance on the hypervisor.,[]
663,nova-compute.log.1.2017-05-16_13:55:31
2017-05-16 00:05:00.119 2931 INFO nova.compute.manager [req-3ea4052c-895d-4b64-9e2d-04d64c4d94ab - - - - -] [instance: ae3a1b5d-eec1-45bb-b76a-c59d83b1471f] During sync_power_state the instance has a pending task (spawning). Skip.,5d51da0c,nova-compute.log.1.2017-05-16_13 55 31 2017-05-16 00 00 <*> 2931 INFO nova.compute.manager [req-3ea4052c-895d-4b64-9e2d-04d64c4d94ab - - - - -] [instance <*> During sync_power_state the instance has a pending task (spawning). Skip.,[]
664,nova-compute.log.1.2017-05-16_13:55:31
2017-05-16 00:05:00.120 2931 INFO nova.compute.manager [req-3ea4052c-895d-4b64-9e2d-04d64c4d94ab - - - - -] [instance: ae3a1b5d-eec1-45bb-b76a-c59d83b1471f] VM Resumed (Lifecycle Event),c76855f3,nova-compute.log.1.2017-05-16_13 55 31 2017-05-16 00 05 <*> 2931 INFO nova.compute.manager [req-3ea4052c-895d-4b64-9e2d-04d64c4d94ab - - - - -] [instance ae3a1b5d-eec1-45bb-b76a-c59d83b1471f] VM Resumed (Lifecycle Event),[]
665,nova-compute.log.1.2017-05-16_13:55:31
2017-05-16 00:05:00.144 2931 INFO nova.virt.libvirt.imagecache [req-addc1839-2ed5-4778-b57e-5854eb7b8b09 - - - - -] image 0673dd71-34c5-4fbb-86c4-40623fbe45b4 at (/var/lib/nova/instances/_base/a489c868f0c37da93b76227c91bb03908ac0e742): checking,da90d8dd,nova-compute.log.1.2017-05-16_13 55 31 2017-05-16 00 00 <*> 2931 INFO nova.virt.libvirt.imagecache [req-addc1839-2ed5-4778-b57e-5854eb7b8b09 - - - - -] image 0673dd71-34c5-4fbb-86c4-40623fbe45b4 at (/var/lib/nova/instances/_base/a489c868f0c37da93b76227c91bb03908ac0e742) checking,[]
666,"nova-compute.log.1.2017-05-16_13:55:31
2017-05-16 00:05:00.146 2931 INFO nova.virt.libvirt.imagecache [req-addc1839-2ed5-4778-b57e-5854eb7b8b09 - - - - -] image 0673dd71-34c5-4fbb-86c4-40623fbe45b4 at (/var/lib/nova/instances/_base/a489c868f0c37da93b76227c91bb03908ac0e742): in use: on this node 1 local, 0 on other nodes sharing this instance storage",2225072b,nova-compute.log.1.2017-05-16_13 55 31 2017-05-16 00 00 <*> 2931 INFO nova.virt.libvirt.imagecache [req-addc1839-2ed5-4778-b57e-5854eb7b8b09 - - - - -] image 0673dd71-34c5-4fbb-86c4-40623fbe45b4 at (/var/lib/nova/instances/_base/a489c868f0c37da93b76227c91bb03908ac0e742) in use on this node 1 local 0 on other nodes sharing this instance storage,[]
667,nova-compute.log.1.2017-05-16_13:55:31
2017-05-16 00:05:00.183 2931 INFO nova.compute.manager [req-d82fab16-60f8-4c9f-bde8-f362f57bdd40 113d3a99c3da401fbd62cc2caa5b96d2 54fadb412c4e40cdbaed9335e4c35a9e - - -] [instance: ae3a1b5d-eec1-45bb-b76a-c59d83b1471f] Took 20.89 seconds to build instance.,0bd353bf,nova-compute.log.1.2017-05-16_13 55 31 2017-05-16 00 05 00.183 2931 INFO nova.compute.manager [req-d82fab16-60f8-4c9f-bde8-f362f57bdd40 113d3a99c3da401fbd62cc2caa5b96d2 54fadb412c4e40cdbaed9335e4c35a9e - - -] [instance ae3a1b5d-eec1-45bb-b76a-c59d83b1471f] Took 20.89 seconds to build instance.,[]
668,nova-compute.log.1.2017-05-16_13:55:31
2017-05-16 00:05:00.323 2931 INFO nova.virt.libvirt.imagecache [req-addc1839-2ed5-4778-b57e-5854eb7b8b09 - - - - -] Active base files: /var/lib/nova/instances/_base/a489c868f0c37da93b76227c91bb03908ac0e742,c4d016e5,nova-compute.log.1.2017-05-16_13 55 31 2017-05-16 00 00 <*> 2931 INFO nova.virt.libvirt.imagecache [req-addc1839-2ed5-4778-b57e-5854eb7b8b09 - - - - -] <*> base files /var/lib/nova/instances/_base/a489c868f0c37da93b76227c91bb03908ac0e742,[]
669,"nova-api.log.1.2017-05-16_13:53:08
2017-05-16 00:05:01.254 25746 INFO nova.osapi_compute.wsgi.server [req-8913af36-e6b2-4bb8-8efc-38328f8df4f2 113d3a99c3da401fbd62cc2caa5b96d2 54fadb412c4e40cdbaed9335e4c35a9e - - -] 10.11.10.1 ""GET /v2/54fadb412c4e40cdbaed9335e4c35a9e/servers/detail HTTP/1.1"" status: 200 len: 1910 time: 0.2723920",4189605b,"nova-api.log.1.2017-05-16_13 53 08 2017-05-16 00 05 01.254 25746 INFO nova.osapi_compute.wsgi.server [req-8913af36-e6b2-4bb8-8efc-38328f8df4f2 113d3a99c3da401fbd62cc2caa5b96d2 54fadb412c4e40cdbaed9335e4c35a9e - - -] 10.11.10.1 ""GET /v2/54fadb412c4e40cdbaed9335e4c35a9e/servers/detail HTTP/1.1"" status 200 len 1910 time 0.2723920",[]
670,"nova-api.log.1.2017-05-16_13:53:08
2017-05-16 00:05:01.523 25746 INFO nova.osapi_compute.wsgi.server [req-f2c16e44-ddd0-4d4b-8b26-7659b6a68386 113d3a99c3da401fbd62cc2caa5b96d2 54fadb412c4e40cdbaed9335e4c35a9e - - -] 10.11.10.1 ""GET /v2/54fadb412c4e40cdbaed9335e4c35a9e/servers/detail HTTP/1.1"" status: 200 len: 1910 time: 0.2646050",2e130960,"nova-api.log.1.2017-05-16_13 53 08 2017-05-16 00 05 01.523 25746 INFO nova.osapi_compute.wsgi.server [req-f2c16e44-ddd0-4d4b-8b26-7659b6a68386 113d3a99c3da401fbd62cc2caa5b96d2 54fadb412c4e40cdbaed9335e4c35a9e - - -] 10.11.10.1 ""GET /v2/54fadb412c4e40cdbaed9335e4c35a9e/servers/detail HTTP/1.1"" status 200 len 1910 time 0.2646050",[]
671,nova-compute.log.1.2017-05-16_13:55:31
2017-05-16 00:05:05.133 2931 INFO nova.virt.libvirt.imagecache [req-addc1839-2ed5-4778-b57e-5854eb7b8b09 - - - - -] image 0673dd71-34c5-4fbb-86c4-40623fbe45b4 at (/var/lib/nova/instances/_base/a489c868f0c37da93b76227c91bb03908ac0e742): checking,da90d8dd,nova-compute.log.1.2017-05-16_13 55 31 2017-05-16 00 00 <*> 2931 INFO nova.virt.libvirt.imagecache [req-addc1839-2ed5-4778-b57e-5854eb7b8b09 - - - - -] image 0673dd71-34c5-4fbb-86c4-40623fbe45b4 at (/var/lib/nova/instances/_base/a489c868f0c37da93b76227c91bb03908ac0e742) checking,[]
672,"nova-compute.log.1.2017-05-16_13:55:31
2017-05-16 00:05:05.134 2931 INFO nova.virt.libvirt.imagecache [req-addc1839-2ed5-4778-b57e-5854eb7b8b09 - - - - -] image 0673dd71-34c5-4fbb-86c4-40623fbe45b4 at (/var/lib/nova/instances/_base/a489c868f0c37da93b76227c91bb03908ac0e742): in use: on this node 1 local, 0 on other nodes sharing this instance storage",2225072b,nova-compute.log.1.2017-05-16_13 55 31 2017-05-16 00 00 <*> 2931 INFO nova.virt.libvirt.imagecache [req-addc1839-2ed5-4778-b57e-5854eb7b8b09 - - - - -] image 0673dd71-34c5-4fbb-86c4-40623fbe45b4 at (/var/lib/nova/instances/_base/a489c868f0c37da93b76227c91bb03908ac0e742) in use on this node 1 local 0 on other nodes sharing this instance storage,[]
673,nova-compute.log.1.2017-05-16_13:55:31
2017-05-16 00:05:05.309 2931 INFO nova.virt.libvirt.imagecache [req-addc1839-2ed5-4778-b57e-5854eb7b8b09 - - - - -] Active base files: /var/lib/nova/instances/_base/a489c868f0c37da93b76227c91bb03908ac0e742,c4d016e5,nova-compute.log.1.2017-05-16_13 55 31 2017-05-16 00 00 <*> 2931 INFO nova.virt.libvirt.imagecache [req-addc1839-2ed5-4778-b57e-5854eb7b8b09 - - - - -] <*> base files /var/lib/nova/instances/_base/a489c868f0c37da93b76227c91bb03908ac0e742,[]
674,"nova-api.log.1.2017-05-16_13:53:08
2017-05-16 00:05:06.317 25775 INFO nova.metadata.wsgi.server [req-89097afe-bee0-455e-8b96-cf6531c50564 - - - - -] 10.11.21.129,10.11.10.1 ""GET /openstack/2012-08-10/meta_data.json HTTP/1.1"" status: 200 len: 264 time: 0.2234900",c289bf39,"nova-api.log.1.2017-05-16_13 53 08 2017-05-16 00 05 06.317 25775 INFO nova.metadata.wsgi.server [req-89097afe-bee0-455e-8b96-cf6531c50564 - - - - -] 10.11.21.129 10.11.10.1 ""GET /openstack/2012-08-10/meta_data.json HTTP/1.1"" status 200 len 264 time 0.2234900",[]
675,"nova-api.log.1.2017-05-16_13:53:08
2017-05-16 00:05:06.628 25790 INFO nova.metadata.wsgi.server [req-920159e6-7067-4753-b15a-8791d87dd456 - - - - -] 10.11.21.129,10.11.10.1 ""GET /openstack/2013-10-17 HTTP/1.1"" status: 200 len: 157 time: 0.2278371",eb294a29,"nova-api.log.1.2017-05-16_13 53 08 2017-05-16 00 05 06.628 25790 INFO nova.metadata.wsgi.server [req-920159e6-7067-4753-b15a-8791d87dd456 - - - - -] 10.11.21.129 10.11.10.1 ""GET /openstack/2013-10-17 HTTP/1.1"" status 200 len 157 time 0.2278371",[]
676,"nova-api.log.1.2017-05-16_13:53:08
2017-05-16 00:05:06.641 25790 INFO nova.metadata.wsgi.server [-] 10.11.21.129,10.11.10.1 ""GET /openstack/2013-10-17/vendor_data.json HTTP/1.1"" status: 200 len: 124 time: 0.0009260",fb28a314,"nova-api.log.1.2017-05-16_13 53 08 2017-05-16 00 05 06.641 25790 INFO nova.metadata.wsgi.server [-] 10.11.21.129 10.11.10.1 ""GET /openstack/2013-10-17/vendor_data.json HTTP/1.1"" status 200 len 124 time 0.0009260",[]
677,"nova-api.log.1.2017-05-16_13:53:08
2017-05-16 00:05:06.887 25786 INFO nova.metadata.wsgi.server [req-87cd83be-e801-4d38-9256-f3308d3178b4 - - - - -] 10.11.21.129,10.11.10.1 ""GET /openstack/2013-10-17/vendor_data.json HTTP/1.1"" status: 200 len: 124 time: 0.2354860",0b9de8f5,"nova-api.log.1.2017-05-16_13 53 08 2017-05-16 00 05 06.887 25786 INFO nova.metadata.wsgi.server [req-87cd83be-e801-4d38-9256-f3308d3178b4 - - - - -] 10.11.21.129 10.11.10.1 ""GET /openstack/2013-10-17/vendor_data.json HTTP/1.1"" status 200 len 124 time 0.2354860",[]
678,"nova-api.log.1.2017-05-16_13:53:08
2017-05-16 00:05:06.898 25786 INFO nova.metadata.wsgi.server [-] 10.11.21.129,10.11.10.1 ""GET /openstack/2013-10-17/user_data HTTP/1.1"" status: 404 len: 176 time: 0.0006950",71e8b58b,"nova-api.log.1.2017-05-16_13 53 08 2017-05-16 00 05 06.898 25786 INFO nova.metadata.wsgi.server [-] 10.11.21.129 10.11.10.1 ""GET /openstack/2013-10-17/user_data HTTP/1.1"" status 404 len 176 time 0.0006950",[]
679,"nova-api.log.1.2017-05-16_13:53:08
2017-05-16 00:05:07.230 25795 INFO nova.metadata.wsgi.server [req-691a651a-31b1-4d8a-87d4-f6a1577b69fa - - - - -] 10.11.21.129,10.11.10.1 ""GET /openstack/2013-10-17/meta_data.json HTTP/1.1"" status: 200 len: 967 time: 0.2376790",4d1bb2ee,"nova-api.log.1.2017-05-16_13 53 08 2017-05-16 00 05 07.230 25795 INFO nova.metadata.wsgi.server [req-691a651a-31b1-4d8a-87d4-f6a1577b69fa - - - - -] 10.11.21.129 10.11.10.1 ""GET /openstack/2013-10-17/meta_data.json HTTP/1.1"" status 200 len 967 time 0.2376790",[]
680,"nova-api.log.1.2017-05-16_13:53:08
2017-05-16 00:05:07.244 25795 INFO nova.metadata.wsgi.server [-] 10.11.21.129,10.11.10.1 ""GET /openstack/2013-10-17/meta_data.json HTTP/1.1"" status: 200 len: 967 time: 0.0012221",160d908d,"nova-api.log.1.2017-05-16_13 53 08 2017-05-16 00 05 07.244 25795 INFO nova.metadata.wsgi.server [-] 10.11.21.129 10.11.10.1 ""GET /openstack/2013-10-17/meta_data.json HTTP/1.1"" status 200 len 967 time 0.0012221",[]
681,"nova-api.log.1.2017-05-16_13:53:08
2017-05-16 00:05:07.583 25788 INFO nova.metadata.wsgi.server [req-de9c326d-8d13-4a2f-9d79-0ef565d09903 - - - - -] 10.11.21.129,10.11.10.1 ""GET /latest/meta-data/ HTTP/1.1"" status: 200 len: 328 time: 0.3263230",bc860cfd,"nova-api.log.1.2017-05-16_13 53 08 2017-05-16 00 05 07.583 25788 INFO nova.metadata.wsgi.server [req-de9c326d-8d13-4a2f-9d79-0ef565d09903 - - - - -] 10.11.21.129 10.11.10.1 ""GET /latest/meta-data/ HTTP/1.1"" status 200 len 328 time 0.3263230",[]
682,"nova-api.log.1.2017-05-16_13:53:08
2017-05-16 00:05:07.601 25775 INFO nova.metadata.wsgi.server [-] 10.11.21.129,10.11.10.1 ""GET /latest/meta-data/block-device-mapping/ HTTP/1.1"" status: 200 len: 124 time: 0.0010171",fd899ce7,"nova-api.log.1.2017-05-16_13 53 08 2017-05-16 00 05 07.601 25775 INFO nova.metadata.wsgi.server [-] 10.11.21.129 10.11.10.1 ""GET /latest/meta-data/block-device-mapping/ HTTP/1.1"" status 200 len 124 time 0.0010171",[]
683,"nova-api.log.1.2017-05-16_13:53:08
2017-05-16 00:05:07.614 25775 INFO nova.metadata.wsgi.server [-] 10.11.21.129,10.11.10.1 ""GET /latest/meta-data/block-device-mapping/ami HTTP/1.1"" status: 200 len: 119 time: 0.0008659",6230767f,"nova-api.log.1.2017-05-16_13 53 08 2017-05-16 00 05 07.614 25775 INFO nova.metadata.wsgi.server [-] 10.11.21.129 10.11.10.1 ""GET /latest/meta-data/block-device-mapping/ami HTTP/1.1"" status 200 len 119 time 0.0008659",[]
684,"nova-api.log.1.2017-05-16_13:53:08
2017-05-16 00:05:07.797 25746 INFO nova.osapi_compute.wsgi.server [req-d20b3fad-09d8-47c2-81f2-8b392fdbfbd5 113d3a99c3da401fbd62cc2caa5b96d2 54fadb412c4e40cdbaed9335e4c35a9e - - -] 10.11.10.1 ""DELETE /v2/54fadb412c4e40cdbaed9335e4c35a9e/servers/ae3a1b5d-eec1-45bb-b76a-c59d83b1471f HTTP/1.1"" status: 204 len: 203 time: 0.2648540",c0008b03,"nova-api.log.1.2017-05-16_13 53 08 2017-05-16 00 05 07.797 25746 INFO nova.osapi_compute.wsgi.server [req-d20b3fad-09d8-47c2-81f2-8b392fdbfbd5 113d3a99c3da401fbd62cc2caa5b96d2 54fadb412c4e40cdbaed9335e4c35a9e - - -] 10.11.10.1 ""DELETE /v2/54fadb412c4e40cdbaed9335e4c35a9e/servers/ae3a1b5d-eec1-45bb-b76a-c59d83b1471f HTTP/1.1"" status 204 len 203 time 0.2648540",[]
685,nova-compute.log.1.2017-05-16_13:55:31
2017-05-16 00:05:07.836 2931 INFO nova.compute.manager [req-d20b3fad-09d8-47c2-81f2-8b392fdbfbd5 113d3a99c3da401fbd62cc2caa5b96d2 54fadb412c4e40cdbaed9335e4c35a9e - - -] [instance: ae3a1b5d-eec1-45bb-b76a-c59d83b1471f] Terminating instance,071a9cc0,nova-compute.log.1.2017-05-16_13 55 31 2017-05-16 00 05 07.836 2931 INFO nova.compute.manager [req-d20b3fad-09d8-47c2-81f2-8b392fdbfbd5 113d3a99c3da401fbd62cc2caa5b96d2 54fadb412c4e40cdbaed9335e4c35a9e - - -] [instance ae3a1b5d-eec1-45bb-b76a-c59d83b1471f] Terminating instance,[]
686,"nova-api.log.1.2017-05-16_13:53:08
2017-05-16 00:05:07.858 25791 INFO nova.metadata.wsgi.server [req-3e10a534-1a8e-4ae8-a49a-df5cb9b87fb0 - - - - -] 10.11.21.129,10.11.10.1 ""GET /latest/meta-data/block-device-mapping/root HTTP/1.1"" status: 200 len: 124 time: 0.2325919",da0a2069,"nova-api.log.1.2017-05-16_13 53 08 2017-05-16 00 05 07.858 25791 INFO nova.metadata.wsgi.server [req-3e10a534-1a8e-4ae8-a49a-df5cb9b87fb0 - - - - -] 10.11.21.129 10.11.10.1 ""GET /latest/meta-data/block-device-mapping/root HTTP/1.1"" status 200 len 124 time 0.2325919",[]
687,nova-compute.log.1.2017-05-16_13:55:31
2017-05-16 00:05:08.050 2931 INFO nova.virt.libvirt.driver [-] [instance: ae3a1b5d-eec1-45bb-b76a-c59d83b1471f] Instance destroyed successfully.,7c6191f2,nova-compute.log.1.2017-05-16_13 55 31 2017-05-16 00 05 08.050 2931 INFO nova.virt.libvirt.driver [-] [instance ae3a1b5d-eec1-45bb-b76a-c59d83b1471f] Instance destroyed successfully.,[]
688,"nova-api.log.1.2017-05-16_13:53:08
2017-05-16 00:05:08.075 25746 INFO nova.osapi_compute.wsgi.server [req-0f33968d-d618-4346-9501-8f382cd571d9 113d3a99c3da401fbd62cc2caa5b96d2 54fadb412c4e40cdbaed9335e4c35a9e - - -] 10.11.10.1 ""GET /v2/54fadb412c4e40cdbaed9335e4c35a9e/servers/detail HTTP/1.1"" status: 200 len: 1916 time: 0.2731459",e2500556,"nova-api.log.1.2017-05-16_13 53 08 2017-05-16 00 05 08.075 25746 INFO nova.osapi_compute.wsgi.server [req-0f33968d-d618-4346-9501-8f382cd571d9 113d3a99c3da401fbd62cc2caa5b96d2 54fadb412c4e40cdbaed9335e4c35a9e - - -] 10.11.10.1 ""GET /v2/54fadb412c4e40cdbaed9335e4c35a9e/servers/detail HTTP/1.1"" status 200 len 1916 time 0.2731459",[]
689,nova-compute.log.1.2017-05-16_13:55:31
2017-05-16 00:05:08.735 2931 INFO nova.virt.libvirt.driver [req-d20b3fad-09d8-47c2-81f2-8b392fdbfbd5 113d3a99c3da401fbd62cc2caa5b96d2 54fadb412c4e40cdbaed9335e4c35a9e - - -] [instance: ae3a1b5d-eec1-45bb-b76a-c59d83b1471f] Deleting instance files /var/lib/nova/instances/ae3a1b5d-eec1-45bb-b76a-c59d83b1471f_del,d06af9f6,nova-compute.log.1.2017-05-16_13 55 31 2017-05-16 00 05 08.735 2931 INFO nova.virt.libvirt.driver [req-d20b3fad-09d8-47c2-81f2-8b392fdbfbd5 113d3a99c3da401fbd62cc2caa5b96d2 54fadb412c4e40cdbaed9335e4c35a9e - - -] [instance ae3a1b5d-eec1-45bb-b76a-c59d83b1471f] Deleting instance files /var/lib/nova/instances/ae3a1b5d-eec1-45bb-b76a-c59d83b1471f_del,[]
690,nova-compute.log.1.2017-05-16_13:55:31
2017-05-16 00:05:08.737 2931 INFO nova.virt.libvirt.driver [req-d20b3fad-09d8-47c2-81f2-8b392fdbfbd5 113d3a99c3da401fbd62cc2caa5b96d2 54fadb412c4e40cdbaed9335e4c35a9e - - -] [instance: ae3a1b5d-eec1-45bb-b76a-c59d83b1471f] Deletion of /var/lib/nova/instances/ae3a1b5d-eec1-45bb-b76a-c59d83b1471f_del complete,3f625143,nova-compute.log.1.2017-05-16_13 55 31 2017-05-16 00 05 08.737 2931 INFO nova.virt.libvirt.driver [req-d20b3fad-09d8-47c2-81f2-8b392fdbfbd5 113d3a99c3da401fbd62cc2caa5b96d2 54fadb412c4e40cdbaed9335e4c35a9e - - -] [instance ae3a1b5d-eec1-45bb-b76a-c59d83b1471f] Deletion of /var/lib/nova/instances/ae3a1b5d-eec1-45bb-b76a-c59d83b1471f_del complete,[]
691,nova-compute.log.1.2017-05-16_13:55:31
2017-05-16 00:05:08.859 2931 INFO nova.compute.manager [req-d20b3fad-09d8-47c2-81f2-8b392fdbfbd5 113d3a99c3da401fbd62cc2caa5b96d2 54fadb412c4e40cdbaed9335e4c35a9e - - -] [instance: ae3a1b5d-eec1-45bb-b76a-c59d83b1471f] Took 1.02 seconds to destroy the instance on the hypervisor.,251400cc,nova-compute.log.1.2017-05-16_13 55 31 2017-05-16 00 05 08.859 2931 INFO nova.compute.manager [req-d20b3fad-09d8-47c2-81f2-8b392fdbfbd5 113d3a99c3da401fbd62cc2caa5b96d2 54fadb412c4e40cdbaed9335e4c35a9e - - -] [instance ae3a1b5d-eec1-45bb-b76a-c59d83b1471f] Took 1.02 seconds to destroy the instance on the hypervisor.,[]
692,"nova-api.log.1.2017-05-16_13:53:08
2017-05-16 00:05:09.263 25746 INFO nova.osapi_compute.wsgi.server [req-3f659609-fd63-4882-8044-6a95fc6ca75d 113d3a99c3da401fbd62cc2caa5b96d2 54fadb412c4e40cdbaed9335e4c35a9e - - -] 10.11.10.1 ""GET /v2/54fadb412c4e40cdbaed9335e4c35a9e/servers/detail HTTP/1.1"" status: 200 len: 1874 time: 0.1815979",ba0058cc,"nova-api.log.1.2017-05-16_13 53 08 2017-05-16 00 05 09.263 25746 INFO nova.osapi_compute.wsgi.server [req-3f659609-fd63-4882-8044-6a95fc6ca75d 113d3a99c3da401fbd62cc2caa5b96d2 54fadb412c4e40cdbaed9335e4c35a9e - - -] 10.11.10.1 ""GET /v2/54fadb412c4e40cdbaed9335e4c35a9e/servers/detail HTTP/1.1"" status 200 len 1874 time 0.1815979",[]
693,nova-compute.log.1.2017-05-16_13:55:31
2017-05-16 00:05:09.309 2931 INFO nova.compute.manager [req-d20b3fad-09d8-47c2-81f2-8b392fdbfbd5 113d3a99c3da401fbd62cc2caa5b96d2 54fadb412c4e40cdbaed9335e4c35a9e - - -] [instance: ae3a1b5d-eec1-45bb-b76a-c59d83b1471f] Took 0.45 seconds to deallocate network for instance.,1a375ef2,nova-compute.log.1.2017-05-16_13 55 31 2017-05-16 00 05 09.309 2931 INFO nova.compute.manager [req-d20b3fad-09d8-47c2-81f2-8b392fdbfbd5 113d3a99c3da401fbd62cc2caa5b96d2 54fadb412c4e40cdbaed9335e4c35a9e - - -] [instance ae3a1b5d-eec1-45bb-b76a-c59d83b1471f] Took 0.45 seconds to deallocate network for instance.,[]
694,nova-compute.log.1.2017-05-16_13:55:31
2017-05-16 00:05:10.337 2931 WARNING nova.virt.libvirt.imagecache [req-addc1839-2ed5-4778-b57e-5854eb7b8b09 - - - - -] Unknown base file: /var/lib/nova/instances/_base/a489c868f0c37da93b76227c91bb03908ac0e742,5e210f74,nova-compute.log.1.2017-05-16_13 55 31 2017-05-16 00 <*> <*> 2931 WARNING nova.virt.libvirt.imagecache [req-addc1839-2ed5-4778-b57e-5854eb7b8b09 - - - - -] Unknown base file /var/lib/nova/instances/_base/a489c868f0c37da93b76227c91bb03908ac0e742,[]
695,nova-compute.log.1.2017-05-16_13:55:31
2017-05-16 00:05:10.338 2931 INFO nova.virt.libvirt.imagecache [req-addc1839-2ed5-4778-b57e-5854eb7b8b09 - - - - -] Removable base files: /var/lib/nova/instances/_base/a489c868f0c37da93b76227c91bb03908ac0e742,c4d016e5,nova-compute.log.1.2017-05-16_13 55 31 2017-05-16 00 00 <*> 2931 INFO nova.virt.libvirt.imagecache [req-addc1839-2ed5-4778-b57e-5854eb7b8b09 - - - - -] <*> base files /var/lib/nova/instances/_base/a489c868f0c37da93b76227c91bb03908ac0e742,[]
696,nova-compute.log.1.2017-05-16_13:55:31
2017-05-16 00:05:10.339 2931 INFO nova.virt.libvirt.imagecache [req-addc1839-2ed5-4778-b57e-5854eb7b8b09 - - - - -] Removing base or swap file: /var/lib/nova/instances/_base/a489c868f0c37da93b76227c91bb03908ac0e742,733b91ab,nova-compute.log.1.2017-05-16_13 55 31 2017-05-16 00 <*> <*> 2931 INFO nova.virt.libvirt.imagecache [req-addc1839-2ed5-4778-b57e-5854eb7b8b09 - - - - -] Removing base or swap file /var/lib/nova/instances/_base/a489c868f0c37da93b76227c91bb03908ac0e742,[]
697,"nova-api.log.1.2017-05-16_13:53:08
2017-05-16 00:05:10.371 25746 INFO nova.osapi_compute.wsgi.server [req-08ef7873-7b28-46f6-953e-c1f5d19ffffa 113d3a99c3da401fbd62cc2caa5b96d2 54fadb412c4e40cdbaed9335e4c35a9e - - -] 10.11.10.1 ""GET /v2/54fadb412c4e40cdbaed9335e4c35a9e/servers/detail HTTP/1.1"" status: 200 len: 211 time: 0.1004288",15d59da6,"nova-api.log.1.2017-05-16_13 53 08 2017-05-16 00 05 10.371 25746 INFO nova.osapi_compute.wsgi.server [req-08ef7873-7b28-46f6-953e-c1f5d19ffffa 113d3a99c3da401fbd62cc2caa5b96d2 54fadb412c4e40cdbaed9335e4c35a9e - - -] 10.11.10.1 ""GET /v2/54fadb412c4e40cdbaed9335e4c35a9e/servers/detail HTTP/1.1"" status 200 len 211 time 0.1004288",[]
698,nova-api.log.1.2017-05-16_13:53:08
2017-05-16 00:05:11.328 25746 INFO nova.api.openstack.wsgi [req-5cf6a402-2c6f-4dd4-96ee-de51ad620633 f7b8d1f1d4d44643b07fa10ca7d021fb e9746973ac574c6b8a9e8857f56a7608 - - -] HTTP exception thrown: No instances found for any event,495b5274,nova-api.log.1.2017-05-16_13 53 08 2017-05-16 00 05 <*> 25746 INFO nova.api.openstack.wsgi <*> f7b8d1f1d4d44643b07fa10ca7d021fb e9746973ac574c6b8a9e8857f56a7608 - - -] HTTP exception thrown No instances found for any event,[]
699,"nova-api.log.1.2017-05-16_13:53:08
2017-05-16 00:05:11.329 25746 INFO nova.osapi_compute.wsgi.server [req-5cf6a402-2c6f-4dd4-96ee-de51ad620633 f7b8d1f1d4d44643b07fa10ca7d021fb e9746973ac574c6b8a9e8857f56a7608 - - -] 10.11.10.1 ""POST /v2/e9746973ac574c6b8a9e8857f56a7608/os-server-external-events HTTP/1.1"" status: 404 len: 296 time: 0.0835118",fc4ac361,"nova-api.log.1.2017-05-16_13 53 08 2017-05-16 00 05 11.329 25746 INFO nova.osapi_compute.wsgi.server [req-5cf6a402-2c6f-4dd4-96ee-de51ad620633 f7b8d1f1d4d44643b07fa10ca7d021fb e9746973ac574c6b8a9e8857f56a7608 - - -] 10.11.10.1 ""POST /v2/e9746973ac574c6b8a9e8857f56a7608/os-server-external-events HTTP/1.1"" status 404 len 296 time 0.0835118",[]
700,"nova-api.log.1.2017-05-16_13:53:08
2017-05-16 00:05:11.798 25740 INFO nova.osapi_compute.wsgi.server [req-1c0b524e-3746-4307-b884-a4ae0ee3bac9 d16a600c5e2a47fe98aee00ee4cb9743 e9746973ac574c6b8a9e8857f56a7608 - - -] 10.11.10.2 ""GET /v2/e9746973ac574c6b8a9e8857f56a7608/servers/detail?all_tenants=True&changes-since=2017-05-16T05%3A55%3A11.521167%2B00%3A00&host=cp-1.slowvm1.tcloud-pg0.utah.cloudlab.us HTTP/1.1"" status: 200 len: 23222 time: 0.2740111",f76296c5,"nova-api.log.1.2017-05-16_13 53 08 2017-05-16 00 05 11.798 25740 INFO nova.osapi_compute.wsgi.server [req-1c0b524e-3746-4307-b884-a4ae0ee3bac9 d16a600c5e2a47fe98aee00ee4cb9743 e9746973ac574c6b8a9e8857f56a7608 - - -] 10.11.10.2 ""GET /v2/e9746973ac574c6b8a9e8857f56a7608/servers/detail?all_tenants True&changes-since 2017-05-16T05%3A55%3A11.521167%2B00%3A00&host cp-1.slowvm1.tcloud-pg0.utah.cloudlab.us HTTP/1.1"" status 200 len 23222 time 0.2740111",[]
701,"nova-api.log.1.2017-05-16_13:53:08
2017-05-16 00:05:11.861 25740 INFO nova.osapi_compute.wsgi.server [req-56339001-1664-4389-b65c-2a5328d70e88 d16a600c5e2a47fe98aee00ee4cb9743 e9746973ac574c6b8a9e8857f56a7608 - - -] 10.11.10.2 ""GET /v2/e9746973ac574c6b8a9e8857f56a7608/flavors/2 HTTP/1.1"" status: 200 len: 604 time: 0.0573232",228d64be,"nova-api.log.1.2017-05-16_13 53 08 2017-05-16 00 05 11.861 25740 INFO nova.osapi_compute.wsgi.server [req-56339001-1664-4389-b65c-2a5328d70e88 d16a600c5e2a47fe98aee00ee4cb9743 e9746973ac574c6b8a9e8857f56a7608 - - -] 10.11.10.2 ""GET /v2/e9746973ac574c6b8a9e8857f56a7608/flavors/2 HTTP/1.1"" status 200 len 604 time 0.0573232",[]
702,"nova-api.log.1.2017-05-16_13:53:08
2017-05-16 00:05:12.019 25740 INFO nova.osapi_compute.wsgi.server [req-b066b9b3-3cb8-4dff-bb8a-5717a1e6192a d16a600c5e2a47fe98aee00ee4cb9743 e9746973ac574c6b8a9e8857f56a7608 - - -] 10.11.10.2 ""GET /v2/e9746973ac574c6b8a9e8857f56a7608/images/0673dd71-34c5-4fbb-86c4-40623fbe45b4 HTTP/1.1"" status: 200 len: 868 time: 0.1525230",3458a565,"nova-api.log.1.2017-05-16_13 53 08 2017-05-16 00 05 12.019 25740 INFO nova.osapi_compute.wsgi.server [req-b066b9b3-3cb8-4dff-bb8a-5717a1e6192a d16a600c5e2a47fe98aee00ee4cb9743 e9746973ac574c6b8a9e8857f56a7608 - - -] 10.11.10.2 ""GET /v2/e9746973ac574c6b8a9e8857f56a7608/images/0673dd71-34c5-4fbb-86c4-40623fbe45b4 HTTP/1.1"" status 200 len 868 time 0.1525230",[]
703,nova-compute.log.1.2017-05-16_13:55:31
2017-05-16 00:05:17.156 2931 INFO nova.compute.resource_tracker [req-addc1839-2ed5-4778-b57e-5854eb7b8b09 - - - - -] Auditing locally available compute resources for node cp-1.slowvm1.tcloud-pg0.utah.cloudlab.us,786c6aae,nova-compute.log.1.2017-05-16_13 55 31 2017-05-16 00 <*> <*> 2931 INFO nova.compute.resource_tracker [req-addc1839-2ed5-4778-b57e-5854eb7b8b09 - - - - -] Auditing locally available compute resources for node cp-1.slowvm1.tcloud-pg0.utah.cloudlab.us,[]
704,"nova-compute.log.1.2017-05-16_13:55:31
2017-05-16 00:05:17.499 2931 INFO nova.compute.resource_tracker [req-addc1839-2ed5-4778-b57e-5854eb7b8b09 - - - - -] Total usable vcpus: 16, total allocated vcpus: 0",90ac822a,nova-compute.log.1.2017-05-16_13 55 31 2017-05-16 00 <*> <*> 2931 INFO nova.compute.resource_tracker [req-addc1839-2ed5-4778-b57e-5854eb7b8b09 - - - - -] Total usable vcpus 16 total allocated vcpus 0,[]
705,nova-compute.log.1.2017-05-16_13:55:31
2017-05-16 00:05:17.499 2931 INFO nova.compute.resource_tracker [req-addc1839-2ed5-4778-b57e-5854eb7b8b09 - - - - -] Final resource view: name=cp-1.slowvm1.tcloud-pg0.utah.cloudlab.us phys_ram=64172MB used_ram=512MB phys_disk=15GB used_disk=0GB total_vcpus=16 used_vcpus=0 pci_stats=[],678b48dd,nova-compute.log.1.2017-05-16_13 55 31 2017-05-16 00 <*> <*> 2931 INFO nova.compute.resource_tracker [req-addc1839-2ed5-4778-b57e-5854eb7b8b09 - - - - -] Final resource view name cp-1.slowvm1.tcloud-pg0.utah.cloudlab.us phys_ram 64172MB used_ram 512MB phys_disk 15GB used_disk 0GB total_vcpus 16 used_vcpus 0 pci_stats [],[]
706,nova-compute.log.1.2017-05-16_13:55:31
2017-05-16 00:05:17.558 2931 INFO nova.compute.resource_tracker [req-addc1839-2ed5-4778-b57e-5854eb7b8b09 - - - - -] Compute_service record updated for cp-1.slowvm1.tcloud-pg0.utah.cloudlab.us:cp-1.slowvm1.tcloud-pg0.utah.cloudlab.us,61e3bf16,nova-compute.log.1.2017-05-16_13 55 31 2017-05-16 00 <*> <*> 2931 INFO nova.compute.resource_tracker [req-addc1839-2ed5-4778-b57e-5854eb7b8b09 - - - - -] Compute_service record updated for cp-1.slowvm1.tcloud-pg0.utah.cloudlab.us cp-1.slowvm1.tcloud-pg0.utah.cloudlab.us,[]
707,"nova-api.log.1.2017-05-16_13:53:08
2017-05-16 00:05:20.936 25746 INFO nova.osapi_compute.wsgi.server [req-29a09cdb-3169-4c40-8bd1-552636286362 113d3a99c3da401fbd62cc2caa5b96d2 54fadb412c4e40cdbaed9335e4c35a9e - - -] 10.11.10.1 ""POST /v2/54fadb412c4e40cdbaed9335e4c35a9e/servers HTTP/1.1"" status: 202 len: 733 time: 0.5533919",cfdbea01,"nova-api.log.1.2017-05-16_13 53 08 2017-05-16 00 05 20.936 25746 INFO nova.osapi_compute.wsgi.server [req-29a09cdb-3169-4c40-8bd1-552636286362 113d3a99c3da401fbd62cc2caa5b96d2 54fadb412c4e40cdbaed9335e4c35a9e - - -] 10.11.10.1 ""POST /v2/54fadb412c4e40cdbaed9335e4c35a9e/servers HTTP/1.1"" status 202 len 733 time 0.5533919",[]
708,"nova-api.log.1.2017-05-16_13:53:08
2017-05-16 00:05:21.125 25746 INFO nova.osapi_compute.wsgi.server [req-903eebb0-3535-4b76-80bf-7b37baa4daa0 113d3a99c3da401fbd62cc2caa5b96d2 54fadb412c4e40cdbaed9335e4c35a9e - - -] 10.11.10.1 ""GET /v2/54fadb412c4e40cdbaed9335e4c35a9e/servers/detail HTTP/1.1"" status: 200 len: 1583 time: 0.1841609",63400f72,"nova-api.log.1.2017-05-16_13 53 08 2017-05-16 00 05 21.125 25746 INFO nova.osapi_compute.wsgi.server [req-903eebb0-3535-4b76-80bf-7b37baa4daa0 113d3a99c3da401fbd62cc2caa5b96d2 54fadb412c4e40cdbaed9335e4c35a9e - - -] 10.11.10.1 ""GET /v2/54fadb412c4e40cdbaed9335e4c35a9e/servers/detail HTTP/1.1"" status 200 len 1583 time 0.1841609",[]
709,"nova-compute.log.1.2017-05-16_13:55:31
2017-05-16 00:05:21.240 2931 INFO nova.compute.claims [req-29a09cdb-3169-4c40-8bd1-552636286362 113d3a99c3da401fbd62cc2caa5b96d2 54fadb412c4e40cdbaed9335e4c35a9e - - -] [instance: 43204226-2f87-4da7-b7ee-4d20cc66e846] Attempting claim: memory 2048 MB, disk 20 GB, vcpus 1 CPU",50d92270,nova-compute.log.1.2017-05-16_13 55 31 2017-05-16 00 05 21.240 2931 INFO nova.compute.claims [req-29a09cdb-3169-4c40-8bd1-552636286362 113d3a99c3da401fbd62cc2caa5b96d2 54fadb412c4e40cdbaed9335e4c35a9e - - -] [instance 43204226-2f87-4da7-b7ee-4d20cc66e846] Attempting claim memory 2048 MB disk 20 GB vcpus 1 CPU,[]
710,"nova-compute.log.1.2017-05-16_13:55:31
2017-05-16 00:05:21.241 2931 INFO nova.compute.claims [req-29a09cdb-3169-4c40-8bd1-552636286362 113d3a99c3da401fbd62cc2caa5b96d2 54fadb412c4e40cdbaed9335e4c35a9e - - -] [instance: 43204226-2f87-4da7-b7ee-4d20cc66e846] Total memory: 64172 MB, used: 512.00 MB",d5f27d99,nova-compute.log.1.2017-05-16_13 55 31 2017-05-16 00 05 21.241 2931 INFO nova.compute.claims [req-29a09cdb-3169-4c40-8bd1-552636286362 113d3a99c3da401fbd62cc2caa5b96d2 54fadb412c4e40cdbaed9335e4c35a9e - - -] [instance 43204226-2f87-4da7-b7ee-4d20cc66e846] Total memory 64172 MB used 512.00 MB,[]
711,"nova-compute.log.1.2017-05-16_13:55:31
2017-05-16 00:05:21.241 2931 INFO nova.compute.claims [req-29a09cdb-3169-4c40-8bd1-552636286362 113d3a99c3da401fbd62cc2caa5b96d2 54fadb412c4e40cdbaed9335e4c35a9e - - -] [instance: 43204226-2f87-4da7-b7ee-4d20cc66e846] memory limit: 96258.00 MB, free: 95746.00 MB",7519a986,nova-compute.log.1.2017-05-16_13 55 31 2017-05-16 00 05 21.241 2931 INFO nova.compute.claims [req-29a09cdb-3169-4c40-8bd1-552636286362 113d3a99c3da401fbd62cc2caa5b96d2 54fadb412c4e40cdbaed9335e4c35a9e - - -] [instance 43204226-2f87-4da7-b7ee-4d20cc66e846] memory limit 96258.00 MB free 95746.00 MB,[]
712,"nova-compute.log.1.2017-05-16_13:55:31
2017-05-16 00:05:21.242 2931 INFO nova.compute.claims [req-29a09cdb-3169-4c40-8bd1-552636286362 113d3a99c3da401fbd62cc2caa5b96d2 54fadb412c4e40cdbaed9335e4c35a9e - - -] [instance: 43204226-2f87-4da7-b7ee-4d20cc66e846] Total disk: 15 GB, used: 0.00 GB",a6b47b0e,nova-compute.log.1.2017-05-16_13 55 31 2017-05-16 00 05 21.242 2931 INFO nova.compute.claims [req-29a09cdb-3169-4c40-8bd1-552636286362 113d3a99c3da401fbd62cc2caa5b96d2 54fadb412c4e40cdbaed9335e4c35a9e - - -] [instance 43204226-2f87-4da7-b7ee-4d20cc66e846] Total disk 15 GB used 0.00 GB,[]
713,"nova-compute.log.1.2017-05-16_13:55:31
2017-05-16 00:05:21.242 2931 INFO nova.compute.claims [req-29a09cdb-3169-4c40-8bd1-552636286362 113d3a99c3da401fbd62cc2caa5b96d2 54fadb412c4e40cdbaed9335e4c35a9e - - -] [instance: 43204226-2f87-4da7-b7ee-4d20cc66e846] disk limit not specified, defaulting to unlimited",83908933,nova-compute.log.1.2017-05-16_13 55 31 2017-05-16 00 05 <*> 2931 INFO nova.compute.claims [req-29a09cdb-3169-4c40-8bd1-552636286362 113d3a99c3da401fbd62cc2caa5b96d2 54fadb412c4e40cdbaed9335e4c35a9e - - -] [instance 43204226-2f87-4da7-b7ee-4d20cc66e846] <*> limit not specified defaulting to unlimited,[]
714,"nova-compute.log.1.2017-05-16_13:55:31
2017-05-16 00:05:21.242 2931 INFO nova.compute.claims [req-29a09cdb-3169-4c40-8bd1-552636286362 113d3a99c3da401fbd62cc2caa5b96d2 54fadb412c4e40cdbaed9335e4c35a9e - - -] [instance: 43204226-2f87-4da7-b7ee-4d20cc66e846] Total vcpu: 16 VCPU, used: 0.00 VCPU",df6ffdff,nova-compute.log.1.2017-05-16_13 55 31 2017-05-16 00 05 21.242 2931 INFO nova.compute.claims [req-29a09cdb-3169-4c40-8bd1-552636286362 113d3a99c3da401fbd62cc2caa5b96d2 54fadb412c4e40cdbaed9335e4c35a9e - - -] [instance 43204226-2f87-4da7-b7ee-4d20cc66e846] Total vcpu 16 VCPU used 0.00 VCPU,[]
715,"nova-compute.log.1.2017-05-16_13:55:31
2017-05-16 00:05:21.243 2931 INFO nova.compute.claims [req-29a09cdb-3169-4c40-8bd1-552636286362 113d3a99c3da401fbd62cc2caa5b96d2 54fadb412c4e40cdbaed9335e4c35a9e - - -] [instance: 43204226-2f87-4da7-b7ee-4d20cc66e846] vcpu limit not specified, defaulting to unlimited",83908933,nova-compute.log.1.2017-05-16_13 55 31 2017-05-16 00 05 <*> 2931 INFO nova.compute.claims [req-29a09cdb-3169-4c40-8bd1-552636286362 113d3a99c3da401fbd62cc2caa5b96d2 54fadb412c4e40cdbaed9335e4c35a9e - - -] [instance 43204226-2f87-4da7-b7ee-4d20cc66e846] <*> limit not specified defaulting to unlimited,[]
716,nova-compute.log.1.2017-05-16_13:55:31
2017-05-16 00:05:21.281 2931 INFO nova.compute.claims [req-29a09cdb-3169-4c40-8bd1-552636286362 113d3a99c3da401fbd62cc2caa5b96d2 54fadb412c4e40cdbaed9335e4c35a9e - - -] [instance: 43204226-2f87-4da7-b7ee-4d20cc66e846] Claim successful,11809ccd,nova-compute.log.1.2017-05-16_13 55 31 2017-05-16 00 05 21.281 2931 INFO nova.compute.claims [req-29a09cdb-3169-4c40-8bd1-552636286362 113d3a99c3da401fbd62cc2caa5b96d2 54fadb412c4e40cdbaed9335e4c35a9e - - -] [instance 43204226-2f87-4da7-b7ee-4d20cc66e846] Claim successful,[]
717,"nova-api.log.1.2017-05-16_13:53:08
2017-05-16 00:05:21.317 25746 INFO nova.osapi_compute.wsgi.server [req-af33e530-53f7-4a12-83de-a2297101103f 113d3a99c3da401fbd62cc2caa5b96d2 54fadb412c4e40cdbaed9335e4c35a9e - - -] 10.11.10.1 ""GET /v2/54fadb412c4e40cdbaed9335e4c35a9e/servers/detail HTTP/1.1"" status: 200 len: 1575 time: 0.1883159",4161aa3c,"nova-api.log.1.2017-05-16_13 53 08 2017-05-16 00 05 21.317 25746 INFO nova.osapi_compute.wsgi.server [req-af33e530-53f7-4a12-83de-a2297101103f 113d3a99c3da401fbd62cc2caa5b96d2 54fadb412c4e40cdbaed9335e4c35a9e - - -] 10.11.10.1 ""GET /v2/54fadb412c4e40cdbaed9335e4c35a9e/servers/detail HTTP/1.1"" status 200 len 1575 time 0.1883159",[]
718,"nova-api.log.1.2017-05-16_13:53:08
2017-05-16 00:05:21.526 25746 INFO nova.osapi_compute.wsgi.server [req-c1a9a7e5-bc9c-40eb-8ec5-5a07a611b661 113d3a99c3da401fbd62cc2caa5b96d2 54fadb412c4e40cdbaed9335e4c35a9e - - -] 10.11.10.1 ""GET /v2/54fadb412c4e40cdbaed9335e4c35a9e/servers/43204226-2f87-4da7-b7ee-4d20cc66e846 HTTP/1.1"" status: 200 len: 1708 time: 0.2040591",93e35f7a,"nova-api.log.1.2017-05-16_13 53 08 2017-05-16 00 05 21.526 25746 INFO nova.osapi_compute.wsgi.server [req-c1a9a7e5-bc9c-40eb-8ec5-5a07a611b661 113d3a99c3da401fbd62cc2caa5b96d2 54fadb412c4e40cdbaed9335e4c35a9e - - -] 10.11.10.1 ""GET /v2/54fadb412c4e40cdbaed9335e4c35a9e/servers/43204226-2f87-4da7-b7ee-4d20cc66e846 HTTP/1.1"" status 200 len 1708 time 0.2040591",[]
719,nova-compute.log.1.2017-05-16_13:55:31
2017-05-16 00:05:21.867 2931 INFO nova.virt.libvirt.driver [req-29a09cdb-3169-4c40-8bd1-552636286362 113d3a99c3da401fbd62cc2caa5b96d2 54fadb412c4e40cdbaed9335e4c35a9e - - -] [instance: 43204226-2f87-4da7-b7ee-4d20cc66e846] Creating image,a7469230,nova-compute.log.1.2017-05-16_13 55 31 2017-05-16 00 05 21.867 2931 INFO nova.virt.libvirt.driver [req-29a09cdb-3169-4c40-8bd1-552636286362 113d3a99c3da401fbd62cc2caa5b96d2 54fadb412c4e40cdbaed9335e4c35a9e - - -] [instance 43204226-2f87-4da7-b7ee-4d20cc66e846] Creating image,[]
720,"nova-api.log.1.2017-05-16_13:53:08
2017-05-16 00:05:22.925 25746 INFO nova.osapi_compute.wsgi.server [req-5bb78d63-0f3e-4f7e-b545-272cd7cbe517 113d3a99c3da401fbd62cc2caa5b96d2 54fadb412c4e40cdbaed9335e4c35a9e - - -] 10.11.10.1 ""GET /v2/54fadb412c4e40cdbaed9335e4c35a9e/servers/detail HTTP/1.1"" status: 200 len: 1759 time: 0.3940661",d9a3d187,"nova-api.log.1.2017-05-16_13 53 08 2017-05-16 00 05 22.925 25746 INFO nova.osapi_compute.wsgi.server [req-5bb78d63-0f3e-4f7e-b545-272cd7cbe517 113d3a99c3da401fbd62cc2caa5b96d2 54fadb412c4e40cdbaed9335e4c35a9e - - -] 10.11.10.1 ""GET /v2/54fadb412c4e40cdbaed9335e4c35a9e/servers/detail HTTP/1.1"" status 200 len 1759 time 0.3940661",[]
721,nova-compute.log.1.2017-05-16_13:55:31
2017-05-16 00:05:23.100 2931 INFO nova.compute.manager [-] [instance: ae3a1b5d-eec1-45bb-b76a-c59d83b1471f] VM Stopped (Lifecycle Event),9c1a7868,nova-compute.log.1.2017-05-16_13 55 31 2017-05-16 00 05 23.100 2931 INFO nova.compute.manager [-] [instance ae3a1b5d-eec1-45bb-b76a-c59d83b1471f] VM Stopped (Lifecycle Event),[]
722,"nova-api.log.1.2017-05-16_13:53:08
2017-05-16 00:05:23.217 25746 INFO nova.osapi_compute.wsgi.server [req-e9c83d27-a59d-4538-a732-7dab65fb4130 113d3a99c3da401fbd62cc2caa5b96d2 54fadb412c4e40cdbaed9335e4c35a9e - - -] 10.11.10.1 ""GET /v2/54fadb412c4e40cdbaed9335e4c35a9e/servers/detail HTTP/1.1"" status: 200 len: 1759 time: 0.2882659",b4cf3005,"nova-api.log.1.2017-05-16_13 53 08 2017-05-16 00 05 23.217 25746 INFO nova.osapi_compute.wsgi.server [req-e9c83d27-a59d-4538-a732-7dab65fb4130 113d3a99c3da401fbd62cc2caa5b96d2 54fadb412c4e40cdbaed9335e4c35a9e - - -] 10.11.10.1 ""GET /v2/54fadb412c4e40cdbaed9335e4c35a9e/servers/detail HTTP/1.1"" status 200 len 1759 time 0.2882659",[]
723,"nova-api.log.1.2017-05-16_13:53:08
2017-05-16 00:05:24.498 25746 INFO nova.osapi_compute.wsgi.server [req-5c5129a0-c3fa-4de4-bd08-4cbc5d7964b9 113d3a99c3da401fbd62cc2caa5b96d2 54fadb412c4e40cdbaed9335e4c35a9e - - -] 10.11.10.1 ""GET /v2/54fadb412c4e40cdbaed9335e4c35a9e/servers/detail HTTP/1.1"" status: 200 len: 1893 time: 0.2748799",dadf1b28,"nova-api.log.1.2017-05-16_13 53 08 2017-05-16 00 05 24.498 25746 INFO nova.osapi_compute.wsgi.server [req-5c5129a0-c3fa-4de4-bd08-4cbc5d7964b9 113d3a99c3da401fbd62cc2caa5b96d2 54fadb412c4e40cdbaed9335e4c35a9e - - -] 10.11.10.1 ""GET /v2/54fadb412c4e40cdbaed9335e4c35a9e/servers/detail HTTP/1.1"" status 200 len 1893 time 0.2748799",[]
724,"nova-api.log.1.2017-05-16_13:53:08
2017-05-16 00:05:24.771 25746 INFO nova.osapi_compute.wsgi.server [req-5dc52138-28f0-4afb-95e0-7fff9d651004 113d3a99c3da401fbd62cc2caa5b96d2 54fadb412c4e40cdbaed9335e4c35a9e - - -] 10.11.10.1 ""GET /v2/54fadb412c4e40cdbaed9335e4c35a9e/servers/detail HTTP/1.1"" status: 200 len: 1893 time: 0.2686439",4fedf6c1,"nova-api.log.1.2017-05-16_13 53 08 2017-05-16 00 05 24.771 25746 INFO nova.osapi_compute.wsgi.server [req-5dc52138-28f0-4afb-95e0-7fff9d651004 113d3a99c3da401fbd62cc2caa5b96d2 54fadb412c4e40cdbaed9335e4c35a9e - - -] 10.11.10.1 ""GET /v2/54fadb412c4e40cdbaed9335e4c35a9e/servers/detail HTTP/1.1"" status 200 len 1893 time 0.2686439",[]
725,"nova-api.log.1.2017-05-16_13:53:08
2017-05-16 00:05:26.024 25746 INFO nova.osapi_compute.wsgi.server [req-efbd124c-7597-41ac-8a22-78c44eb4fcbb 113d3a99c3da401fbd62cc2caa5b96d2 54fadb412c4e40cdbaed9335e4c35a9e - - -] 10.11.10.1 ""GET /v2/54fadb412c4e40cdbaed9335e4c35a9e/servers/detail HTTP/1.1"" status: 200 len: 1893 time: 0.2458200",05855563,"nova-api.log.1.2017-05-16_13 53 08 2017-05-16 00 05 26.024 25746 INFO nova.osapi_compute.wsgi.server [req-efbd124c-7597-41ac-8a22-78c44eb4fcbb 113d3a99c3da401fbd62cc2caa5b96d2 54fadb412c4e40cdbaed9335e4c35a9e - - -] 10.11.10.1 ""GET /v2/54fadb412c4e40cdbaed9335e4c35a9e/servers/detail HTTP/1.1"" status 200 len 1893 time 0.2458200",[]
726,"nova-api.log.1.2017-05-16_13:53:08
2017-05-16 00:05:26.294 25746 INFO nova.osapi_compute.wsgi.server [req-a9fc7a8f-1f8c-4a69-90f4-5e5dc260051e 113d3a99c3da401fbd62cc2caa5b96d2 54fadb412c4e40cdbaed9335e4c35a9e - - -] 10.11.10.1 ""GET /v2/54fadb412c4e40cdbaed9335e4c35a9e/servers/detail HTTP/1.1"" status: 200 len: 1893 time: 0.2646010",407f37da,"nova-api.log.1.2017-05-16_13 53 08 2017-05-16 00 05 26.294 25746 INFO nova.osapi_compute.wsgi.server [req-a9fc7a8f-1f8c-4a69-90f4-5e5dc260051e 113d3a99c3da401fbd62cc2caa5b96d2 54fadb412c4e40cdbaed9335e4c35a9e - - -] 10.11.10.1 ""GET /v2/54fadb412c4e40cdbaed9335e4c35a9e/servers/detail HTTP/1.1"" status 200 len 1893 time 0.2646010",[]
727,"nova-api.log.1.2017-05-16_13:53:08
2017-05-16 00:05:27.562 25746 INFO nova.osapi_compute.wsgi.server [req-19db83be-773c-4b1c-8615-7f1bf20500fa 113d3a99c3da401fbd62cc2caa5b96d2 54fadb412c4e40cdbaed9335e4c35a9e - - -] 10.11.10.1 ""GET /v2/54fadb412c4e40cdbaed9335e4c35a9e/servers/detail HTTP/1.1"" status: 200 len: 1893 time: 0.2618630",33cf30a7,"nova-api.log.1.2017-05-16_13 53 08 2017-05-16 00 05 27.562 25746 INFO nova.osapi_compute.wsgi.server [req-19db83be-773c-4b1c-8615-7f1bf20500fa 113d3a99c3da401fbd62cc2caa5b96d2 54fadb412c4e40cdbaed9335e4c35a9e - - -] 10.11.10.1 ""GET /v2/54fadb412c4e40cdbaed9335e4c35a9e/servers/detail HTTP/1.1"" status 200 len 1893 time 0.2618630",[]
728,"nova-api.log.1.2017-05-16_13:53:08
2017-05-16 00:05:27.820 25746 INFO nova.osapi_compute.wsgi.server [req-777cc5b2-6b84-4afb-8ee2-a1517f1b1eae 113d3a99c3da401fbd62cc2caa5b96d2 54fadb412c4e40cdbaed9335e4c35a9e - - -] 10.11.10.1 ""GET /v2/54fadb412c4e40cdbaed9335e4c35a9e/servers/detail HTTP/1.1"" status: 200 len: 1893 time: 0.2524779",76d169a6,"nova-api.log.1.2017-05-16_13 53 08 2017-05-16 00 05 27.820 25746 INFO nova.osapi_compute.wsgi.server [req-777cc5b2-6b84-4afb-8ee2-a1517f1b1eae 113d3a99c3da401fbd62cc2caa5b96d2 54fadb412c4e40cdbaed9335e4c35a9e - - -] 10.11.10.1 ""GET /v2/54fadb412c4e40cdbaed9335e4c35a9e/servers/detail HTTP/1.1"" status 200 len 1893 time 0.2524779",[]
729,"nova-api.log.1.2017-05-16_13:53:08
2017-05-16 00:05:29.091 25746 INFO nova.osapi_compute.wsgi.server [req-15f26609-7890-441c-8de5-d04abd093485 113d3a99c3da401fbd62cc2caa5b96d2 54fadb412c4e40cdbaed9335e4c35a9e - - -] 10.11.10.1 ""GET /v2/54fadb412c4e40cdbaed9335e4c35a9e/servers/detail HTTP/1.1"" status: 200 len: 1893 time: 0.2659788",59c9973a,"nova-api.log.1.2017-05-16_13 53 08 2017-05-16 00 05 29.091 25746 INFO nova.osapi_compute.wsgi.server [req-15f26609-7890-441c-8de5-d04abd093485 113d3a99c3da401fbd62cc2caa5b96d2 54fadb412c4e40cdbaed9335e4c35a9e - - -] 10.11.10.1 ""GET /v2/54fadb412c4e40cdbaed9335e4c35a9e/servers/detail HTTP/1.1"" status 200 len 1893 time 0.2659788",[]
730,"nova-api.log.1.2017-05-16_13:53:08
2017-05-16 00:05:29.345 25746 INFO nova.osapi_compute.wsgi.server [req-8ec5e22b-e672-4e01-8b83-5e00108a6950 113d3a99c3da401fbd62cc2caa5b96d2 54fadb412c4e40cdbaed9335e4c35a9e - - -] 10.11.10.1 ""GET /v2/54fadb412c4e40cdbaed9335e4c35a9e/servers/detail HTTP/1.1"" status: 200 len: 1893 time: 0.2512300",1f4a4db2,"nova-api.log.1.2017-05-16_13 53 08 2017-05-16 00 05 29.345 25746 INFO nova.osapi_compute.wsgi.server [req-8ec5e22b-e672-4e01-8b83-5e00108a6950 113d3a99c3da401fbd62cc2caa5b96d2 54fadb412c4e40cdbaed9335e4c35a9e - - -] 10.11.10.1 ""GET /v2/54fadb412c4e40cdbaed9335e4c35a9e/servers/detail HTTP/1.1"" status 200 len 1893 time 0.2512300",[]
731,"nova-api.log.1.2017-05-16_13:53:08
